2025-11-28 17:08:43,885 - TestAutomationAPI - INFO - Starting Test Automation API...
2025-11-28 17:08:44,471 - sqlalchemy.engine.Engine - INFO - select pg_catalog.version()
2025-11-28 17:08:44,471 - sqlalchemy.engine.Engine - INFO - [raw sql] {}
2025-11-28 17:08:44,475 - sqlalchemy.engine.Engine - INFO - select current_schema()
2025-11-28 17:08:44,475 - sqlalchemy.engine.Engine - INFO - [raw sql] {}
2025-11-28 17:08:44,477 - sqlalchemy.engine.Engine - INFO - show standard_conforming_strings
2025-11-28 17:08:44,478 - sqlalchemy.engine.Engine - INFO - [raw sql] {}
2025-11-28 17:08:44,479 - sqlalchemy.engine.Engine - INFO - BEGIN (implicit)
2025-11-28 17:08:44,484 - sqlalchemy.engine.Engine - INFO - SELECT pg_catalog.pg_class.relname 
FROM pg_catalog.pg_class JOIN pg_catalog.pg_namespace ON pg_catalog.pg_namespace.oid = pg_catalog.pg_class.relnamespace 
WHERE pg_catalog.pg_class.relname = %(table_name)s AND pg_catalog.pg_class.relkind = ANY (ARRAY[%(param_1)s, %(param_2)s, %(param_3)s, %(param_4)s, %(param_5)s]) AND pg_catalog.pg_table_is_visible(pg_catalog.pg_class.oid) AND pg_catalog.pg_namespace.nspname != %(nspname_1)s
2025-11-28 17:08:44,486 - sqlalchemy.engine.Engine - INFO - [generated in 0.00151s] {'table_name': 'projects', 'param_1': 'r', 'param_2': 'p', 'param_3': 'f', 'param_4': 'v', 'param_5': 'm', 'nspname_1': 'pg_catalog'}
2025-11-28 17:08:44,495 - sqlalchemy.engine.Engine - INFO - SELECT pg_catalog.pg_class.relname 
FROM pg_catalog.pg_class JOIN pg_catalog.pg_namespace ON pg_catalog.pg_namespace.oid = pg_catalog.pg_class.relnamespace 
WHERE pg_catalog.pg_class.relname = %(table_name)s AND pg_catalog.pg_class.relkind = ANY (ARRAY[%(param_1)s, %(param_2)s, %(param_3)s, %(param_4)s, %(param_5)s]) AND pg_catalog.pg_table_is_visible(pg_catalog.pg_class.oid) AND pg_catalog.pg_namespace.nspname != %(nspname_1)s
2025-11-28 17:08:44,496 - sqlalchemy.engine.Engine - INFO - [cached since 0.01216s ago] {'table_name': 'testers', 'param_1': 'r', 'param_2': 'p', 'param_3': 'f', 'param_4': 'v', 'param_5': 'm', 'nspname_1': 'pg_catalog'}
2025-11-28 17:08:44,499 - sqlalchemy.engine.Engine - INFO - SELECT pg_catalog.pg_class.relname 
FROM pg_catalog.pg_class JOIN pg_catalog.pg_namespace ON pg_catalog.pg_namespace.oid = pg_catalog.pg_class.relnamespace 
WHERE pg_catalog.pg_class.relname = %(table_name)s AND pg_catalog.pg_class.relkind = ANY (ARRAY[%(param_1)s, %(param_2)s, %(param_3)s, %(param_4)s, %(param_5)s]) AND pg_catalog.pg_table_is_visible(pg_catalog.pg_class.oid) AND pg_catalog.pg_namespace.nspname != %(nspname_1)s
2025-11-28 17:08:44,501 - sqlalchemy.engine.Engine - INFO - [cached since 0.0166s ago] {'table_name': 'tickets', 'param_1': 'r', 'param_2': 'p', 'param_3': 'f', 'param_4': 'v', 'param_5': 'm', 'nspname_1': 'pg_catalog'}
2025-11-28 17:08:44,503 - sqlalchemy.engine.Engine - INFO - SELECT pg_catalog.pg_class.relname 
FROM pg_catalog.pg_class JOIN pg_catalog.pg_namespace ON pg_catalog.pg_namespace.oid = pg_catalog.pg_class.relnamespace 
WHERE pg_catalog.pg_class.relname = %(table_name)s AND pg_catalog.pg_class.relkind = ANY (ARRAY[%(param_1)s, %(param_2)s, %(param_3)s, %(param_4)s, %(param_5)s]) AND pg_catalog.pg_table_is_visible(pg_catalog.pg_class.oid) AND pg_catalog.pg_namespace.nspname != %(nspname_1)s
2025-11-28 17:08:44,505 - sqlalchemy.engine.Engine - INFO - [cached since 0.02025s ago] {'table_name': 'test_executions', 'param_1': 'r', 'param_2': 'p', 'param_3': 'f', 'param_4': 'v', 'param_5': 'm', 'nspname_1': 'pg_catalog'}
2025-11-28 17:08:44,506 - sqlalchemy.engine.Engine - INFO - SELECT pg_catalog.pg_class.relname 
FROM pg_catalog.pg_class JOIN pg_catalog.pg_namespace ON pg_catalog.pg_namespace.oid = pg_catalog.pg_class.relnamespace 
WHERE pg_catalog.pg_class.relname = %(table_name)s AND pg_catalog.pg_class.relkind = ANY (ARRAY[%(param_1)s, %(param_2)s, %(param_3)s, %(param_4)s, %(param_5)s]) AND pg_catalog.pg_table_is_visible(pg_catalog.pg_class.oid) AND pg_catalog.pg_namespace.nspname != %(nspname_1)s
2025-11-28 17:08:44,507 - sqlalchemy.engine.Engine - INFO - [cached since 0.02297s ago] {'table_name': 'execution_steps', 'param_1': 'r', 'param_2': 'p', 'param_3': 'f', 'param_4': 'v', 'param_5': 'm', 'nspname_1': 'pg_catalog'}
2025-11-28 17:08:44,508 - sqlalchemy.engine.Engine - INFO - SELECT pg_catalog.pg_class.relname 
FROM pg_catalog.pg_class JOIN pg_catalog.pg_namespace ON pg_catalog.pg_namespace.oid = pg_catalog.pg_class.relnamespace 
WHERE pg_catalog.pg_class.relname = %(table_name)s AND pg_catalog.pg_class.relkind = ANY (ARRAY[%(param_1)s, %(param_2)s, %(param_3)s, %(param_4)s, %(param_5)s]) AND pg_catalog.pg_table_is_visible(pg_catalog.pg_class.oid) AND pg_catalog.pg_namespace.nspname != %(nspname_1)s
2025-11-28 17:08:44,509 - sqlalchemy.engine.Engine - INFO - [cached since 0.02531s ago] {'table_name': 'project_configs', 'param_1': 'r', 'param_2': 'p', 'param_3': 'f', 'param_4': 'v', 'param_5': 'm', 'nspname_1': 'pg_catalog'}
2025-11-28 17:08:44,511 - sqlalchemy.engine.Engine - INFO - COMMIT
2025-11-28 17:08:44,511 - TestAutomationAPI - INFO - Database tables verified
2025-11-28 17:22:02,755 - sqlalchemy.engine.Engine - INFO - BEGIN (implicit)
2025-11-28 17:22:02,761 - sqlalchemy.engine.Engine - INFO - SELECT tickets.id AS tickets_id, tickets.ticket_id AS tickets_ticket_id, tickets.project_id AS tickets_project_id, tickets.title AS tickets_title, tickets.module AS tickets_module, tickets.description AS tickets_description, tickets.acceptance_criteria AS tickets_acceptance_criteria, tickets.file_path AS tickets_file_path, tickets.created_at AS tickets_created_at 
FROM tickets 
WHERE tickets.ticket_id = %(ticket_id_1)s 
 LIMIT %(param_1)s
2025-11-28 17:22:02,763 - sqlalchemy.engine.Engine - INFO - [generated in 0.00174s] {'ticket_id_1': 'RBPLCD-8001', 'param_1': 1}
2025-11-28 17:22:02,798 - TestAutomationAPI - WARNING - Could not parse steps from ticket file: name 're' is not defined
2025-11-28 17:22:02,801 - sqlalchemy.engine.Engine - INFO - ROLLBACK
2025-11-28 17:22:07,282 - sqlalchemy.engine.Engine - INFO - BEGIN (implicit)
2025-11-28 17:22:07,283 - sqlalchemy.engine.Engine - INFO - SELECT tickets.id AS tickets_id, tickets.ticket_id AS tickets_ticket_id, tickets.project_id AS tickets_project_id, tickets.title AS tickets_title, tickets.module AS tickets_module, tickets.description AS tickets_description, tickets.acceptance_criteria AS tickets_acceptance_criteria, tickets.file_path AS tickets_file_path, tickets.created_at AS tickets_created_at 
FROM tickets 
WHERE tickets.ticket_id = %(ticket_id_1)s 
 LIMIT %(param_1)s
2025-11-28 17:22:07,285 - sqlalchemy.engine.Engine - INFO - [cached since 4.524s ago] {'ticket_id_1': 'RBPLCD-8001', 'param_1': 1}
2025-11-28 17:22:07,313 - sqlalchemy.engine.Engine - INFO - INSERT INTO test_executions (execution_id, ticket_id, project_id, status, overall_status, started_at, completed_at, total_execution_time, report_path, script_path, video_path, error_message) VALUES (%(execution_id)s, %(ticket_id)s, %(project_id)s, %(status)s, %(overall_status)s, %(started_at)s, %(completed_at)s, %(total_execution_time)s, %(report_path)s, %(script_path)s, %(video_path)s, %(error_message)s) RETURNING test_executions.id
2025-11-28 17:22:07,315 - sqlalchemy.engine.Engine - INFO - [generated in 0.00187s] {'execution_id': 'rerun_RBPLCD-8001_20251128_172207', 'ticket_id': 'RBPLCD-8001', 'project_id': 1, 'status': 'pending', 'overall_status': 'UNKNOWN', 'started_at': datetime.datetime(2025, 11, 28, 17, 22, 7, 306411), 'completed_at': None, 'total_execution_time': None, 'report_path': None, 'script_path': None, 'video_path': None, 'error_message': None}
2025-11-28 17:22:07,335 - sqlalchemy.engine.Engine - INFO - COMMIT
2025-11-28 17:22:07,341 - sqlalchemy.engine.Engine - INFO - BEGIN (implicit)
2025-11-28 17:22:07,347 - sqlalchemy.engine.Engine - INFO - SELECT test_executions.id, test_executions.execution_id, test_executions.ticket_id, test_executions.project_id, test_executions.status, test_executions.overall_status, test_executions.started_at, test_executions.completed_at, test_executions.total_execution_time, test_executions.report_path, test_executions.script_path, test_executions.video_path, test_executions.error_message 
FROM test_executions 
WHERE test_executions.id = %(pk_1)s
2025-11-28 17:22:07,349 - sqlalchemy.engine.Engine - INFO - [generated in 0.00208s] {'pk_1': 157}
2025-11-28 17:22:07,374 - sqlalchemy.engine.Engine - INFO - SELECT tickets.id AS tickets_id, tickets.ticket_id AS tickets_ticket_id, tickets.project_id AS tickets_project_id, tickets.title AS tickets_title, tickets.module AS tickets_module, tickets.description AS tickets_description, tickets.acceptance_criteria AS tickets_acceptance_criteria, tickets.file_path AS tickets_file_path, tickets.created_at AS tickets_created_at 
FROM tickets 
WHERE tickets.id = %(pk_1)s
2025-11-28 17:22:07,375 - sqlalchemy.engine.Engine - INFO - [generated in 0.00168s] {'pk_1': 9}
2025-11-28 17:22:07,380 - TestAutomationAPI - INFO - ======================================================================
2025-11-28 17:22:07,440 - TestAutomationAPI - INFO -    Execution ID: rerun_RBPLCD-8001_20251128_172207
2025-11-28 17:22:07,441 - TestAutomationAPI - INFO -    Ticket ID: RBPLCD-8001
2025-11-28 17:22:07,442 - TestAutomationAPI - INFO -    Script: C:\Idea Projects\AI_TEST_17_Nov\AI_Test_Assist\Generated_Scripts\RBPLCD-8001_20251127_154251_test.py
2025-11-28 17:22:07,443 - TestAutomationAPI - INFO -    Started at: 2025-11-28T17:22:07.442986
2025-11-28 17:22:07,443 - TestAutomationAPI - INFO - ======================================================================
2025-11-28 17:22:07,534 - sqlalchemy.engine.Engine - INFO - BEGIN (implicit)
2025-11-28 17:22:07,538 - sqlalchemy.engine.Engine - INFO - SELECT test_executions.id AS test_executions_id, test_executions.execution_id AS test_executions_execution_id, test_executions.ticket_id AS test_executions_ticket_id, test_executions.project_id AS test_executions_project_id, test_executions.status AS test_executions_status, test_executions.overall_status AS test_executions_overall_status, test_executions.started_at AS test_executions_started_at, test_executions.completed_at AS test_executions_completed_at, test_executions.total_execution_time AS test_executions_total_execution_time, test_executions.report_path AS test_executions_report_path, test_executions.script_path AS test_executions_script_path, test_executions.video_path AS test_executions_video_path, test_executions.error_message AS test_executions_error_message 
FROM test_executions 
WHERE test_executions.execution_id = %(execution_id_1)s 
 LIMIT %(param_1)s
2025-11-28 17:22:07,541 - sqlalchemy.engine.Engine - INFO - [generated in 0.00277s] {'execution_id_1': 'rerun_RBPLCD-8001_20251128_172207', 'param_1': 1}
2025-11-28 17:22:07,555 - sqlalchemy.engine.Engine - INFO - UPDATE test_executions SET status=%(status)s WHERE test_executions.id = %(test_executions_id)s
2025-11-28 17:22:07,557 - sqlalchemy.engine.Engine - INFO - [generated in 0.00226s] {'status': 'running', 'test_executions_id': 157}
2025-11-28 17:22:07,563 - sqlalchemy.engine.Engine - INFO - COMMIT
2025-11-28 17:22:07,757 - TestAutomationAPI - WARNING - STDERR:
Traceback (most recent call last):
  File "C:\Idea Projects\AI_TEST_17_Nov\AI_Test_Assist\Generated_Scripts\RBPLCD-8001_20251127_154251_test.py", line 8, in <module>
    import pytest
ModuleNotFoundError: No module named 'pytest'

2025-11-28 17:22:07,891 - sqlalchemy.engine.Engine - INFO - BEGIN (implicit)
2025-11-28 17:22:07,895 - sqlalchemy.engine.Engine - INFO - SELECT test_executions.id AS test_executions_id, test_executions.execution_id AS test_executions_execution_id, test_executions.ticket_id AS test_executions_ticket_id, test_executions.project_id AS test_executions_project_id, test_executions.started_at AS test_executions_started_at, test_executions.total_execution_time AS test_executions_total_execution_time 
FROM test_executions 
WHERE test_executions.id = %(pk_1)s
2025-11-28 17:22:07,896 - sqlalchemy.engine.Engine - INFO - [generated in 0.00194s] {'pk_1': 157}
2025-11-28 17:22:07,900 - sqlalchemy.engine.Engine - INFO - UPDATE test_executions SET status=%(status)s, overall_status=%(overall_status)s, completed_at=%(completed_at)s, report_path=%(report_path)s, script_path=%(script_path)s, video_path=%(video_path)s, error_message=%(error_message)s WHERE test_executions.id = %(test_executions_id)s
2025-11-28 17:22:07,902 - sqlalchemy.engine.Engine - INFO - [generated in 0.00224s] {'status': 'completed', 'overall_status': 'FAILED', 'completed_at': datetime.datetime(2025, 11, 28, 17, 22, 7, 890470), 'report_path': 'C:\\Users\\ENZ1KOR\\PLCD_TA_Team\\PLCD_TA_Team\\Reports\\RBPLCD-8001_20251128_165539_report.html', 'script_path': 'C:\\Users\\ENZ1KOR\\PLCD_TA_Team\\PLCD_TA_Team\\Generated_Scripts\\RBPLCD-8001_20251127_154251_test.py', 'video_path': 'C:\\Users\\ENZ1KOR\\PLCD_TA_Team\\PLCD_TA_Team\\Videos\\a5148d2fae90e8476eb29121efce3a48.webm', 'error_message': None, 'test_executions_id': 157}
2025-11-28 17:22:07,908 - sqlalchemy.engine.Engine - INFO - COMMIT
2025-11-28 17:22:07,911 - TestAutomationAPI - INFO - ======================================================================
2025-11-28 17:22:07,923 - TestAutomationAPI - INFO -    Execution ID: rerun_RBPLCD-8001_20251128_172207
2025-11-28 17:22:07,924 - TestAutomationAPI - INFO -    Overall Status: FAILED
2025-11-28 17:22:07,948 - TestAutomationAPI - INFO -    Completed at: 2025-11-28T17:22:07.948104
2025-11-28 17:22:07,949 - TestAutomationAPI - INFO - ======================================================================
2025-11-28 17:22:07,969 - TestAutomationAPI - INFO - 
2025-11-28 17:22:07,972 - sqlalchemy.engine.Engine - INFO - ROLLBACK
2025-11-28 17:22:10,398 - sqlalchemy.engine.Engine - INFO - BEGIN (implicit)
2025-11-28 17:22:10,399 - sqlalchemy.engine.Engine - INFO - SELECT test_executions.id AS test_executions_id, test_executions.execution_id AS test_executions_execution_id, test_executions.ticket_id AS test_executions_ticket_id, test_executions.project_id AS test_executions_project_id, test_executions.status AS test_executions_status, test_executions.overall_status AS test_executions_overall_status, test_executions.started_at AS test_executions_started_at, test_executions.completed_at AS test_executions_completed_at, test_executions.total_execution_time AS test_executions_total_execution_time, test_executions.report_path AS test_executions_report_path, test_executions.script_path AS test_executions_script_path, test_executions.video_path AS test_executions_video_path, test_executions.error_message AS test_executions_error_message 
FROM test_executions 
WHERE test_executions.execution_id = %(execution_id_1)s 
 LIMIT %(param_1)s
2025-11-28 17:22:10,402 - sqlalchemy.engine.Engine - INFO - [cached since 2.863s ago] {'execution_id_1': 'rerun_RBPLCD-8001_20251128_172207', 'param_1': 1}
2025-11-28 17:22:10,417 - sqlalchemy.engine.Engine - INFO - SELECT count(*) AS count_1 
FROM (SELECT execution_steps.id AS execution_steps_id, execution_steps.execution_id AS execution_steps_execution_id, execution_steps.step_num AS execution_steps_step_num, execution_steps.step_text AS execution_steps_step_text, execution_steps.status AS execution_steps_status, execution_steps.selector_used AS execution_steps_selector_used, execution_steps.level_used AS execution_steps_level_used, execution_steps.confidence AS execution_steps_confidence, execution_steps.execution_time AS execution_steps_execution_time, execution_steps.screenshot_before AS execution_steps_screenshot_before, execution_steps.screenshot_after AS execution_steps_screenshot_after, execution_steps.error_message AS execution_steps_error_message, execution_steps.created_at AS execution_steps_created_at 
FROM execution_steps 
WHERE execution_steps.execution_id = %(execution_id_1)s) AS anon_1
2025-11-28 17:22:10,419 - sqlalchemy.engine.Engine - INFO - [generated in 0.00281s] {'execution_id_1': 'rerun_RBPLCD-8001_20251128_172207'}
2025-11-28 17:22:10,437 - sqlalchemy.engine.Engine - INFO - SELECT count(*) AS count_1 
FROM (SELECT execution_steps.id AS execution_steps_id, execution_steps.execution_id AS execution_steps_execution_id, execution_steps.step_num AS execution_steps_step_num, execution_steps.step_text AS execution_steps_step_text, execution_steps.status AS execution_steps_status, execution_steps.selector_used AS execution_steps_selector_used, execution_steps.level_used AS execution_steps_level_used, execution_steps.confidence AS execution_steps_confidence, execution_steps.execution_time AS execution_steps_execution_time, execution_steps.screenshot_before AS execution_steps_screenshot_before, execution_steps.screenshot_after AS execution_steps_screenshot_after, execution_steps.error_message AS execution_steps_error_message, execution_steps.created_at AS execution_steps_created_at 
FROM execution_steps 
WHERE execution_steps.execution_id = %(execution_id_1)s AND execution_steps.status IN (%(status_1_1)s, %(status_1_2)s)) AS anon_1
2025-11-28 17:22:10,441 - sqlalchemy.engine.Engine - INFO - [generated in 0.00322s] {'execution_id_1': 'rerun_RBPLCD-8001_20251128_172207', 'status_1_1': 'PASSED', 'status_1_2': 'FAILED'}
2025-11-28 17:22:10,445 - sqlalchemy.engine.Engine - INFO - ROLLBACK
2025-11-28 18:03:37,313 - sqlalchemy.engine.Engine - INFO - BEGIN (implicit)
2025-11-28 18:03:37,314 - sqlalchemy.engine.Engine - INFO - SELECT tickets.id AS tickets_id, tickets.ticket_id AS tickets_ticket_id, tickets.project_id AS tickets_project_id, tickets.title AS tickets_title, tickets.module AS tickets_module, tickets.description AS tickets_description, tickets.acceptance_criteria AS tickets_acceptance_criteria, tickets.file_path AS tickets_file_path, tickets.created_at AS tickets_created_at 
FROM tickets 
WHERE tickets.ticket_id = %(ticket_id_1)s 
 LIMIT %(param_1)s
2025-11-28 18:03:37,314 - sqlalchemy.engine.Engine - INFO - [cached since 2494s ago] {'ticket_id_1': 'RBPLCD-8002', 'param_1': 1}
2025-11-28 18:03:37,339 - TestAutomationAPI - WARNING - Could not parse steps from ticket file: name 're' is not defined
2025-11-28 18:03:37,341 - sqlalchemy.engine.Engine - INFO - ROLLBACK
2025-11-28 18:03:40,792 - sqlalchemy.engine.Engine - INFO - BEGIN (implicit)
2025-11-28 18:03:40,792 - sqlalchemy.engine.Engine - INFO - SELECT tickets.id AS tickets_id, tickets.ticket_id AS tickets_ticket_id, tickets.project_id AS tickets_project_id, tickets.title AS tickets_title, tickets.module AS tickets_module, tickets.description AS tickets_description, tickets.acceptance_criteria AS tickets_acceptance_criteria, tickets.file_path AS tickets_file_path, tickets.created_at AS tickets_created_at 
FROM tickets 
WHERE tickets.ticket_id = %(ticket_id_1)s 
 LIMIT %(param_1)s
2025-11-28 18:03:40,793 - sqlalchemy.engine.Engine - INFO - [cached since 2498s ago] {'ticket_id_1': 'RBPLCD-8002', 'param_1': 1}
2025-11-28 18:03:40,809 - sqlalchemy.engine.Engine - INFO - INSERT INTO test_executions (execution_id, ticket_id, project_id, status, overall_status, started_at, completed_at, total_execution_time, report_path, script_path, video_path, error_message) VALUES (%(execution_id)s, %(ticket_id)s, %(project_id)s, %(status)s, %(overall_status)s, %(started_at)s, %(completed_at)s, %(total_execution_time)s, %(report_path)s, %(script_path)s, %(video_path)s, %(error_message)s) RETURNING test_executions.id
2025-11-28 18:03:40,811 - sqlalchemy.engine.Engine - INFO - [cached since 2493s ago] {'execution_id': 'rerun_RBPLCD-8002_20251128_180340', 'ticket_id': 'RBPLCD-8002', 'project_id': 1, 'status': 'pending', 'overall_status': 'UNKNOWN', 'started_at': datetime.datetime(2025, 11, 28, 18, 3, 40, 809590), 'completed_at': None, 'total_execution_time': None, 'report_path': None, 'script_path': None, 'video_path': None, 'error_message': None}
2025-11-28 18:03:40,815 - sqlalchemy.engine.Engine - INFO - COMMIT
2025-11-28 18:03:40,817 - sqlalchemy.engine.Engine - INFO - BEGIN (implicit)
2025-11-28 18:03:40,818 - sqlalchemy.engine.Engine - INFO - SELECT test_executions.id, test_executions.execution_id, test_executions.ticket_id, test_executions.project_id, test_executions.status, test_executions.overall_status, test_executions.started_at, test_executions.completed_at, test_executions.total_execution_time, test_executions.report_path, test_executions.script_path, test_executions.video_path, test_executions.error_message 
FROM test_executions 
WHERE test_executions.id = %(pk_1)s
2025-11-28 18:03:40,819 - sqlalchemy.engine.Engine - INFO - [cached since 2493s ago] {'pk_1': 158}
2025-11-28 18:03:40,828 - sqlalchemy.engine.Engine - INFO - SELECT tickets.id AS tickets_id, tickets.ticket_id AS tickets_ticket_id, tickets.project_id AS tickets_project_id, tickets.title AS tickets_title, tickets.module AS tickets_module, tickets.description AS tickets_description, tickets.acceptance_criteria AS tickets_acceptance_criteria, tickets.file_path AS tickets_file_path, tickets.created_at AS tickets_created_at 
FROM tickets 
WHERE tickets.id = %(pk_1)s
2025-11-28 18:03:40,829 - sqlalchemy.engine.Engine - INFO - [cached since 2493s ago] {'pk_1': 6}
2025-11-28 18:03:40,831 - TestAutomationAPI - INFO - ======================================================================
2025-11-28 18:03:40,833 - TestAutomationAPI - INFO -    Execution ID: rerun_RBPLCD-8002_20251128_180340
2025-11-28 18:03:40,834 - TestAutomationAPI - INFO -    Ticket ID: RBPLCD-8002
2025-11-28 18:03:40,834 - TestAutomationAPI - INFO -    Script: C:\Idea Projects\AI_TEST_17_Nov\AI_Test_Assist\Generated_Scripts\RBPLCD-8002_20251124_150713_test.py
2025-11-28 18:03:40,834 - TestAutomationAPI - INFO -    Started at: 2025-11-28T18:03:40.834757
2025-11-28 18:03:40,834 - TestAutomationAPI - INFO - ======================================================================
2025-11-28 18:03:40,835 - sqlalchemy.engine.Engine - INFO - BEGIN (implicit)
2025-11-28 18:03:40,836 - sqlalchemy.engine.Engine - INFO - SELECT test_executions.id AS test_executions_id, test_executions.execution_id AS test_executions_execution_id, test_executions.ticket_id AS test_executions_ticket_id, test_executions.project_id AS test_executions_project_id, test_executions.status AS test_executions_status, test_executions.overall_status AS test_executions_overall_status, test_executions.started_at AS test_executions_started_at, test_executions.completed_at AS test_executions_completed_at, test_executions.total_execution_time AS test_executions_total_execution_time, test_executions.report_path AS test_executions_report_path, test_executions.script_path AS test_executions_script_path, test_executions.video_path AS test_executions_video_path, test_executions.error_message AS test_executions_error_message 
FROM test_executions 
WHERE test_executions.execution_id = %(execution_id_1)s 
 LIMIT %(param_1)s
2025-11-28 18:03:40,839 - sqlalchemy.engine.Engine - INFO - [cached since 2493s ago] {'execution_id_1': 'rerun_RBPLCD-8002_20251128_180340', 'param_1': 1}
2025-11-28 18:03:40,841 - sqlalchemy.engine.Engine - INFO - UPDATE test_executions SET status=%(status)s WHERE test_executions.id = %(test_executions_id)s
2025-11-28 18:03:40,842 - sqlalchemy.engine.Engine - INFO - [cached since 2493s ago] {'status': 'running', 'test_executions_id': 158}
2025-11-28 18:03:40,844 - sqlalchemy.engine.Engine - INFO - COMMIT
2025-11-28 18:03:41,001 - TestAutomationAPI - WARNING - STDERR:
Traceback (most recent call last):
  File "C:\Idea Projects\AI_TEST_17_Nov\AI_Test_Assist\Generated_Scripts\RBPLCD-8002_20251124_150713_test.py", line 8, in <module>
    import pytest
ModuleNotFoundError: No module named 'pytest'

2025-11-28 18:03:41,051 - sqlalchemy.engine.Engine - INFO - BEGIN (implicit)
2025-11-28 18:03:41,052 - sqlalchemy.engine.Engine - INFO - SELECT test_executions.id AS test_executions_id, test_executions.execution_id AS test_executions_execution_id, test_executions.ticket_id AS test_executions_ticket_id, test_executions.project_id AS test_executions_project_id, test_executions.started_at AS test_executions_started_at, test_executions.total_execution_time AS test_executions_total_execution_time 
FROM test_executions 
WHERE test_executions.id = %(pk_1)s
2025-11-28 18:03:41,053 - sqlalchemy.engine.Engine - INFO - [cached since 2493s ago] {'pk_1': 158}
2025-11-28 18:03:41,055 - sqlalchemy.engine.Engine - INFO - UPDATE test_executions SET status=%(status)s, overall_status=%(overall_status)s, completed_at=%(completed_at)s, report_path=%(report_path)s, script_path=%(script_path)s, video_path=%(video_path)s, error_message=%(error_message)s WHERE test_executions.id = %(test_executions_id)s
2025-11-28 18:03:41,055 - sqlalchemy.engine.Engine - INFO - [cached since 2493s ago] {'status': 'completed', 'overall_status': 'FAILED', 'completed_at': datetime.datetime(2025, 11, 28, 18, 3, 41, 50876), 'report_path': 'C:\\Users\\ENZ1KOR\\PLCD_TA_Team\\PLCD_TA_Team\\Reports\\RBPLCD-8002_20251124_150713_report.html', 'script_path': 'C:\\Users\\ENZ1KOR\\PLCD_TA_Team\\PLCD_TA_Team\\Generated_Scripts\\RBPLCD-8002_20251124_150713_test.py', 'video_path': 'C:\\Users\\ENZ1KOR\\PLCD_TA_Team\\PLCD_TA_Team\\Videos\\a5148d2fae90e8476eb29121efce3a48.webm', 'error_message': None, 'test_executions_id': 158}
2025-11-28 18:03:41,057 - sqlalchemy.engine.Engine - INFO - COMMIT
2025-11-28 18:03:41,058 - TestAutomationAPI - INFO - ======================================================================
2025-11-28 18:03:41,061 - TestAutomationAPI - INFO -    Execution ID: rerun_RBPLCD-8002_20251128_180340
2025-11-28 18:03:41,063 - TestAutomationAPI - INFO -    Overall Status: FAILED
2025-11-28 18:03:41,072 - TestAutomationAPI - INFO -    Completed at: 2025-11-28T18:03:41.072211
2025-11-28 18:03:41,073 - TestAutomationAPI - INFO - ======================================================================
2025-11-28 18:03:41,076 - TestAutomationAPI - INFO - 
2025-11-28 18:03:41,077 - sqlalchemy.engine.Engine - INFO - ROLLBACK
2025-11-28 18:03:43,839 - sqlalchemy.engine.Engine - INFO - BEGIN (implicit)
2025-11-28 18:03:43,840 - sqlalchemy.engine.Engine - INFO - SELECT test_executions.id AS test_executions_id, test_executions.execution_id AS test_executions_execution_id, test_executions.ticket_id AS test_executions_ticket_id, test_executions.project_id AS test_executions_project_id, test_executions.status AS test_executions_status, test_executions.overall_status AS test_executions_overall_status, test_executions.started_at AS test_executions_started_at, test_executions.completed_at AS test_executions_completed_at, test_executions.total_execution_time AS test_executions_total_execution_time, test_executions.report_path AS test_executions_report_path, test_executions.script_path AS test_executions_script_path, test_executions.video_path AS test_executions_video_path, test_executions.error_message AS test_executions_error_message 
FROM test_executions 
WHERE test_executions.execution_id = %(execution_id_1)s 
 LIMIT %(param_1)s
2025-11-28 18:03:43,841 - sqlalchemy.engine.Engine - INFO - [cached since 2496s ago] {'execution_id_1': 'rerun_RBPLCD-8002_20251128_180340', 'param_1': 1}
2025-11-28 18:03:43,844 - sqlalchemy.engine.Engine - INFO - SELECT count(*) AS count_1 
FROM (SELECT execution_steps.id AS execution_steps_id, execution_steps.execution_id AS execution_steps_execution_id, execution_steps.step_num AS execution_steps_step_num, execution_steps.step_text AS execution_steps_step_text, execution_steps.status AS execution_steps_status, execution_steps.selector_used AS execution_steps_selector_used, execution_steps.level_used AS execution_steps_level_used, execution_steps.confidence AS execution_steps_confidence, execution_steps.execution_time AS execution_steps_execution_time, execution_steps.screenshot_before AS execution_steps_screenshot_before, execution_steps.screenshot_after AS execution_steps_screenshot_after, execution_steps.error_message AS execution_steps_error_message, execution_steps.created_at AS execution_steps_created_at 
FROM execution_steps 
WHERE execution_steps.execution_id = %(execution_id_1)s) AS anon_1
2025-11-28 18:03:43,846 - sqlalchemy.engine.Engine - INFO - [cached since 2493s ago] {'execution_id_1': 'rerun_RBPLCD-8002_20251128_180340'}
2025-11-28 18:03:43,849 - sqlalchemy.engine.Engine - INFO - SELECT count(*) AS count_1 
FROM (SELECT execution_steps.id AS execution_steps_id, execution_steps.execution_id AS execution_steps_execution_id, execution_steps.step_num AS execution_steps_step_num, execution_steps.step_text AS execution_steps_step_text, execution_steps.status AS execution_steps_status, execution_steps.selector_used AS execution_steps_selector_used, execution_steps.level_used AS execution_steps_level_used, execution_steps.confidence AS execution_steps_confidence, execution_steps.execution_time AS execution_steps_execution_time, execution_steps.screenshot_before AS execution_steps_screenshot_before, execution_steps.screenshot_after AS execution_steps_screenshot_after, execution_steps.error_message AS execution_steps_error_message, execution_steps.created_at AS execution_steps_created_at 
FROM execution_steps 
WHERE execution_steps.execution_id = %(execution_id_1)s AND execution_steps.status IN (%(status_1_1)s, %(status_1_2)s)) AS anon_1
2025-11-28 18:03:43,851 - sqlalchemy.engine.Engine - INFO - [cached since 2493s ago] {'execution_id_1': 'rerun_RBPLCD-8002_20251128_180340', 'status_1_1': 'PASSED', 'status_1_2': 'FAILED'}
2025-11-28 18:03:43,854 - sqlalchemy.engine.Engine - INFO - ROLLBACK
2025-11-28 18:04:17,839 - sqlalchemy.engine.Engine - INFO - BEGIN (implicit)
2025-11-28 18:04:17,841 - sqlalchemy.engine.Engine - INFO - SELECT tickets.id AS tickets_id, tickets.ticket_id AS tickets_ticket_id, tickets.project_id AS tickets_project_id, tickets.title AS tickets_title, tickets.module AS tickets_module, tickets.description AS tickets_description, tickets.acceptance_criteria AS tickets_acceptance_criteria, tickets.file_path AS tickets_file_path, tickets.created_at AS tickets_created_at 
FROM tickets 
WHERE tickets.ticket_id = %(ticket_id_1)s 
 LIMIT %(param_1)s
2025-11-28 18:04:17,842 - sqlalchemy.engine.Engine - INFO - [cached since 2535s ago] {'ticket_id_1': 'RBPLCD-8001', 'param_1': 1}
2025-11-28 18:04:17,857 - TestAutomationAPI - WARNING - Could not parse steps from ticket file: name 're' is not defined
2025-11-28 18:04:17,859 - sqlalchemy.engine.Engine - INFO - ROLLBACK
2025-11-28 18:04:19,488 - sqlalchemy.engine.Engine - INFO - BEGIN (implicit)
2025-11-28 18:04:19,490 - sqlalchemy.engine.Engine - INFO - SELECT tickets.id AS tickets_id, tickets.ticket_id AS tickets_ticket_id, tickets.project_id AS tickets_project_id, tickets.title AS tickets_title, tickets.module AS tickets_module, tickets.description AS tickets_description, tickets.acceptance_criteria AS tickets_acceptance_criteria, tickets.file_path AS tickets_file_path, tickets.created_at AS tickets_created_at 
FROM tickets 
WHERE tickets.ticket_id = %(ticket_id_1)s 
 LIMIT %(param_1)s
2025-11-28 18:04:19,492 - sqlalchemy.engine.Engine - INFO - [cached since 2537s ago] {'ticket_id_1': 'RBPLCD-8001', 'param_1': 1}
2025-11-28 18:04:19,503 - sqlalchemy.engine.Engine - INFO - INSERT INTO test_executions (execution_id, ticket_id, project_id, status, overall_status, started_at, completed_at, total_execution_time, report_path, script_path, video_path, error_message) VALUES (%(execution_id)s, %(ticket_id)s, %(project_id)s, %(status)s, %(overall_status)s, %(started_at)s, %(completed_at)s, %(total_execution_time)s, %(report_path)s, %(script_path)s, %(video_path)s, %(error_message)s) RETURNING test_executions.id
2025-11-28 18:04:19,504 - sqlalchemy.engine.Engine - INFO - [cached since 2532s ago] {'execution_id': 'rerun_RBPLCD-8001_20251128_180419', 'ticket_id': 'RBPLCD-8001', 'project_id': 1, 'status': 'pending', 'overall_status': 'UNKNOWN', 'started_at': datetime.datetime(2025, 11, 28, 18, 4, 19, 502646), 'completed_at': None, 'total_execution_time': None, 'report_path': None, 'script_path': None, 'video_path': None, 'error_message': None}
2025-11-28 18:04:19,506 - sqlalchemy.engine.Engine - INFO - COMMIT
2025-11-28 18:04:19,516 - sqlalchemy.engine.Engine - INFO - BEGIN (implicit)
2025-11-28 18:04:19,516 - sqlalchemy.engine.Engine - INFO - SELECT test_executions.id, test_executions.execution_id, test_executions.ticket_id, test_executions.project_id, test_executions.status, test_executions.overall_status, test_executions.started_at, test_executions.completed_at, test_executions.total_execution_time, test_executions.report_path, test_executions.script_path, test_executions.video_path, test_executions.error_message 
FROM test_executions 
WHERE test_executions.id = %(pk_1)s
2025-11-28 18:04:19,517 - sqlalchemy.engine.Engine - INFO - [cached since 2532s ago] {'pk_1': 159}
2025-11-28 18:04:19,526 - sqlalchemy.engine.Engine - INFO - SELECT tickets.id AS tickets_id, tickets.ticket_id AS tickets_ticket_id, tickets.project_id AS tickets_project_id, tickets.title AS tickets_title, tickets.module AS tickets_module, tickets.description AS tickets_description, tickets.acceptance_criteria AS tickets_acceptance_criteria, tickets.file_path AS tickets_file_path, tickets.created_at AS tickets_created_at 
FROM tickets 
WHERE tickets.id = %(pk_1)s
2025-11-28 18:04:19,527 - sqlalchemy.engine.Engine - INFO - [cached since 2532s ago] {'pk_1': 9}
2025-11-28 18:04:19,529 - TestAutomationAPI - INFO - ======================================================================
2025-11-28 18:04:19,533 - TestAutomationAPI - INFO -    Execution ID: rerun_RBPLCD-8001_20251128_180419
2025-11-28 18:04:19,533 - TestAutomationAPI - INFO -    Ticket ID: RBPLCD-8001
2025-11-28 18:04:19,533 - TestAutomationAPI - INFO -    Script: C:\Idea Projects\AI_TEST_17_Nov\AI_Test_Assist\Generated_Scripts\RBPLCD-8001_20251127_154251_test.py
2025-11-28 18:04:19,533 - TestAutomationAPI - INFO -    Started at: 2025-11-28T18:04:19.533490
2025-11-28 18:04:19,533 - TestAutomationAPI - INFO - ======================================================================
2025-11-28 18:04:19,534 - sqlalchemy.engine.Engine - INFO - BEGIN (implicit)
2025-11-28 18:04:19,535 - sqlalchemy.engine.Engine - INFO - SELECT test_executions.id AS test_executions_id, test_executions.execution_id AS test_executions_execution_id, test_executions.ticket_id AS test_executions_ticket_id, test_executions.project_id AS test_executions_project_id, test_executions.status AS test_executions_status, test_executions.overall_status AS test_executions_overall_status, test_executions.started_at AS test_executions_started_at, test_executions.completed_at AS test_executions_completed_at, test_executions.total_execution_time AS test_executions_total_execution_time, test_executions.report_path AS test_executions_report_path, test_executions.script_path AS test_executions_script_path, test_executions.video_path AS test_executions_video_path, test_executions.error_message AS test_executions_error_message 
FROM test_executions 
WHERE test_executions.execution_id = %(execution_id_1)s 
 LIMIT %(param_1)s
2025-11-28 18:04:19,536 - sqlalchemy.engine.Engine - INFO - [cached since 2532s ago] {'execution_id_1': 'rerun_RBPLCD-8001_20251128_180419', 'param_1': 1}
2025-11-28 18:04:19,538 - sqlalchemy.engine.Engine - INFO - UPDATE test_executions SET status=%(status)s WHERE test_executions.id = %(test_executions_id)s
2025-11-28 18:04:19,538 - sqlalchemy.engine.Engine - INFO - [cached since 2532s ago] {'status': 'running', 'test_executions_id': 159}
2025-11-28 18:04:19,540 - sqlalchemy.engine.Engine - INFO - COMMIT
2025-11-28 18:04:19,619 - TestAutomationAPI - WARNING - STDERR:
Traceback (most recent call last):
  File "C:\Idea Projects\AI_TEST_17_Nov\AI_Test_Assist\Generated_Scripts\RBPLCD-8001_20251127_154251_test.py", line 8, in <module>
    import pytest
ModuleNotFoundError: No module named 'pytest'

2025-11-28 18:04:19,669 - sqlalchemy.engine.Engine - INFO - BEGIN (implicit)
2025-11-28 18:04:19,671 - sqlalchemy.engine.Engine - INFO - SELECT test_executions.id AS test_executions_id, test_executions.execution_id AS test_executions_execution_id, test_executions.ticket_id AS test_executions_ticket_id, test_executions.project_id AS test_executions_project_id, test_executions.started_at AS test_executions_started_at, test_executions.total_execution_time AS test_executions_total_execution_time 
FROM test_executions 
WHERE test_executions.id = %(pk_1)s
2025-11-28 18:04:19,672 - sqlalchemy.engine.Engine - INFO - [cached since 2532s ago] {'pk_1': 159}
2025-11-28 18:04:19,673 - sqlalchemy.engine.Engine - INFO - UPDATE test_executions SET status=%(status)s, overall_status=%(overall_status)s, completed_at=%(completed_at)s, report_path=%(report_path)s, script_path=%(script_path)s, video_path=%(video_path)s, error_message=%(error_message)s WHERE test_executions.id = %(test_executions_id)s
2025-11-28 18:04:19,674 - sqlalchemy.engine.Engine - INFO - [cached since 2532s ago] {'status': 'completed', 'overall_status': 'FAILED', 'completed_at': datetime.datetime(2025, 11, 28, 18, 4, 19, 668899), 'report_path': 'C:\\Users\\ENZ1KOR\\PLCD_TA_Team\\PLCD_TA_Team\\Reports\\RBPLCD-8001_20251128_165539_report.html', 'script_path': 'C:\\Users\\ENZ1KOR\\PLCD_TA_Team\\PLCD_TA_Team\\Generated_Scripts\\RBPLCD-8001_20251127_154251_test.py', 'video_path': 'C:\\Users\\ENZ1KOR\\PLCD_TA_Team\\PLCD_TA_Team\\Videos\\a5148d2fae90e8476eb29121efce3a48.webm', 'error_message': None, 'test_executions_id': 159}
2025-11-28 18:04:19,678 - sqlalchemy.engine.Engine - INFO - COMMIT
2025-11-28 18:04:19,679 - TestAutomationAPI - INFO - ======================================================================
2025-11-28 18:04:19,683 - TestAutomationAPI - INFO -    Execution ID: rerun_RBPLCD-8001_20251128_180419
2025-11-28 18:04:19,684 - TestAutomationAPI - INFO -    Overall Status: FAILED
2025-11-28 18:04:19,699 - TestAutomationAPI - INFO -    Completed at: 2025-11-28T18:04:19.699695
2025-11-28 18:04:19,699 - TestAutomationAPI - INFO - ======================================================================
2025-11-28 18:04:19,704 - TestAutomationAPI - INFO - 
2025-11-28 18:04:19,706 - sqlalchemy.engine.Engine - INFO - ROLLBACK
2025-11-28 18:04:22,539 - sqlalchemy.engine.Engine - INFO - BEGIN (implicit)
2025-11-28 18:04:22,539 - sqlalchemy.engine.Engine - INFO - SELECT test_executions.id AS test_executions_id, test_executions.execution_id AS test_executions_execution_id, test_executions.ticket_id AS test_executions_ticket_id, test_executions.project_id AS test_executions_project_id, test_executions.status AS test_executions_status, test_executions.overall_status AS test_executions_overall_status, test_executions.started_at AS test_executions_started_at, test_executions.completed_at AS test_executions_completed_at, test_executions.total_execution_time AS test_executions_total_execution_time, test_executions.report_path AS test_executions_report_path, test_executions.script_path AS test_executions_script_path, test_executions.video_path AS test_executions_video_path, test_executions.error_message AS test_executions_error_message 
FROM test_executions 
WHERE test_executions.execution_id = %(execution_id_1)s 
 LIMIT %(param_1)s
2025-11-28 18:04:22,540 - sqlalchemy.engine.Engine - INFO - [cached since 2535s ago] {'execution_id_1': 'rerun_RBPLCD-8001_20251128_180419', 'param_1': 1}
2025-11-28 18:04:22,541 - sqlalchemy.engine.Engine - INFO - SELECT count(*) AS count_1 
FROM (SELECT execution_steps.id AS execution_steps_id, execution_steps.execution_id AS execution_steps_execution_id, execution_steps.step_num AS execution_steps_step_num, execution_steps.step_text AS execution_steps_step_text, execution_steps.status AS execution_steps_status, execution_steps.selector_used AS execution_steps_selector_used, execution_steps.level_used AS execution_steps_level_used, execution_steps.confidence AS execution_steps_confidence, execution_steps.execution_time AS execution_steps_execution_time, execution_steps.screenshot_before AS execution_steps_screenshot_before, execution_steps.screenshot_after AS execution_steps_screenshot_after, execution_steps.error_message AS execution_steps_error_message, execution_steps.created_at AS execution_steps_created_at 
FROM execution_steps 
WHERE execution_steps.execution_id = %(execution_id_1)s) AS anon_1
2025-11-28 18:04:22,542 - sqlalchemy.engine.Engine - INFO - [cached since 2532s ago] {'execution_id_1': 'rerun_RBPLCD-8001_20251128_180419'}
2025-11-28 18:04:22,545 - sqlalchemy.engine.Engine - INFO - SELECT count(*) AS count_1 
FROM (SELECT execution_steps.id AS execution_steps_id, execution_steps.execution_id AS execution_steps_execution_id, execution_steps.step_num AS execution_steps_step_num, execution_steps.step_text AS execution_steps_step_text, execution_steps.status AS execution_steps_status, execution_steps.selector_used AS execution_steps_selector_used, execution_steps.level_used AS execution_steps_level_used, execution_steps.confidence AS execution_steps_confidence, execution_steps.execution_time AS execution_steps_execution_time, execution_steps.screenshot_before AS execution_steps_screenshot_before, execution_steps.screenshot_after AS execution_steps_screenshot_after, execution_steps.error_message AS execution_steps_error_message, execution_steps.created_at AS execution_steps_created_at 
FROM execution_steps 
WHERE execution_steps.execution_id = %(execution_id_1)s AND execution_steps.status IN (%(status_1_1)s, %(status_1_2)s)) AS anon_1
2025-11-28 18:04:22,546 - sqlalchemy.engine.Engine - INFO - [cached since 2532s ago] {'execution_id_1': 'rerun_RBPLCD-8001_20251128_180419', 'status_1_1': 'PASSED', 'status_1_2': 'FAILED'}
2025-11-28 18:04:22,551 - sqlalchemy.engine.Engine - INFO - ROLLBACK
2025-11-28 23:17:00,250 - TestAutomationAPI - INFO - Starting Test Automation API...
2025-11-28 23:17:00,781 - sqlalchemy.engine.Engine - INFO - select pg_catalog.version()
2025-11-28 23:17:00,781 - sqlalchemy.engine.Engine - INFO - [raw sql] {}
2025-11-28 23:17:00,784 - sqlalchemy.engine.Engine - INFO - select current_schema()
2025-11-28 23:17:00,785 - sqlalchemy.engine.Engine - INFO - [raw sql] {}
2025-11-28 23:17:00,785 - sqlalchemy.engine.Engine - INFO - show standard_conforming_strings
2025-11-28 23:17:00,786 - sqlalchemy.engine.Engine - INFO - [raw sql] {}
2025-11-28 23:17:00,786 - sqlalchemy.engine.Engine - INFO - BEGIN (implicit)
2025-11-28 23:17:00,786 - sqlalchemy.engine.Engine - INFO - SELECT pg_catalog.pg_class.relname 
FROM pg_catalog.pg_class JOIN pg_catalog.pg_namespace ON pg_catalog.pg_namespace.oid = pg_catalog.pg_class.relnamespace 
WHERE pg_catalog.pg_class.relname = %(table_name)s AND pg_catalog.pg_class.relkind = ANY (ARRAY[%(param_1)s, %(param_2)s, %(param_3)s, %(param_4)s, %(param_5)s]) AND pg_catalog.pg_table_is_visible(pg_catalog.pg_class.oid) AND pg_catalog.pg_namespace.nspname != %(nspname_1)s
2025-11-28 23:17:00,786 - sqlalchemy.engine.Engine - INFO - [generated in 0.00066s] {'table_name': 'projects', 'param_1': 'r', 'param_2': 'p', 'param_3': 'f', 'param_4': 'v', 'param_5': 'm', 'nspname_1': 'pg_catalog'}
2025-11-28 23:17:00,793 - sqlalchemy.engine.Engine - INFO - SELECT pg_catalog.pg_class.relname 
FROM pg_catalog.pg_class JOIN pg_catalog.pg_namespace ON pg_catalog.pg_namespace.oid = pg_catalog.pg_class.relnamespace 
WHERE pg_catalog.pg_class.relname = %(table_name)s AND pg_catalog.pg_class.relkind = ANY (ARRAY[%(param_1)s, %(param_2)s, %(param_3)s, %(param_4)s, %(param_5)s]) AND pg_catalog.pg_table_is_visible(pg_catalog.pg_class.oid) AND pg_catalog.pg_namespace.nspname != %(nspname_1)s
2025-11-28 23:17:00,798 - sqlalchemy.engine.Engine - INFO - [cached since 0.00808s ago] {'table_name': 'testers', 'param_1': 'r', 'param_2': 'p', 'param_3': 'f', 'param_4': 'v', 'param_5': 'm', 'nspname_1': 'pg_catalog'}
2025-11-28 23:17:00,801 - sqlalchemy.engine.Engine - INFO - SELECT pg_catalog.pg_class.relname 
FROM pg_catalog.pg_class JOIN pg_catalog.pg_namespace ON pg_catalog.pg_namespace.oid = pg_catalog.pg_class.relnamespace 
WHERE pg_catalog.pg_class.relname = %(table_name)s AND pg_catalog.pg_class.relkind = ANY (ARRAY[%(param_1)s, %(param_2)s, %(param_3)s, %(param_4)s, %(param_5)s]) AND pg_catalog.pg_table_is_visible(pg_catalog.pg_class.oid) AND pg_catalog.pg_namespace.nspname != %(nspname_1)s
2025-11-28 23:17:00,801 - sqlalchemy.engine.Engine - INFO - [cached since 0.01082s ago] {'table_name': 'tickets', 'param_1': 'r', 'param_2': 'p', 'param_3': 'f', 'param_4': 'v', 'param_5': 'm', 'nspname_1': 'pg_catalog'}
2025-11-28 23:17:00,801 - sqlalchemy.engine.Engine - INFO - SELECT pg_catalog.pg_class.relname 
FROM pg_catalog.pg_class JOIN pg_catalog.pg_namespace ON pg_catalog.pg_namespace.oid = pg_catalog.pg_class.relnamespace 
WHERE pg_catalog.pg_class.relname = %(table_name)s AND pg_catalog.pg_class.relkind = ANY (ARRAY[%(param_1)s, %(param_2)s, %(param_3)s, %(param_4)s, %(param_5)s]) AND pg_catalog.pg_table_is_visible(pg_catalog.pg_class.oid) AND pg_catalog.pg_namespace.nspname != %(nspname_1)s
2025-11-28 23:17:00,801 - sqlalchemy.engine.Engine - INFO - [cached since 0.01273s ago] {'table_name': 'test_executions', 'param_1': 'r', 'param_2': 'p', 'param_3': 'f', 'param_4': 'v', 'param_5': 'm', 'nspname_1': 'pg_catalog'}
2025-11-28 23:17:00,804 - sqlalchemy.engine.Engine - INFO - SELECT pg_catalog.pg_class.relname 
FROM pg_catalog.pg_class JOIN pg_catalog.pg_namespace ON pg_catalog.pg_namespace.oid = pg_catalog.pg_class.relnamespace 
WHERE pg_catalog.pg_class.relname = %(table_name)s AND pg_catalog.pg_class.relkind = ANY (ARRAY[%(param_1)s, %(param_2)s, %(param_3)s, %(param_4)s, %(param_5)s]) AND pg_catalog.pg_table_is_visible(pg_catalog.pg_class.oid) AND pg_catalog.pg_namespace.nspname != %(nspname_1)s
2025-11-28 23:17:00,804 - sqlalchemy.engine.Engine - INFO - [cached since 0.01438s ago] {'table_name': 'execution_steps', 'param_1': 'r', 'param_2': 'p', 'param_3': 'f', 'param_4': 'v', 'param_5': 'm', 'nspname_1': 'pg_catalog'}
2025-11-28 23:17:00,804 - sqlalchemy.engine.Engine - INFO - SELECT pg_catalog.pg_class.relname 
FROM pg_catalog.pg_class JOIN pg_catalog.pg_namespace ON pg_catalog.pg_namespace.oid = pg_catalog.pg_class.relnamespace 
WHERE pg_catalog.pg_class.relname = %(table_name)s AND pg_catalog.pg_class.relkind = ANY (ARRAY[%(param_1)s, %(param_2)s, %(param_3)s, %(param_4)s, %(param_5)s]) AND pg_catalog.pg_table_is_visible(pg_catalog.pg_class.oid) AND pg_catalog.pg_namespace.nspname != %(nspname_1)s
2025-11-28 23:17:00,808 - sqlalchemy.engine.Engine - INFO - [cached since 0.01692s ago] {'table_name': 'project_configs', 'param_1': 'r', 'param_2': 'p', 'param_3': 'f', 'param_4': 'v', 'param_5': 'm', 'nspname_1': 'pg_catalog'}
2025-11-28 23:17:00,809 - sqlalchemy.engine.Engine - INFO - COMMIT
2025-11-28 23:17:00,810 - TestAutomationAPI - INFO - Database tables verified
