2025-11-29 17:30:51,394 - TestAutomationAPI - INFO - Starting Test Automation API...
2025-11-29 17:30:51,884 - sqlalchemy.engine.Engine - INFO - select pg_catalog.version()
2025-11-29 17:30:51,884 - sqlalchemy.engine.Engine - INFO - [raw sql] {}
2025-11-29 17:30:51,884 - sqlalchemy.engine.Engine - INFO - select current_schema()
2025-11-29 17:30:51,884 - sqlalchemy.engine.Engine - INFO - [raw sql] {}
2025-11-29 17:30:51,884 - sqlalchemy.engine.Engine - INFO - show standard_conforming_strings
2025-11-29 17:30:51,884 - sqlalchemy.engine.Engine - INFO - [raw sql] {}
2025-11-29 17:30:51,884 - sqlalchemy.engine.Engine - INFO - BEGIN (implicit)
2025-11-29 17:30:51,896 - sqlalchemy.engine.Engine - INFO - SELECT pg_catalog.pg_class.relname 
FROM pg_catalog.pg_class JOIN pg_catalog.pg_namespace ON pg_catalog.pg_namespace.oid = pg_catalog.pg_class.relnamespace 
WHERE pg_catalog.pg_class.relname = %(table_name)s AND pg_catalog.pg_class.relkind = ANY (ARRAY[%(param_1)s, %(param_2)s, %(param_3)s, %(param_4)s, %(param_5)s]) AND pg_catalog.pg_table_is_visible(pg_catalog.pg_class.oid) AND pg_catalog.pg_namespace.nspname != %(nspname_1)s
2025-11-29 17:30:51,897 - sqlalchemy.engine.Engine - INFO - [generated in 0.00120s] {'table_name': 'projects', 'param_1': 'r', 'param_2': 'p', 'param_3': 'f', 'param_4': 'v', 'param_5': 'm', 'nspname_1': 'pg_catalog'}
2025-11-29 17:30:51,902 - sqlalchemy.engine.Engine - INFO - SELECT pg_catalog.pg_class.relname 
FROM pg_catalog.pg_class JOIN pg_catalog.pg_namespace ON pg_catalog.pg_namespace.oid = pg_catalog.pg_class.relnamespace 
WHERE pg_catalog.pg_class.relname = %(table_name)s AND pg_catalog.pg_class.relkind = ANY (ARRAY[%(param_1)s, %(param_2)s, %(param_3)s, %(param_4)s, %(param_5)s]) AND pg_catalog.pg_table_is_visible(pg_catalog.pg_class.oid) AND pg_catalog.pg_namespace.nspname != %(nspname_1)s
2025-11-29 17:30:51,902 - sqlalchemy.engine.Engine - INFO - [cached since 0.006652s ago] {'table_name': 'testers', 'param_1': 'r', 'param_2': 'p', 'param_3': 'f', 'param_4': 'v', 'param_5': 'm', 'nspname_1': 'pg_catalog'}
2025-11-29 17:30:51,905 - sqlalchemy.engine.Engine - INFO - SELECT pg_catalog.pg_class.relname 
FROM pg_catalog.pg_class JOIN pg_catalog.pg_namespace ON pg_catalog.pg_namespace.oid = pg_catalog.pg_class.relnamespace 
WHERE pg_catalog.pg_class.relname = %(table_name)s AND pg_catalog.pg_class.relkind = ANY (ARRAY[%(param_1)s, %(param_2)s, %(param_3)s, %(param_4)s, %(param_5)s]) AND pg_catalog.pg_table_is_visible(pg_catalog.pg_class.oid) AND pg_catalog.pg_namespace.nspname != %(nspname_1)s
2025-11-29 17:30:51,905 - sqlalchemy.engine.Engine - INFO - [cached since 0.009966s ago] {'table_name': 'tickets', 'param_1': 'r', 'param_2': 'p', 'param_3': 'f', 'param_4': 'v', 'param_5': 'm', 'nspname_1': 'pg_catalog'}
2025-11-29 17:30:51,905 - sqlalchemy.engine.Engine - INFO - SELECT pg_catalog.pg_class.relname 
FROM pg_catalog.pg_class JOIN pg_catalog.pg_namespace ON pg_catalog.pg_namespace.oid = pg_catalog.pg_class.relnamespace 
WHERE pg_catalog.pg_class.relname = %(table_name)s AND pg_catalog.pg_class.relkind = ANY (ARRAY[%(param_1)s, %(param_2)s, %(param_3)s, %(param_4)s, %(param_5)s]) AND pg_catalog.pg_table_is_visible(pg_catalog.pg_class.oid) AND pg_catalog.pg_namespace.nspname != %(nspname_1)s
2025-11-29 17:30:51,909 - sqlalchemy.engine.Engine - INFO - [cached since 0.01411s ago] {'table_name': 'test_executions', 'param_1': 'r', 'param_2': 'p', 'param_3': 'f', 'param_4': 'v', 'param_5': 'm', 'nspname_1': 'pg_catalog'}
2025-11-29 17:30:51,913 - sqlalchemy.engine.Engine - INFO - SELECT pg_catalog.pg_class.relname 
FROM pg_catalog.pg_class JOIN pg_catalog.pg_namespace ON pg_catalog.pg_namespace.oid = pg_catalog.pg_class.relnamespace 
WHERE pg_catalog.pg_class.relname = %(table_name)s AND pg_catalog.pg_class.relkind = ANY (ARRAY[%(param_1)s, %(param_2)s, %(param_3)s, %(param_4)s, %(param_5)s]) AND pg_catalog.pg_table_is_visible(pg_catalog.pg_class.oid) AND pg_catalog.pg_namespace.nspname != %(nspname_1)s
2025-11-29 17:30:51,913 - sqlalchemy.engine.Engine - INFO - [cached since 0.01789s ago] {'table_name': 'execution_steps', 'param_1': 'r', 'param_2': 'p', 'param_3': 'f', 'param_4': 'v', 'param_5': 'm', 'nspname_1': 'pg_catalog'}
2025-11-29 17:30:51,913 - sqlalchemy.engine.Engine - INFO - SELECT pg_catalog.pg_class.relname 
FROM pg_catalog.pg_class JOIN pg_catalog.pg_namespace ON pg_catalog.pg_namespace.oid = pg_catalog.pg_class.relnamespace 
WHERE pg_catalog.pg_class.relname = %(table_name)s AND pg_catalog.pg_class.relkind = ANY (ARRAY[%(param_1)s, %(param_2)s, %(param_3)s, %(param_4)s, %(param_5)s]) AND pg_catalog.pg_table_is_visible(pg_catalog.pg_class.oid) AND pg_catalog.pg_namespace.nspname != %(nspname_1)s
2025-11-29 17:30:51,917 - sqlalchemy.engine.Engine - INFO - [cached since 0.02084s ago] {'table_name': 'project_configs', 'param_1': 'r', 'param_2': 'p', 'param_3': 'f', 'param_4': 'v', 'param_5': 'm', 'nspname_1': 'pg_catalog'}
2025-11-29 17:30:51,917 - sqlalchemy.engine.Engine - INFO - COMMIT
2025-11-29 17:30:51,917 - TestAutomationAPI - INFO - Database tables verified
2025-11-29 17:31:24,640 - sqlalchemy.engine.Engine - INFO - BEGIN (implicit)
2025-11-29 17:31:24,646 - sqlalchemy.engine.Engine - INFO - SELECT tickets.id AS tickets_id, tickets.ticket_id AS tickets_ticket_id, tickets.project_id AS tickets_project_id, tickets.title AS tickets_title, tickets.module AS tickets_module, tickets.description AS tickets_description, tickets.acceptance_criteria AS tickets_acceptance_criteria, tickets.file_path AS tickets_file_path, tickets.created_at AS tickets_created_at 
FROM tickets 
WHERE tickets.ticket_id = %(ticket_id_1)s 
 LIMIT %(param_1)s
2025-11-29 17:31:24,649 - sqlalchemy.engine.Engine - INFO - [generated in 0.00255s] {'ticket_id_1': 'RBPLCD-8001', 'param_1': 1}
2025-11-29 17:31:24,682 - TestAutomationAPI - WARNING - Could not parse steps from ticket file: name 're' is not defined
2025-11-29 17:31:24,686 - sqlalchemy.engine.Engine - INFO - ROLLBACK
2025-11-29 17:31:31,469 - sqlalchemy.engine.Engine - INFO - BEGIN (implicit)
2025-11-29 17:31:31,472 - sqlalchemy.engine.Engine - INFO - SELECT tickets.id AS tickets_id, tickets.ticket_id AS tickets_ticket_id, tickets.project_id AS tickets_project_id, tickets.title AS tickets_title, tickets.module AS tickets_module, tickets.description AS tickets_description, tickets.acceptance_criteria AS tickets_acceptance_criteria, tickets.file_path AS tickets_file_path, tickets.created_at AS tickets_created_at 
FROM tickets 
WHERE tickets.ticket_id = %(ticket_id_1)s 
 LIMIT %(param_1)s
2025-11-29 17:31:31,475 - sqlalchemy.engine.Engine - INFO - [cached since 6.829s ago] {'ticket_id_1': 'RBPLCD-8001', 'param_1': 1}
2025-11-29 17:31:31,501 - sqlalchemy.engine.Engine - INFO - INSERT INTO test_executions (execution_id, ticket_id, project_id, status, overall_status, started_at, completed_at, total_execution_time, report_path, script_path, video_path, error_message) VALUES (%(execution_id)s, %(ticket_id)s, %(project_id)s, %(status)s, %(overall_status)s, %(started_at)s, %(completed_at)s, %(total_execution_time)s, %(report_path)s, %(script_path)s, %(video_path)s, %(error_message)s) RETURNING test_executions.id
2025-11-29 17:31:31,503 - sqlalchemy.engine.Engine - INFO - [generated in 0.00191s] {'execution_id': 'rerun_RBPLCD-8001_20251129_173131', 'ticket_id': 'RBPLCD-8001', 'project_id': 1, 'status': 'pending', 'overall_status': 'UNKNOWN', 'started_at': datetime.datetime(2025, 11, 29, 17, 31, 31, 496335), 'completed_at': None, 'total_execution_time': None, 'report_path': None, 'script_path': None, 'video_path': None, 'error_message': None}
2025-11-29 17:31:31,529 - sqlalchemy.engine.Engine - INFO - COMMIT
2025-11-29 17:31:31,534 - sqlalchemy.engine.Engine - INFO - BEGIN (implicit)
2025-11-29 17:31:31,539 - sqlalchemy.engine.Engine - INFO - SELECT test_executions.id, test_executions.execution_id, test_executions.ticket_id, test_executions.project_id, test_executions.status, test_executions.overall_status, test_executions.started_at, test_executions.completed_at, test_executions.total_execution_time, test_executions.report_path, test_executions.script_path, test_executions.video_path, test_executions.error_message 
FROM test_executions 
WHERE test_executions.id = %(pk_1)s
2025-11-29 17:31:31,541 - sqlalchemy.engine.Engine - INFO - [generated in 0.00211s] {'pk_1': 160}
2025-11-29 17:31:31,571 - sqlalchemy.engine.Engine - INFO - SELECT tickets.id AS tickets_id, tickets.ticket_id AS tickets_ticket_id, tickets.project_id AS tickets_project_id, tickets.title AS tickets_title, tickets.module AS tickets_module, tickets.description AS tickets_description, tickets.acceptance_criteria AS tickets_acceptance_criteria, tickets.file_path AS tickets_file_path, tickets.created_at AS tickets_created_at 
FROM tickets 
WHERE tickets.id = %(pk_1)s
2025-11-29 17:31:31,573 - sqlalchemy.engine.Engine - INFO - [generated in 0.00174s] {'pk_1': 9}
2025-11-29 17:31:31,578 - TestAutomationAPI - INFO - ======================================================================
2025-11-29 17:31:31,695 - TestAutomationAPI - INFO -    Execution ID: rerun_RBPLCD-8001_20251129_173131
2025-11-29 17:31:31,695 - TestAutomationAPI - INFO -    Ticket ID: RBPLCD-8001
2025-11-29 17:31:31,696 - TestAutomationAPI - INFO -    Script: C:\Idea Projects\AI_TEST_17_Nov\AI_Test_Assist\Generated_Scripts\RBPLCD-8001_20251127_154251_test.py
2025-11-29 17:31:31,696 - TestAutomationAPI - INFO -    Started at: 2025-11-29T17:31:31.696798
2025-11-29 17:31:31,697 - TestAutomationAPI - INFO - ======================================================================
2025-11-29 17:31:31,779 - sqlalchemy.engine.Engine - INFO - BEGIN (implicit)
2025-11-29 17:31:31,782 - sqlalchemy.engine.Engine - INFO - SELECT test_executions.id AS test_executions_id, test_executions.execution_id AS test_executions_execution_id, test_executions.ticket_id AS test_executions_ticket_id, test_executions.project_id AS test_executions_project_id, test_executions.status AS test_executions_status, test_executions.overall_status AS test_executions_overall_status, test_executions.started_at AS test_executions_started_at, test_executions.completed_at AS test_executions_completed_at, test_executions.total_execution_time AS test_executions_total_execution_time, test_executions.report_path AS test_executions_report_path, test_executions.script_path AS test_executions_script_path, test_executions.video_path AS test_executions_video_path, test_executions.error_message AS test_executions_error_message 
FROM test_executions 
WHERE test_executions.execution_id = %(execution_id_1)s 
 LIMIT %(param_1)s
2025-11-29 17:31:31,783 - sqlalchemy.engine.Engine - INFO - [generated in 0.00194s] {'execution_id_1': 'rerun_RBPLCD-8001_20251129_173131', 'param_1': 1}
2025-11-29 17:31:31,792 - sqlalchemy.engine.Engine - INFO - UPDATE test_executions SET status=%(status)s WHERE test_executions.id = %(test_executions_id)s
2025-11-29 17:31:31,792 - sqlalchemy.engine.Engine - INFO - [generated in 0.00107s] {'status': 'running', 'test_executions_id': 160}
2025-11-29 17:31:31,798 - sqlalchemy.engine.Engine - INFO - COMMIT
2025-11-29 17:31:31,937 - TestAutomationAPI - WARNING - STDERR:
Traceback (most recent call last):
  File "C:\Idea Projects\AI_TEST_17_Nov\AI_Test_Assist\Generated_Scripts\RBPLCD-8001_20251127_154251_test.py", line 8, in <module>
    import pytest
ModuleNotFoundError: No module named 'pytest'

2025-11-29 17:31:32,013 - sqlalchemy.engine.Engine - INFO - BEGIN (implicit)
2025-11-29 17:31:32,017 - sqlalchemy.engine.Engine - INFO - SELECT test_executions.id AS test_executions_id, test_executions.execution_id AS test_executions_execution_id, test_executions.ticket_id AS test_executions_ticket_id, test_executions.project_id AS test_executions_project_id, test_executions.started_at AS test_executions_started_at, test_executions.total_execution_time AS test_executions_total_execution_time 
FROM test_executions 
WHERE test_executions.id = %(pk_1)s
2025-11-29 17:31:32,019 - sqlalchemy.engine.Engine - INFO - [generated in 0.00236s] {'pk_1': 160}
2025-11-29 17:31:32,025 - sqlalchemy.engine.Engine - INFO - UPDATE test_executions SET status=%(status)s, overall_status=%(overall_status)s, completed_at=%(completed_at)s, report_path=%(report_path)s, script_path=%(script_path)s, video_path=%(video_path)s, error_message=%(error_message)s WHERE test_executions.id = %(test_executions_id)s
2025-11-29 17:31:32,027 - sqlalchemy.engine.Engine - INFO - [generated in 0.00143s] {'status': 'completed', 'overall_status': 'FAILED', 'completed_at': datetime.datetime(2025, 11, 29, 17, 31, 32, 12710), 'report_path': 'C:\\Users\\ENZ1KOR\\PLCD_TA_Team\\PLCD_TA_Team\\Reports\\RBPLCD-8001_20251128_165539_report.html', 'script_path': 'C:\\Users\\ENZ1KOR\\PLCD_TA_Team\\PLCD_TA_Team\\Generated_Scripts\\RBPLCD-8001_20251127_154251_test.py', 'video_path': 'C:\\Users\\ENZ1KOR\\PLCD_TA_Team\\PLCD_TA_Team\\Videos\\a5148d2fae90e8476eb29121efce3a48.webm', 'error_message': None, 'test_executions_id': 160}
2025-11-29 17:31:32,032 - sqlalchemy.engine.Engine - INFO - COMMIT
2025-11-29 17:31:32,036 - TestAutomationAPI - INFO - ======================================================================
2025-11-29 17:31:32,044 - TestAutomationAPI - INFO -    Execution ID: rerun_RBPLCD-8001_20251129_173131
2025-11-29 17:31:32,045 - TestAutomationAPI - INFO -    Overall Status: FAILED
2025-11-29 17:31:32,067 - TestAutomationAPI - INFO -    Completed at: 2025-11-29T17:31:32.066876
2025-11-29 17:31:32,067 - TestAutomationAPI - INFO - ======================================================================
2025-11-29 17:31:32,076 - TestAutomationAPI - INFO - 
2025-11-29 17:31:32,079 - sqlalchemy.engine.Engine - INFO - ROLLBACK
2025-11-29 17:31:34,595 - sqlalchemy.engine.Engine - INFO - BEGIN (implicit)
2025-11-29 17:31:34,596 - sqlalchemy.engine.Engine - INFO - SELECT test_executions.id AS test_executions_id, test_executions.execution_id AS test_executions_execution_id, test_executions.ticket_id AS test_executions_ticket_id, test_executions.project_id AS test_executions_project_id, test_executions.status AS test_executions_status, test_executions.overall_status AS test_executions_overall_status, test_executions.started_at AS test_executions_started_at, test_executions.completed_at AS test_executions_completed_at, test_executions.total_execution_time AS test_executions_total_execution_time, test_executions.report_path AS test_executions_report_path, test_executions.script_path AS test_executions_script_path, test_executions.video_path AS test_executions_video_path, test_executions.error_message AS test_executions_error_message 
FROM test_executions 
WHERE test_executions.execution_id = %(execution_id_1)s 
 LIMIT %(param_1)s
2025-11-29 17:31:34,599 - sqlalchemy.engine.Engine - INFO - [cached since 2.818s ago] {'execution_id_1': 'rerun_RBPLCD-8001_20251129_173131', 'param_1': 1}
2025-11-29 17:31:34,617 - sqlalchemy.engine.Engine - INFO - SELECT count(*) AS count_1 
FROM (SELECT execution_steps.id AS execution_steps_id, execution_steps.execution_id AS execution_steps_execution_id, execution_steps.step_num AS execution_steps_step_num, execution_steps.step_text AS execution_steps_step_text, execution_steps.status AS execution_steps_status, execution_steps.selector_used AS execution_steps_selector_used, execution_steps.level_used AS execution_steps_level_used, execution_steps.confidence AS execution_steps_confidence, execution_steps.execution_time AS execution_steps_execution_time, execution_steps.screenshot_before AS execution_steps_screenshot_before, execution_steps.screenshot_after AS execution_steps_screenshot_after, execution_steps.error_message AS execution_steps_error_message, execution_steps.created_at AS execution_steps_created_at 
FROM execution_steps 
WHERE execution_steps.execution_id = %(execution_id_1)s) AS anon_1
2025-11-29 17:31:34,620 - sqlalchemy.engine.Engine - INFO - [generated in 0.00356s] {'execution_id_1': 'rerun_RBPLCD-8001_20251129_173131'}
2025-11-29 17:31:34,649 - sqlalchemy.engine.Engine - INFO - SELECT count(*) AS count_1 
FROM (SELECT execution_steps.id AS execution_steps_id, execution_steps.execution_id AS execution_steps_execution_id, execution_steps.step_num AS execution_steps_step_num, execution_steps.step_text AS execution_steps_step_text, execution_steps.status AS execution_steps_status, execution_steps.selector_used AS execution_steps_selector_used, execution_steps.level_used AS execution_steps_level_used, execution_steps.confidence AS execution_steps_confidence, execution_steps.execution_time AS execution_steps_execution_time, execution_steps.screenshot_before AS execution_steps_screenshot_before, execution_steps.screenshot_after AS execution_steps_screenshot_after, execution_steps.error_message AS execution_steps_error_message, execution_steps.created_at AS execution_steps_created_at 
FROM execution_steps 
WHERE execution_steps.execution_id = %(execution_id_1)s AND execution_steps.status IN (%(status_1_1)s, %(status_1_2)s)) AS anon_1
2025-11-29 17:31:34,651 - sqlalchemy.engine.Engine - INFO - [generated in 0.00289s] {'execution_id_1': 'rerun_RBPLCD-8001_20251129_173131', 'status_1_1': 'PASSED', 'status_1_2': 'FAILED'}
2025-11-29 17:31:34,657 - sqlalchemy.engine.Engine - INFO - ROLLBACK
2025-11-29 17:59:13,291 - sqlalchemy.engine.Engine - INFO - BEGIN (implicit)
2025-11-29 17:59:13,293 - sqlalchemy.engine.Engine - INFO - SELECT tickets.id AS tickets_id, tickets.ticket_id AS tickets_ticket_id, tickets.project_id AS tickets_project_id, tickets.title AS tickets_title, tickets.module AS tickets_module, tickets.description AS tickets_description, tickets.acceptance_criteria AS tickets_acceptance_criteria, tickets.file_path AS tickets_file_path, tickets.created_at AS tickets_created_at 
FROM tickets 
WHERE tickets.ticket_id = %(ticket_id_1)s 
 LIMIT %(param_1)s
2025-11-29 17:59:13,294 - sqlalchemy.engine.Engine - INFO - [cached since 1669s ago] {'ticket_id_1': 'RBPLCD-8002', 'param_1': 1}
2025-11-29 17:59:13,311 - TestAutomationAPI - WARNING - Could not parse steps from ticket file: name 're' is not defined
2025-11-29 17:59:13,314 - sqlalchemy.engine.Engine - INFO - ROLLBACK
2025-11-29 17:59:17,006 - sqlalchemy.engine.Engine - INFO - BEGIN (implicit)
2025-11-29 17:59:17,008 - sqlalchemy.engine.Engine - INFO - SELECT tickets.id AS tickets_id, tickets.ticket_id AS tickets_ticket_id, tickets.project_id AS tickets_project_id, tickets.title AS tickets_title, tickets.module AS tickets_module, tickets.description AS tickets_description, tickets.acceptance_criteria AS tickets_acceptance_criteria, tickets.file_path AS tickets_file_path, tickets.created_at AS tickets_created_at 
FROM tickets 
WHERE tickets.ticket_id = %(ticket_id_1)s 
 LIMIT %(param_1)s
2025-11-29 17:59:17,009 - sqlalchemy.engine.Engine - INFO - [cached since 1672s ago] {'ticket_id_1': 'RBPLCD-8002', 'param_1': 1}
2025-11-29 17:59:17,042 - sqlalchemy.engine.Engine - INFO - INSERT INTO test_executions (execution_id, ticket_id, project_id, status, overall_status, started_at, completed_at, total_execution_time, report_path, script_path, video_path, error_message) VALUES (%(execution_id)s, %(ticket_id)s, %(project_id)s, %(status)s, %(overall_status)s, %(started_at)s, %(completed_at)s, %(total_execution_time)s, %(report_path)s, %(script_path)s, %(video_path)s, %(error_message)s) RETURNING test_executions.id
2025-11-29 17:59:17,043 - sqlalchemy.engine.Engine - INFO - [cached since 1666s ago] {'execution_id': 'rerun_RBPLCD-8002_20251129_175917', 'ticket_id': 'RBPLCD-8002', 'project_id': 1, 'status': 'pending', 'overall_status': 'UNKNOWN', 'started_at': datetime.datetime(2025, 11, 29, 17, 59, 17, 40705), 'completed_at': None, 'total_execution_time': None, 'report_path': None, 'script_path': None, 'video_path': None, 'error_message': None}
2025-11-29 17:59:17,049 - sqlalchemy.engine.Engine - INFO - COMMIT
2025-11-29 17:59:17,051 - sqlalchemy.engine.Engine - INFO - BEGIN (implicit)
2025-11-29 17:59:17,053 - sqlalchemy.engine.Engine - INFO - SELECT test_executions.id, test_executions.execution_id, test_executions.ticket_id, test_executions.project_id, test_executions.status, test_executions.overall_status, test_executions.started_at, test_executions.completed_at, test_executions.total_execution_time, test_executions.report_path, test_executions.script_path, test_executions.video_path, test_executions.error_message 
FROM test_executions 
WHERE test_executions.id = %(pk_1)s
2025-11-29 17:59:17,054 - sqlalchemy.engine.Engine - INFO - [cached since 1665s ago] {'pk_1': 161}
2025-11-29 17:59:17,071 - sqlalchemy.engine.Engine - INFO - SELECT tickets.id AS tickets_id, tickets.ticket_id AS tickets_ticket_id, tickets.project_id AS tickets_project_id, tickets.title AS tickets_title, tickets.module AS tickets_module, tickets.description AS tickets_description, tickets.acceptance_criteria AS tickets_acceptance_criteria, tickets.file_path AS tickets_file_path, tickets.created_at AS tickets_created_at 
FROM tickets 
WHERE tickets.id = %(pk_1)s
2025-11-29 17:59:17,074 - sqlalchemy.engine.Engine - INFO - [cached since 1665s ago] {'pk_1': 6}
2025-11-29 17:59:17,077 - TestAutomationAPI - INFO - ======================================================================
2025-11-29 17:59:17,084 - TestAutomationAPI - INFO -    Execution ID: rerun_RBPLCD-8002_20251129_175917
2025-11-29 17:59:17,084 - TestAutomationAPI - INFO -    Ticket ID: RBPLCD-8002
2025-11-29 17:59:17,085 - TestAutomationAPI - INFO -    Script: C:\Idea Projects\AI_TEST_17_Nov\AI_Test_Assist\Generated_Scripts\RBPLCD-8002_20251124_150713_test.py
2025-11-29 17:59:17,086 - TestAutomationAPI - INFO -    Started at: 2025-11-29T17:59:17.085230
2025-11-29 17:59:17,086 - TestAutomationAPI - INFO - ======================================================================
2025-11-29 17:59:17,087 - sqlalchemy.engine.Engine - INFO - BEGIN (implicit)
2025-11-29 17:59:17,088 - sqlalchemy.engine.Engine - INFO - SELECT test_executions.id AS test_executions_id, test_executions.execution_id AS test_executions_execution_id, test_executions.ticket_id AS test_executions_ticket_id, test_executions.project_id AS test_executions_project_id, test_executions.status AS test_executions_status, test_executions.overall_status AS test_executions_overall_status, test_executions.started_at AS test_executions_started_at, test_executions.completed_at AS test_executions_completed_at, test_executions.total_execution_time AS test_executions_total_execution_time, test_executions.report_path AS test_executions_report_path, test_executions.script_path AS test_executions_script_path, test_executions.video_path AS test_executions_video_path, test_executions.error_message AS test_executions_error_message 
FROM test_executions 
WHERE test_executions.execution_id = %(execution_id_1)s 
 LIMIT %(param_1)s
2025-11-29 17:59:17,090 - sqlalchemy.engine.Engine - INFO - [cached since 1665s ago] {'execution_id_1': 'rerun_RBPLCD-8002_20251129_175917', 'param_1': 1}
2025-11-29 17:59:17,093 - sqlalchemy.engine.Engine - INFO - UPDATE test_executions SET status=%(status)s WHERE test_executions.id = %(test_executions_id)s
2025-11-29 17:59:17,095 - sqlalchemy.engine.Engine - INFO - [cached since 1665s ago] {'status': 'running', 'test_executions_id': 161}
2025-11-29 17:59:17,097 - sqlalchemy.engine.Engine - INFO - COMMIT
2025-11-29 17:59:17,254 - TestAutomationAPI - WARNING - STDERR:
Traceback (most recent call last):
  File "C:\Idea Projects\AI_TEST_17_Nov\AI_Test_Assist\Generated_Scripts\RBPLCD-8002_20251124_150713_test.py", line 8, in <module>
    import pytest
ModuleNotFoundError: No module named 'pytest'

2025-11-29 17:59:17,310 - sqlalchemy.engine.Engine - INFO - BEGIN (implicit)
2025-11-29 17:59:17,312 - sqlalchemy.engine.Engine - INFO - SELECT test_executions.id AS test_executions_id, test_executions.execution_id AS test_executions_execution_id, test_executions.ticket_id AS test_executions_ticket_id, test_executions.project_id AS test_executions_project_id, test_executions.started_at AS test_executions_started_at, test_executions.total_execution_time AS test_executions_total_execution_time 
FROM test_executions 
WHERE test_executions.id = %(pk_1)s
2025-11-29 17:59:17,314 - sqlalchemy.engine.Engine - INFO - [cached since 1665s ago] {'pk_1': 161}
2025-11-29 17:59:17,317 - sqlalchemy.engine.Engine - INFO - UPDATE test_executions SET status=%(status)s, overall_status=%(overall_status)s, completed_at=%(completed_at)s, report_path=%(report_path)s, script_path=%(script_path)s, video_path=%(video_path)s, error_message=%(error_message)s WHERE test_executions.id = %(test_executions_id)s
2025-11-29 17:59:17,318 - sqlalchemy.engine.Engine - INFO - [cached since 1665s ago] {'status': 'completed', 'overall_status': 'FAILED', 'completed_at': datetime.datetime(2025, 11, 29, 17, 59, 17, 309883), 'report_path': 'C:\\Users\\ENZ1KOR\\PLCD_TA_Team\\PLCD_TA_Team\\Reports\\RBPLCD-8002_20251124_150713_report.html', 'script_path': 'C:\\Users\\ENZ1KOR\\PLCD_TA_Team\\PLCD_TA_Team\\Generated_Scripts\\RBPLCD-8002_20251124_150713_test.py', 'video_path': 'C:\\Users\\ENZ1KOR\\PLCD_TA_Team\\PLCD_TA_Team\\Videos\\a5148d2fae90e8476eb29121efce3a48.webm', 'error_message': None, 'test_executions_id': 161}
2025-11-29 17:59:17,322 - sqlalchemy.engine.Engine - INFO - COMMIT
2025-11-29 17:59:17,323 - TestAutomationAPI - INFO - ======================================================================
2025-11-29 17:59:17,330 - TestAutomationAPI - INFO -    Execution ID: rerun_RBPLCD-8002_20251129_175917
2025-11-29 17:59:17,330 - TestAutomationAPI - INFO -    Overall Status: FAILED
2025-11-29 17:59:17,346 - TestAutomationAPI - INFO -    Completed at: 2025-11-29T17:59:17.346781
2025-11-29 17:59:17,347 - TestAutomationAPI - INFO - ======================================================================
2025-11-29 17:59:17,352 - TestAutomationAPI - INFO - 
2025-11-29 17:59:17,354 - sqlalchemy.engine.Engine - INFO - ROLLBACK
2025-11-29 17:59:20,094 - sqlalchemy.engine.Engine - INFO - BEGIN (implicit)
2025-11-29 17:59:20,095 - sqlalchemy.engine.Engine - INFO - SELECT test_executions.id AS test_executions_id, test_executions.execution_id AS test_executions_execution_id, test_executions.ticket_id AS test_executions_ticket_id, test_executions.project_id AS test_executions_project_id, test_executions.status AS test_executions_status, test_executions.overall_status AS test_executions_overall_status, test_executions.started_at AS test_executions_started_at, test_executions.completed_at AS test_executions_completed_at, test_executions.total_execution_time AS test_executions_total_execution_time, test_executions.report_path AS test_executions_report_path, test_executions.script_path AS test_executions_script_path, test_executions.video_path AS test_executions_video_path, test_executions.error_message AS test_executions_error_message 
FROM test_executions 
WHERE test_executions.execution_id = %(execution_id_1)s 
 LIMIT %(param_1)s
2025-11-29 17:59:20,097 - sqlalchemy.engine.Engine - INFO - [cached since 1668s ago] {'execution_id_1': 'rerun_RBPLCD-8002_20251129_175917', 'param_1': 1}
2025-11-29 17:59:20,101 - sqlalchemy.engine.Engine - INFO - SELECT count(*) AS count_1 
FROM (SELECT execution_steps.id AS execution_steps_id, execution_steps.execution_id AS execution_steps_execution_id, execution_steps.step_num AS execution_steps_step_num, execution_steps.step_text AS execution_steps_step_text, execution_steps.status AS execution_steps_status, execution_steps.selector_used AS execution_steps_selector_used, execution_steps.level_used AS execution_steps_level_used, execution_steps.confidence AS execution_steps_confidence, execution_steps.execution_time AS execution_steps_execution_time, execution_steps.screenshot_before AS execution_steps_screenshot_before, execution_steps.screenshot_after AS execution_steps_screenshot_after, execution_steps.error_message AS execution_steps_error_message, execution_steps.created_at AS execution_steps_created_at 
FROM execution_steps 
WHERE execution_steps.execution_id = %(execution_id_1)s) AS anon_1
2025-11-29 17:59:20,104 - sqlalchemy.engine.Engine - INFO - [cached since 1665s ago] {'execution_id_1': 'rerun_RBPLCD-8002_20251129_175917'}
2025-11-29 17:59:20,108 - sqlalchemy.engine.Engine - INFO - SELECT count(*) AS count_1 
FROM (SELECT execution_steps.id AS execution_steps_id, execution_steps.execution_id AS execution_steps_execution_id, execution_steps.step_num AS execution_steps_step_num, execution_steps.step_text AS execution_steps_step_text, execution_steps.status AS execution_steps_status, execution_steps.selector_used AS execution_steps_selector_used, execution_steps.level_used AS execution_steps_level_used, execution_steps.confidence AS execution_steps_confidence, execution_steps.execution_time AS execution_steps_execution_time, execution_steps.screenshot_before AS execution_steps_screenshot_before, execution_steps.screenshot_after AS execution_steps_screenshot_after, execution_steps.error_message AS execution_steps_error_message, execution_steps.created_at AS execution_steps_created_at 
FROM execution_steps 
WHERE execution_steps.execution_id = %(execution_id_1)s AND execution_steps.status IN (%(status_1_1)s, %(status_1_2)s)) AS anon_1
2025-11-29 17:59:20,110 - sqlalchemy.engine.Engine - INFO - [cached since 1665s ago] {'execution_id_1': 'rerun_RBPLCD-8002_20251129_175917', 'status_1_1': 'PASSED', 'status_1_2': 'FAILED'}
2025-11-29 17:59:20,115 - sqlalchemy.engine.Engine - INFO - ROLLBACK
2025-12-01 15:55:35,487 - sqlalchemy.engine.Engine - INFO - BEGIN (implicit)
2025-12-01 15:55:35,494 - sqlalchemy.engine.Engine - INFO - SELECT tickets.id AS tickets_id, tickets.ticket_id AS tickets_ticket_id, tickets.project_id AS tickets_project_id, tickets.title AS tickets_title, tickets.module AS tickets_module, tickets.description AS tickets_description, tickets.acceptance_criteria AS tickets_acceptance_criteria, tickets.file_path AS tickets_file_path, tickets.created_at AS tickets_created_at 
FROM tickets 
WHERE tickets.ticket_id = %(ticket_id_1)s 
 LIMIT %(param_1)s
2025-12-01 15:55:35,498 - sqlalchemy.engine.Engine - INFO - [cached since 1.671e+05s ago] {'ticket_id_1': 'RBPLCD-8001', 'param_1': 1}
2025-12-01 15:55:35,514 - TestAutomationAPI - WARNING - Could not parse steps from ticket file: name 're' is not defined
2025-12-01 15:55:35,531 - sqlalchemy.engine.Engine - INFO - ROLLBACK
2025-12-01 15:55:39,066 - sqlalchemy.engine.Engine - INFO - BEGIN (implicit)
2025-12-01 15:55:39,066 - sqlalchemy.engine.Engine - INFO - SELECT tickets.id AS tickets_id, tickets.ticket_id AS tickets_ticket_id, tickets.project_id AS tickets_project_id, tickets.title AS tickets_title, tickets.module AS tickets_module, tickets.description AS tickets_description, tickets.acceptance_criteria AS tickets_acceptance_criteria, tickets.file_path AS tickets_file_path, tickets.created_at AS tickets_created_at 
FROM tickets 
WHERE tickets.ticket_id = %(ticket_id_1)s 
 LIMIT %(param_1)s
2025-12-01 15:55:39,074 - sqlalchemy.engine.Engine - INFO - [cached since 1.671e+05s ago] {'ticket_id_1': 'RBPLCD-8001', 'param_1': 1}
2025-12-01 15:55:39,098 - sqlalchemy.engine.Engine - INFO - INSERT INTO test_executions (execution_id, ticket_id, project_id, status, overall_status, started_at, completed_at, total_execution_time, report_path, script_path, video_path, error_message) VALUES (%(execution_id)s, %(ticket_id)s, %(project_id)s, %(status)s, %(overall_status)s, %(started_at)s, %(completed_at)s, %(total_execution_time)s, %(report_path)s, %(script_path)s, %(video_path)s, %(error_message)s) RETURNING test_executions.id
2025-12-01 15:55:39,098 - sqlalchemy.engine.Engine - INFO - [cached since 1.671e+05s ago] {'execution_id': 'rerun_RBPLCD-8001_20251201_155539', 'ticket_id': 'RBPLCD-8001', 'project_id': 1, 'status': 'pending', 'overall_status': 'UNKNOWN', 'started_at': datetime.datetime(2025, 12, 1, 15, 55, 39, 94756), 'completed_at': None, 'total_execution_time': None, 'report_path': None, 'script_path': None, 'video_path': None, 'error_message': None}
2025-12-01 15:55:39,104 - sqlalchemy.engine.Engine - INFO - COMMIT
2025-12-01 15:55:39,112 - sqlalchemy.engine.Engine - INFO - BEGIN (implicit)
2025-12-01 15:55:39,112 - sqlalchemy.engine.Engine - INFO - SELECT test_executions.id, test_executions.execution_id, test_executions.ticket_id, test_executions.project_id, test_executions.status, test_executions.overall_status, test_executions.started_at, test_executions.completed_at, test_executions.total_execution_time, test_executions.report_path, test_executions.script_path, test_executions.video_path, test_executions.error_message 
FROM test_executions 
WHERE test_executions.id = %(pk_1)s
2025-12-01 15:55:39,116 - sqlalchemy.engine.Engine - INFO - [cached since 1.671e+05s ago] {'pk_1': 162}
2025-12-01 15:55:39,129 - sqlalchemy.engine.Engine - INFO - SELECT tickets.id AS tickets_id, tickets.ticket_id AS tickets_ticket_id, tickets.project_id AS tickets_project_id, tickets.title AS tickets_title, tickets.module AS tickets_module, tickets.description AS tickets_description, tickets.acceptance_criteria AS tickets_acceptance_criteria, tickets.file_path AS tickets_file_path, tickets.created_at AS tickets_created_at 
FROM tickets 
WHERE tickets.id = %(pk_1)s
2025-12-01 15:55:39,129 - sqlalchemy.engine.Engine - INFO - [cached since 1.671e+05s ago] {'pk_1': 9}
2025-12-01 15:55:39,142 - TestAutomationAPI - INFO - ======================================================================
2025-12-01 15:55:39,148 - TestAutomationAPI - INFO -    Execution ID: rerun_RBPLCD-8001_20251201_155539
2025-12-01 15:55:39,148 - TestAutomationAPI - INFO -    Ticket ID: RBPLCD-8001
2025-12-01 15:55:39,148 - TestAutomationAPI - INFO -    Script: C:\Idea Projects\AI_TEST_17_Nov\AI_Test_Assist\Generated_Scripts\RBPLCD-8001_20251127_154251_test.py
2025-12-01 15:55:39,148 - TestAutomationAPI - INFO -    Started at: 2025-12-01T15:55:39.148517
2025-12-01 15:55:39,148 - TestAutomationAPI - INFO - ======================================================================
2025-12-01 15:55:39,148 - sqlalchemy.engine.Engine - INFO - BEGIN (implicit)
2025-12-01 15:55:39,157 - sqlalchemy.engine.Engine - INFO - SELECT test_executions.id AS test_executions_id, test_executions.execution_id AS test_executions_execution_id, test_executions.ticket_id AS test_executions_ticket_id, test_executions.project_id AS test_executions_project_id, test_executions.status AS test_executions_status, test_executions.overall_status AS test_executions_overall_status, test_executions.started_at AS test_executions_started_at, test_executions.completed_at AS test_executions_completed_at, test_executions.total_execution_time AS test_executions_total_execution_time, test_executions.report_path AS test_executions_report_path, test_executions.script_path AS test_executions_script_path, test_executions.video_path AS test_executions_video_path, test_executions.error_message AS test_executions_error_message 
FROM test_executions 
WHERE test_executions.execution_id = %(execution_id_1)s 
 LIMIT %(param_1)s
2025-12-01 15:55:39,159 - sqlalchemy.engine.Engine - INFO - [cached since 1.671e+05s ago] {'execution_id_1': 'rerun_RBPLCD-8001_20251201_155539', 'param_1': 1}
2025-12-01 15:55:39,163 - sqlalchemy.engine.Engine - INFO - UPDATE test_executions SET status=%(status)s WHERE test_executions.id = %(test_executions_id)s
2025-12-01 15:55:39,163 - sqlalchemy.engine.Engine - INFO - [cached since 1.671e+05s ago] {'status': 'running', 'test_executions_id': 162}
2025-12-01 15:55:39,167 - sqlalchemy.engine.Engine - INFO - COMMIT
2025-12-01 15:55:39,404 - TestAutomationAPI - WARNING - STDERR:
Traceback (most recent call last):
  File "C:\Idea Projects\AI_TEST_17_Nov\AI_Test_Assist\Generated_Scripts\RBPLCD-8001_20251127_154251_test.py", line 8, in <module>
    import pytest
ModuleNotFoundError: No module named 'pytest'

2025-12-01 15:55:39,480 - sqlalchemy.engine.Engine - INFO - BEGIN (implicit)
2025-12-01 15:55:39,483 - sqlalchemy.engine.Engine - INFO - SELECT test_executions.id AS test_executions_id, test_executions.execution_id AS test_executions_execution_id, test_executions.ticket_id AS test_executions_ticket_id, test_executions.project_id AS test_executions_project_id, test_executions.started_at AS test_executions_started_at, test_executions.total_execution_time AS test_executions_total_execution_time 
FROM test_executions 
WHERE test_executions.id = %(pk_1)s
2025-12-01 15:55:39,483 - sqlalchemy.engine.Engine - INFO - [cached since 1.671e+05s ago] {'pk_1': 162}
2025-12-01 15:55:39,483 - sqlalchemy.engine.Engine - INFO - UPDATE test_executions SET status=%(status)s, overall_status=%(overall_status)s, completed_at=%(completed_at)s, report_path=%(report_path)s, script_path=%(script_path)s, video_path=%(video_path)s, error_message=%(error_message)s WHERE test_executions.id = %(test_executions_id)s
2025-12-01 15:55:39,483 - sqlalchemy.engine.Engine - INFO - [cached since 1.671e+05s ago] {'status': 'completed', 'overall_status': 'FAILED', 'completed_at': datetime.datetime(2025, 12, 1, 15, 55, 39, 480124), 'report_path': 'C:\\Users\\ENZ1KOR\\PLCD_TA_Team\\PLCD_TA_Team\\Reports\\RBPLCD-8001_20251128_165539_report.html', 'script_path': 'C:\\Users\\ENZ1KOR\\PLCD_TA_Team\\PLCD_TA_Team\\Generated_Scripts\\RBPLCD-8001_20251127_154251_test.py', 'video_path': 'C:\\Users\\ENZ1KOR\\PLCD_TA_Team\\PLCD_TA_Team\\Videos\\a5148d2fae90e8476eb29121efce3a48.webm', 'error_message': None, 'test_executions_id': 162}
2025-12-01 15:55:39,492 - sqlalchemy.engine.Engine - INFO - COMMIT
2025-12-01 15:55:39,496 - TestAutomationAPI - INFO - ======================================================================
2025-12-01 15:55:39,496 - TestAutomationAPI - INFO -    Execution ID: rerun_RBPLCD-8001_20251201_155539
2025-12-01 15:55:39,503 - TestAutomationAPI - INFO -    Overall Status: FAILED
2025-12-01 15:55:39,511 - TestAutomationAPI - INFO -    Completed at: 2025-12-01T15:55:39.511564
2025-12-01 15:55:39,511 - TestAutomationAPI - INFO - ======================================================================
2025-12-01 15:55:39,524 - TestAutomationAPI - INFO - 
2025-12-01 15:55:39,528 - sqlalchemy.engine.Engine - INFO - ROLLBACK
2025-12-01 15:55:42,160 - sqlalchemy.engine.Engine - INFO - BEGIN (implicit)
2025-12-01 15:55:42,160 - sqlalchemy.engine.Engine - INFO - SELECT test_executions.id AS test_executions_id, test_executions.execution_id AS test_executions_execution_id, test_executions.ticket_id AS test_executions_ticket_id, test_executions.project_id AS test_executions_project_id, test_executions.status AS test_executions_status, test_executions.overall_status AS test_executions_overall_status, test_executions.started_at AS test_executions_started_at, test_executions.completed_at AS test_executions_completed_at, test_executions.total_execution_time AS test_executions_total_execution_time, test_executions.report_path AS test_executions_report_path, test_executions.script_path AS test_executions_script_path, test_executions.video_path AS test_executions_video_path, test_executions.error_message AS test_executions_error_message 
FROM test_executions 
WHERE test_executions.execution_id = %(execution_id_1)s 
 LIMIT %(param_1)s
2025-12-01 15:55:42,163 - sqlalchemy.engine.Engine - INFO - [cached since 1.671e+05s ago] {'execution_id_1': 'rerun_RBPLCD-8001_20251201_155539', 'param_1': 1}
2025-12-01 15:55:42,168 - sqlalchemy.engine.Engine - INFO - SELECT count(*) AS count_1 
FROM (SELECT execution_steps.id AS execution_steps_id, execution_steps.execution_id AS execution_steps_execution_id, execution_steps.step_num AS execution_steps_step_num, execution_steps.step_text AS execution_steps_step_text, execution_steps.status AS execution_steps_status, execution_steps.selector_used AS execution_steps_selector_used, execution_steps.level_used AS execution_steps_level_used, execution_steps.confidence AS execution_steps_confidence, execution_steps.execution_time AS execution_steps_execution_time, execution_steps.screenshot_before AS execution_steps_screenshot_before, execution_steps.screenshot_after AS execution_steps_screenshot_after, execution_steps.error_message AS execution_steps_error_message, execution_steps.created_at AS execution_steps_created_at 
FROM execution_steps 
WHERE execution_steps.execution_id = %(execution_id_1)s) AS anon_1
2025-12-01 15:55:42,170 - sqlalchemy.engine.Engine - INFO - [cached since 1.671e+05s ago] {'execution_id_1': 'rerun_RBPLCD-8001_20251201_155539'}
2025-12-01 15:55:42,176 - sqlalchemy.engine.Engine - INFO - SELECT count(*) AS count_1 
FROM (SELECT execution_steps.id AS execution_steps_id, execution_steps.execution_id AS execution_steps_execution_id, execution_steps.step_num AS execution_steps_step_num, execution_steps.step_text AS execution_steps_step_text, execution_steps.status AS execution_steps_status, execution_steps.selector_used AS execution_steps_selector_used, execution_steps.level_used AS execution_steps_level_used, execution_steps.confidence AS execution_steps_confidence, execution_steps.execution_time AS execution_steps_execution_time, execution_steps.screenshot_before AS execution_steps_screenshot_before, execution_steps.screenshot_after AS execution_steps_screenshot_after, execution_steps.error_message AS execution_steps_error_message, execution_steps.created_at AS execution_steps_created_at 
FROM execution_steps 
WHERE execution_steps.execution_id = %(execution_id_1)s AND execution_steps.status IN (%(status_1_1)s, %(status_1_2)s)) AS anon_1
2025-12-01 15:55:42,176 - sqlalchemy.engine.Engine - INFO - [cached since 1.671e+05s ago] {'execution_id_1': 'rerun_RBPLCD-8001_20251201_155539', 'status_1_1': 'PASSED', 'status_1_2': 'FAILED'}
2025-12-01 15:55:42,181 - sqlalchemy.engine.Engine - INFO - ROLLBACK
2025-12-01 16:30:30,409 - sqlalchemy.engine.Engine - INFO - BEGIN (implicit)
2025-12-01 16:30:30,415 - sqlalchemy.engine.Engine - INFO - SELECT tickets.id AS tickets_id, tickets.ticket_id AS tickets_ticket_id, tickets.project_id AS tickets_project_id, tickets.title AS tickets_title, tickets.module AS tickets_module, tickets.description AS tickets_description, tickets.acceptance_criteria AS tickets_acceptance_criteria, tickets.file_path AS tickets_file_path, tickets.created_at AS tickets_created_at 
FROM tickets 
WHERE tickets.ticket_id = %(ticket_id_1)s 
 LIMIT %(param_1)s
2025-12-01 16:30:30,415 - sqlalchemy.engine.Engine - INFO - [cached since 1.691e+05s ago] {'ticket_id_1': 'RBPLCD-8001', 'param_1': 1}
2025-12-01 16:30:30,442 - TestAutomationAPI - WARNING - Could not parse steps from ticket file: name 're' is not defined
2025-12-01 16:30:30,449 - sqlalchemy.engine.Engine - INFO - ROLLBACK
2025-12-01 16:30:32,305 - sqlalchemy.engine.Engine - INFO - BEGIN (implicit)
2025-12-01 16:30:32,305 - sqlalchemy.engine.Engine - INFO - SELECT tickets.id AS tickets_id, tickets.ticket_id AS tickets_ticket_id, tickets.project_id AS tickets_project_id, tickets.title AS tickets_title, tickets.module AS tickets_module, tickets.description AS tickets_description, tickets.acceptance_criteria AS tickets_acceptance_criteria, tickets.file_path AS tickets_file_path, tickets.created_at AS tickets_created_at 
FROM tickets 
WHERE tickets.ticket_id = %(ticket_id_1)s 
 LIMIT %(param_1)s
2025-12-01 16:30:32,309 - sqlalchemy.engine.Engine - INFO - [cached since 1.692e+05s ago] {'ticket_id_1': 'RBPLCD-8001', 'param_1': 1}
2025-12-01 16:30:32,337 - sqlalchemy.engine.Engine - INFO - INSERT INTO test_executions (execution_id, ticket_id, project_id, status, overall_status, started_at, completed_at, total_execution_time, report_path, script_path, video_path, error_message) VALUES (%(execution_id)s, %(ticket_id)s, %(project_id)s, %(status)s, %(overall_status)s, %(started_at)s, %(completed_at)s, %(total_execution_time)s, %(report_path)s, %(script_path)s, %(video_path)s, %(error_message)s) RETURNING test_executions.id
2025-12-01 16:30:32,339 - sqlalchemy.engine.Engine - INFO - [cached since 1.691e+05s ago] {'execution_id': 'rerun_RBPLCD-8001_20251201_163032', 'ticket_id': 'RBPLCD-8001', 'project_id': 1, 'status': 'pending', 'overall_status': 'UNKNOWN', 'started_at': datetime.datetime(2025, 12, 1, 16, 30, 32, 332605), 'completed_at': None, 'total_execution_time': None, 'report_path': None, 'script_path': None, 'video_path': None, 'error_message': None}
2025-12-01 16:30:32,339 - sqlalchemy.engine.Engine - INFO - COMMIT
2025-12-01 16:30:32,350 - sqlalchemy.engine.Engine - INFO - BEGIN (implicit)
2025-12-01 16:30:32,350 - sqlalchemy.engine.Engine - INFO - SELECT test_executions.id, test_executions.execution_id, test_executions.ticket_id, test_executions.project_id, test_executions.status, test_executions.overall_status, test_executions.started_at, test_executions.completed_at, test_executions.total_execution_time, test_executions.report_path, test_executions.script_path, test_executions.video_path, test_executions.error_message 
FROM test_executions 
WHERE test_executions.id = %(pk_1)s
2025-12-01 16:30:32,350 - sqlalchemy.engine.Engine - INFO - [cached since 1.691e+05s ago] {'pk_1': 163}
2025-12-01 16:30:32,370 - sqlalchemy.engine.Engine - INFO - SELECT tickets.id AS tickets_id, tickets.ticket_id AS tickets_ticket_id, tickets.project_id AS tickets_project_id, tickets.title AS tickets_title, tickets.module AS tickets_module, tickets.description AS tickets_description, tickets.acceptance_criteria AS tickets_acceptance_criteria, tickets.file_path AS tickets_file_path, tickets.created_at AS tickets_created_at 
FROM tickets 
WHERE tickets.id = %(pk_1)s
2025-12-01 16:30:32,370 - sqlalchemy.engine.Engine - INFO - [cached since 1.691e+05s ago] {'pk_1': 9}
2025-12-01 16:30:32,380 - TestAutomationAPI - INFO - ======================================================================
2025-12-01 16:30:32,382 - TestAutomationAPI - INFO -    Execution ID: rerun_RBPLCD-8001_20251201_163032
2025-12-01 16:30:32,382 - TestAutomationAPI - INFO -    Ticket ID: RBPLCD-8001
2025-12-01 16:30:32,382 - TestAutomationAPI - INFO -    Script: C:\Idea Projects\AI_TEST_17_Nov\AI_Test_Assist\Generated_Scripts\RBPLCD-8001_20251127_154251_test.py
2025-12-01 16:30:32,382 - TestAutomationAPI - INFO -    Started at: 2025-12-01T16:30:32.382817
2025-12-01 16:30:32,382 - TestAutomationAPI - INFO - ======================================================================
2025-12-01 16:30:32,391 - sqlalchemy.engine.Engine - INFO - BEGIN (implicit)
2025-12-01 16:30:32,391 - sqlalchemy.engine.Engine - INFO - SELECT test_executions.id AS test_executions_id, test_executions.execution_id AS test_executions_execution_id, test_executions.ticket_id AS test_executions_ticket_id, test_executions.project_id AS test_executions_project_id, test_executions.status AS test_executions_status, test_executions.overall_status AS test_executions_overall_status, test_executions.started_at AS test_executions_started_at, test_executions.completed_at AS test_executions_completed_at, test_executions.total_execution_time AS test_executions_total_execution_time, test_executions.report_path AS test_executions_report_path, test_executions.script_path AS test_executions_script_path, test_executions.video_path AS test_executions_video_path, test_executions.error_message AS test_executions_error_message 
FROM test_executions 
WHERE test_executions.execution_id = %(execution_id_1)s 
 LIMIT %(param_1)s
2025-12-01 16:30:32,394 - sqlalchemy.engine.Engine - INFO - [cached since 1.691e+05s ago] {'execution_id_1': 'rerun_RBPLCD-8001_20251201_163032', 'param_1': 1}
2025-12-01 16:30:32,398 - sqlalchemy.engine.Engine - INFO - UPDATE test_executions SET status=%(status)s WHERE test_executions.id = %(test_executions_id)s
2025-12-01 16:30:32,398 - sqlalchemy.engine.Engine - INFO - [cached since 1.691e+05s ago] {'status': 'running', 'test_executions_id': 163}
2025-12-01 16:30:32,401 - sqlalchemy.engine.Engine - INFO - COMMIT
2025-12-01 16:30:32,614 - TestAutomationAPI - WARNING - STDERR:
Traceback (most recent call last):
  File "C:\Idea Projects\AI_TEST_17_Nov\AI_Test_Assist\Generated_Scripts\RBPLCD-8001_20251127_154251_test.py", line 8, in <module>
    import pytest
ModuleNotFoundError: No module named 'pytest'

2025-12-01 16:30:32,716 - sqlalchemy.engine.Engine - INFO - BEGIN (implicit)
2025-12-01 16:30:32,717 - sqlalchemy.engine.Engine - INFO - SELECT test_executions.id AS test_executions_id, test_executions.execution_id AS test_executions_execution_id, test_executions.ticket_id AS test_executions_ticket_id, test_executions.project_id AS test_executions_project_id, test_executions.started_at AS test_executions_started_at, test_executions.total_execution_time AS test_executions_total_execution_time 
FROM test_executions 
WHERE test_executions.id = %(pk_1)s
2025-12-01 16:30:32,717 - sqlalchemy.engine.Engine - INFO - [cached since 1.691e+05s ago] {'pk_1': 163}
2025-12-01 16:30:32,717 - sqlalchemy.engine.Engine - INFO - UPDATE test_executions SET status=%(status)s, overall_status=%(overall_status)s, completed_at=%(completed_at)s, report_path=%(report_path)s, script_path=%(script_path)s, video_path=%(video_path)s, error_message=%(error_message)s WHERE test_executions.id = %(test_executions_id)s
2025-12-01 16:30:32,717 - sqlalchemy.engine.Engine - INFO - [cached since 1.691e+05s ago] {'status': 'completed', 'overall_status': 'FAILED', 'completed_at': datetime.datetime(2025, 12, 1, 16, 30, 32, 713776), 'report_path': 'C:\\Users\\ENZ1KOR\\PLCD_TA_Team\\PLCD_TA_Team\\Reports\\RBPLCD-8001_20251128_165539_report.html', 'script_path': 'C:\\Users\\ENZ1KOR\\PLCD_TA_Team\\PLCD_TA_Team\\Generated_Scripts\\RBPLCD-8001_20251127_154251_test.py', 'video_path': 'C:\\Users\\ENZ1KOR\\PLCD_TA_Team\\PLCD_TA_Team\\Videos\\a5148d2fae90e8476eb29121efce3a48.webm', 'error_message': None, 'test_executions_id': 163}
2025-12-01 16:30:32,730 - sqlalchemy.engine.Engine - INFO - COMMIT
2025-12-01 16:30:32,730 - TestAutomationAPI - INFO - ======================================================================
2025-12-01 16:30:32,736 - TestAutomationAPI - INFO -    Execution ID: rerun_RBPLCD-8001_20251201_163032
2025-12-01 16:30:32,736 - TestAutomationAPI - INFO -    Overall Status: FAILED
2025-12-01 16:30:32,758 - TestAutomationAPI - INFO -    Completed at: 2025-12-01T16:30:32.758700
2025-12-01 16:30:32,759 - TestAutomationAPI - INFO - ======================================================================
2025-12-01 16:30:32,763 - TestAutomationAPI - INFO - 
2025-12-01 16:30:32,763 - sqlalchemy.engine.Engine - INFO - ROLLBACK
2025-12-01 16:30:35,393 - sqlalchemy.engine.Engine - INFO - BEGIN (implicit)
2025-12-01 16:30:35,393 - sqlalchemy.engine.Engine - INFO - SELECT test_executions.id AS test_executions_id, test_executions.execution_id AS test_executions_execution_id, test_executions.ticket_id AS test_executions_ticket_id, test_executions.project_id AS test_executions_project_id, test_executions.status AS test_executions_status, test_executions.overall_status AS test_executions_overall_status, test_executions.started_at AS test_executions_started_at, test_executions.completed_at AS test_executions_completed_at, test_executions.total_execution_time AS test_executions_total_execution_time, test_executions.report_path AS test_executions_report_path, test_executions.script_path AS test_executions_script_path, test_executions.video_path AS test_executions_video_path, test_executions.error_message AS test_executions_error_message 
FROM test_executions 
WHERE test_executions.execution_id = %(execution_id_1)s 
 LIMIT %(param_1)s
2025-12-01 16:30:35,395 - sqlalchemy.engine.Engine - INFO - [cached since 1.691e+05s ago] {'execution_id_1': 'rerun_RBPLCD-8001_20251201_163032', 'param_1': 1}
2025-12-01 16:30:35,398 - sqlalchemy.engine.Engine - INFO - SELECT count(*) AS count_1 
FROM (SELECT execution_steps.id AS execution_steps_id, execution_steps.execution_id AS execution_steps_execution_id, execution_steps.step_num AS execution_steps_step_num, execution_steps.step_text AS execution_steps_step_text, execution_steps.status AS execution_steps_status, execution_steps.selector_used AS execution_steps_selector_used, execution_steps.level_used AS execution_steps_level_used, execution_steps.confidence AS execution_steps_confidence, execution_steps.execution_time AS execution_steps_execution_time, execution_steps.screenshot_before AS execution_steps_screenshot_before, execution_steps.screenshot_after AS execution_steps_screenshot_after, execution_steps.error_message AS execution_steps_error_message, execution_steps.created_at AS execution_steps_created_at 
FROM execution_steps 
WHERE execution_steps.execution_id = %(execution_id_1)s) AS anon_1
2025-12-01 16:30:35,398 - sqlalchemy.engine.Engine - INFO - [cached since 1.691e+05s ago] {'execution_id_1': 'rerun_RBPLCD-8001_20251201_163032'}
2025-12-01 16:30:35,398 - sqlalchemy.engine.Engine - INFO - SELECT count(*) AS count_1 
FROM (SELECT execution_steps.id AS execution_steps_id, execution_steps.execution_id AS execution_steps_execution_id, execution_steps.step_num AS execution_steps_step_num, execution_steps.step_text AS execution_steps_step_text, execution_steps.status AS execution_steps_status, execution_steps.selector_used AS execution_steps_selector_used, execution_steps.level_used AS execution_steps_level_used, execution_steps.confidence AS execution_steps_confidence, execution_steps.execution_time AS execution_steps_execution_time, execution_steps.screenshot_before AS execution_steps_screenshot_before, execution_steps.screenshot_after AS execution_steps_screenshot_after, execution_steps.error_message AS execution_steps_error_message, execution_steps.created_at AS execution_steps_created_at 
FROM execution_steps 
WHERE execution_steps.execution_id = %(execution_id_1)s AND execution_steps.status IN (%(status_1_1)s, %(status_1_2)s)) AS anon_1
2025-12-01 16:30:35,413 - sqlalchemy.engine.Engine - INFO - [cached since 1.691e+05s ago] {'execution_id_1': 'rerun_RBPLCD-8001_20251201_163032', 'status_1_1': 'PASSED', 'status_1_2': 'FAILED'}
2025-12-01 16:30:35,418 - sqlalchemy.engine.Engine - INFO - ROLLBACK
2025-12-01 16:30:56,495 - sqlalchemy.engine.Engine - INFO - BEGIN (implicit)
2025-12-01 16:30:56,495 - sqlalchemy.engine.Engine - INFO - SELECT tickets.id AS tickets_id, tickets.ticket_id AS tickets_ticket_id, tickets.project_id AS tickets_project_id, tickets.title AS tickets_title, tickets.module AS tickets_module, tickets.description AS tickets_description, tickets.acceptance_criteria AS tickets_acceptance_criteria, tickets.file_path AS tickets_file_path, tickets.created_at AS tickets_created_at 
FROM tickets 
WHERE tickets.ticket_id = %(ticket_id_1)s 
 LIMIT %(param_1)s
2025-12-01 16:30:56,495 - sqlalchemy.engine.Engine - INFO - [cached since 1.692e+05s ago] {'ticket_id_1': 'RBPLCD-8835', 'param_1': 1}
2025-12-01 16:30:56,531 - TestAutomationAPI - WARNING - Could not parse steps from ticket file: name 're' is not defined
2025-12-01 16:30:56,533 - sqlalchemy.engine.Engine - INFO - ROLLBACK
2025-12-01 16:31:02,223 - sqlalchemy.engine.Engine - INFO - BEGIN (implicit)
2025-12-01 16:31:02,223 - sqlalchemy.engine.Engine - INFO - SELECT tickets.id AS tickets_id, tickets.ticket_id AS tickets_ticket_id, tickets.project_id AS tickets_project_id, tickets.title AS tickets_title, tickets.module AS tickets_module, tickets.description AS tickets_description, tickets.acceptance_criteria AS tickets_acceptance_criteria, tickets.file_path AS tickets_file_path, tickets.created_at AS tickets_created_at 
FROM tickets 
WHERE tickets.ticket_id = %(ticket_id_1)s 
 LIMIT %(param_1)s
2025-12-01 16:31:02,223 - sqlalchemy.engine.Engine - INFO - [cached since 1.692e+05s ago] {'ticket_id_1': 'RBPLCD-8835', 'param_1': 1}
2025-12-01 16:31:02,239 - sqlalchemy.engine.Engine - INFO - INSERT INTO test_executions (execution_id, ticket_id, project_id, status, overall_status, started_at, completed_at, total_execution_time, report_path, script_path, video_path, error_message) VALUES (%(execution_id)s, %(ticket_id)s, %(project_id)s, %(status)s, %(overall_status)s, %(started_at)s, %(completed_at)s, %(total_execution_time)s, %(report_path)s, %(script_path)s, %(video_path)s, %(error_message)s) RETURNING test_executions.id
2025-12-01 16:31:02,241 - sqlalchemy.engine.Engine - INFO - [cached since 1.692e+05s ago] {'execution_id': 'exec_RBPLCD-8835_20251201_163102', 'ticket_id': 'RBPLCD-8835', 'project_id': 1, 'status': 'pending', 'overall_status': None, 'started_at': datetime.datetime(2025, 12, 1, 16, 31, 2, 238016), 'completed_at': None, 'total_execution_time': None, 'report_path': None, 'script_path': None, 'video_path': None, 'error_message': None}
2025-12-01 16:31:02,243 - sqlalchemy.engine.Engine - INFO - COMMIT
2025-12-01 16:31:02,243 - sqlalchemy.engine.Engine - INFO - BEGIN (implicit)
2025-12-01 16:31:02,249 - sqlalchemy.engine.Engine - INFO - SELECT test_executions.id, test_executions.execution_id, test_executions.ticket_id, test_executions.project_id, test_executions.status, test_executions.overall_status, test_executions.started_at, test_executions.completed_at, test_executions.total_execution_time, test_executions.report_path, test_executions.script_path, test_executions.video_path, test_executions.error_message 
FROM test_executions 
WHERE test_executions.id = %(pk_1)s
2025-12-01 16:31:02,249 - sqlalchemy.engine.Engine - INFO - [cached since 1.692e+05s ago] {'pk_1': 164}
2025-12-01 16:31:02,313 - sqlalchemy.engine.Engine - INFO - SELECT tickets.id AS tickets_id, tickets.ticket_id AS tickets_ticket_id, tickets.project_id AS tickets_project_id, tickets.title AS tickets_title, tickets.module AS tickets_module, tickets.description AS tickets_description, tickets.acceptance_criteria AS tickets_acceptance_criteria, tickets.file_path AS tickets_file_path, tickets.created_at AS tickets_created_at 
FROM tickets 
WHERE tickets.id = %(pk_1)s
2025-12-01 16:31:02,313 - sqlalchemy.engine.Engine - INFO - [cached since 1.692e+05s ago] {'pk_1': 2}
2025-12-01 16:31:02,324 - TestAutomationAPI - INFO - ======================================================================
2025-12-01 16:31:02,325 - TestAutomationAPI - INFO -    Execution ID: exec_RBPLCD-8835_20251201_163102
2025-12-01 16:31:02,325 - TestAutomationAPI - INFO -    Ticket ID: RBPLCD-8835
2025-12-01 16:31:02,325 - TestAutomationAPI - INFO -    Started at: 2025-12-01T16:31:02.325462
2025-12-01 16:31:02,325 - TestAutomationAPI - INFO - ======================================================================
2025-12-01 16:31:02,325 - sqlalchemy.engine.Engine - INFO - BEGIN (implicit)
2025-12-01 16:31:02,325 - sqlalchemy.engine.Engine - INFO - SELECT test_executions.id AS test_executions_id, test_executions.execution_id AS test_executions_execution_id, test_executions.ticket_id AS test_executions_ticket_id, test_executions.project_id AS test_executions_project_id, test_executions.status AS test_executions_status, test_executions.overall_status AS test_executions_overall_status, test_executions.started_at AS test_executions_started_at, test_executions.completed_at AS test_executions_completed_at, test_executions.total_execution_time AS test_executions_total_execution_time, test_executions.report_path AS test_executions_report_path, test_executions.script_path AS test_executions_script_path, test_executions.video_path AS test_executions_video_path, test_executions.error_message AS test_executions_error_message 
FROM test_executions 
WHERE test_executions.execution_id = %(execution_id_1)s 
 LIMIT %(param_1)s
2025-12-01 16:31:02,340 - sqlalchemy.engine.Engine - INFO - [cached since 1.692e+05s ago] {'execution_id_1': 'exec_RBPLCD-8835_20251201_163102', 'param_1': 1}
2025-12-01 16:31:02,345 - sqlalchemy.engine.Engine - INFO - UPDATE test_executions SET status=%(status)s WHERE test_executions.id = %(test_executions_id)s
2025-12-01 16:31:02,345 - sqlalchemy.engine.Engine - INFO - [cached since 1.692e+05s ago] {'status': 'running', 'test_executions_id': 164}
2025-12-01 16:31:02,345 - sqlalchemy.engine.Engine - INFO - COMMIT
2025-12-01 16:31:05,336 - sqlalchemy.engine.Engine - INFO - BEGIN (implicit)
2025-12-01 16:31:05,336 - sqlalchemy.engine.Engine - INFO - SELECT test_executions.id AS test_executions_id, test_executions.execution_id AS test_executions_execution_id, test_executions.ticket_id AS test_executions_ticket_id, test_executions.project_id AS test_executions_project_id, test_executions.status AS test_executions_status, test_executions.overall_status AS test_executions_overall_status, test_executions.started_at AS test_executions_started_at, test_executions.completed_at AS test_executions_completed_at, test_executions.total_execution_time AS test_executions_total_execution_time, test_executions.report_path AS test_executions_report_path, test_executions.script_path AS test_executions_script_path, test_executions.video_path AS test_executions_video_path, test_executions.error_message AS test_executions_error_message 
FROM test_executions 
WHERE test_executions.execution_id = %(execution_id_1)s 
 LIMIT %(param_1)s
2025-12-01 16:31:05,336 - sqlalchemy.engine.Engine - INFO - [cached since 1.692e+05s ago] {'execution_id_1': 'exec_RBPLCD-8835_20251201_163102', 'param_1': 1}
2025-12-01 16:31:05,340 - sqlalchemy.engine.Engine - INFO - SELECT count(*) AS count_1 
FROM (SELECT execution_steps.id AS execution_steps_id, execution_steps.execution_id AS execution_steps_execution_id, execution_steps.step_num AS execution_steps_step_num, execution_steps.step_text AS execution_steps_step_text, execution_steps.status AS execution_steps_status, execution_steps.selector_used AS execution_steps_selector_used, execution_steps.level_used AS execution_steps_level_used, execution_steps.confidence AS execution_steps_confidence, execution_steps.execution_time AS execution_steps_execution_time, execution_steps.screenshot_before AS execution_steps_screenshot_before, execution_steps.screenshot_after AS execution_steps_screenshot_after, execution_steps.error_message AS execution_steps_error_message, execution_steps.created_at AS execution_steps_created_at 
FROM execution_steps 
WHERE execution_steps.execution_id = %(execution_id_1)s) AS anon_1
2025-12-01 16:31:05,345 - sqlalchemy.engine.Engine - INFO - [cached since 1.692e+05s ago] {'execution_id_1': 'exec_RBPLCD-8835_20251201_163102'}
2025-12-01 16:31:05,347 - sqlalchemy.engine.Engine - INFO - SELECT count(*) AS count_1 
FROM (SELECT execution_steps.id AS execution_steps_id, execution_steps.execution_id AS execution_steps_execution_id, execution_steps.step_num AS execution_steps_step_num, execution_steps.step_text AS execution_steps_step_text, execution_steps.status AS execution_steps_status, execution_steps.selector_used AS execution_steps_selector_used, execution_steps.level_used AS execution_steps_level_used, execution_steps.confidence AS execution_steps_confidence, execution_steps.execution_time AS execution_steps_execution_time, execution_steps.screenshot_before AS execution_steps_screenshot_before, execution_steps.screenshot_after AS execution_steps_screenshot_after, execution_steps.error_message AS execution_steps_error_message, execution_steps.created_at AS execution_steps_created_at 
FROM execution_steps 
WHERE execution_steps.execution_id = %(execution_id_1)s AND execution_steps.status IN (%(status_1_1)s, %(status_1_2)s)) AS anon_1
2025-12-01 16:31:05,347 - sqlalchemy.engine.Engine - INFO - [cached since 1.692e+05s ago] {'execution_id_1': 'exec_RBPLCD-8835_20251201_163102', 'status_1_1': 'PASSED', 'status_1_2': 'FAILED'}
2025-12-01 16:31:05,354 - sqlalchemy.engine.Engine - INFO - ROLLBACK
2025-12-01 16:31:08,328 - sqlalchemy.engine.Engine - INFO - BEGIN (implicit)
2025-12-01 16:31:08,333 - sqlalchemy.engine.Engine - INFO - SELECT test_executions.id AS test_executions_id, test_executions.execution_id AS test_executions_execution_id, test_executions.ticket_id AS test_executions_ticket_id, test_executions.project_id AS test_executions_project_id, test_executions.status AS test_executions_status, test_executions.overall_status AS test_executions_overall_status, test_executions.started_at AS test_executions_started_at, test_executions.completed_at AS test_executions_completed_at, test_executions.total_execution_time AS test_executions_total_execution_time, test_executions.report_path AS test_executions_report_path, test_executions.script_path AS test_executions_script_path, test_executions.video_path AS test_executions_video_path, test_executions.error_message AS test_executions_error_message 
FROM test_executions 
WHERE test_executions.execution_id = %(execution_id_1)s 
 LIMIT %(param_1)s
2025-12-01 16:31:08,333 - sqlalchemy.engine.Engine - INFO - [cached since 1.692e+05s ago] {'execution_id_1': 'exec_RBPLCD-8835_20251201_163102', 'param_1': 1}
2025-12-01 16:31:08,333 - sqlalchemy.engine.Engine - INFO - SELECT count(*) AS count_1 
FROM (SELECT execution_steps.id AS execution_steps_id, execution_steps.execution_id AS execution_steps_execution_id, execution_steps.step_num AS execution_steps_step_num, execution_steps.step_text AS execution_steps_step_text, execution_steps.status AS execution_steps_status, execution_steps.selector_used AS execution_steps_selector_used, execution_steps.level_used AS execution_steps_level_used, execution_steps.confidence AS execution_steps_confidence, execution_steps.execution_time AS execution_steps_execution_time, execution_steps.screenshot_before AS execution_steps_screenshot_before, execution_steps.screenshot_after AS execution_steps_screenshot_after, execution_steps.error_message AS execution_steps_error_message, execution_steps.created_at AS execution_steps_created_at 
FROM execution_steps 
WHERE execution_steps.execution_id = %(execution_id_1)s) AS anon_1
2025-12-01 16:31:08,333 - sqlalchemy.engine.Engine - INFO - [cached since 1.692e+05s ago] {'execution_id_1': 'exec_RBPLCD-8835_20251201_163102'}
2025-12-01 16:31:08,341 - sqlalchemy.engine.Engine - INFO - SELECT count(*) AS count_1 
FROM (SELECT execution_steps.id AS execution_steps_id, execution_steps.execution_id AS execution_steps_execution_id, execution_steps.step_num AS execution_steps_step_num, execution_steps.step_text AS execution_steps_step_text, execution_steps.status AS execution_steps_status, execution_steps.selector_used AS execution_steps_selector_used, execution_steps.level_used AS execution_steps_level_used, execution_steps.confidence AS execution_steps_confidence, execution_steps.execution_time AS execution_steps_execution_time, execution_steps.screenshot_before AS execution_steps_screenshot_before, execution_steps.screenshot_after AS execution_steps_screenshot_after, execution_steps.error_message AS execution_steps_error_message, execution_steps.created_at AS execution_steps_created_at 
FROM execution_steps 
WHERE execution_steps.execution_id = %(execution_id_1)s AND execution_steps.status IN (%(status_1_1)s, %(status_1_2)s)) AS anon_1
2025-12-01 16:31:08,343 - sqlalchemy.engine.Engine - INFO - [cached since 1.692e+05s ago] {'execution_id_1': 'exec_RBPLCD-8835_20251201_163102', 'status_1_1': 'PASSED', 'status_1_2': 'FAILED'}
2025-12-01 16:31:08,349 - sqlalchemy.engine.Engine - INFO - ROLLBACK
2025-12-01 16:31:09,165 - TestExecutionService - INFO -    Looking for files created after 16:31:02
2025-12-01 16:31:09,200 - TestExecutionService - INFO -    Found PASSED indicator: '[OK] Summary:'
2025-12-01 16:31:09,200 - TestExecutionService - INFO -    Found FAILED indicator: 'Status: FAILED'
2025-12-01 16:31:09,278 - TestExecutionService - INFO -    Step counts in report: 4 passed, 6 failed
2025-12-01 16:31:09,301 - TestExecutionService - WARNING -    No steps found with main pattern, trying alternate parsing...
2025-12-01 16:31:09,443 - TestExecutionService - INFO -    Looking for files created after 16:31:02
2025-12-01 16:31:09,595 - sqlalchemy.engine.Engine - INFO - BEGIN (implicit)
2025-12-01 16:31:09,598 - sqlalchemy.engine.Engine - INFO - SELECT test_executions.id AS test_executions_id, test_executions.execution_id AS test_executions_execution_id, test_executions.ticket_id AS test_executions_ticket_id, test_executions.project_id AS test_executions_project_id, test_executions.status AS test_executions_status, test_executions.overall_status AS test_executions_overall_status, test_executions.started_at AS test_executions_started_at, test_executions.completed_at AS test_executions_completed_at, test_executions.total_execution_time AS test_executions_total_execution_time, test_executions.report_path AS test_executions_report_path, test_executions.script_path AS test_executions_script_path, test_executions.video_path AS test_executions_video_path, test_executions.error_message AS test_executions_error_message 
FROM test_executions 
WHERE test_executions.execution_id = %(execution_id_1)s 
 LIMIT %(param_1)s
2025-12-01 16:31:09,601 - sqlalchemy.engine.Engine - INFO - [cached since 1.692e+05s ago] {'execution_id_1': 'exec_RBPLCD-8835_20251201_163102', 'param_1': 1}
2025-12-01 16:31:09,622 - sqlalchemy.engine.Engine - INFO - UPDATE test_executions SET status=%(status)s, overall_status=%(overall_status)s, completed_at=%(completed_at)s, report_path=%(report_path)s WHERE test_executions.id = %(test_executions_id)s
2025-12-01 16:31:09,622 - sqlalchemy.engine.Engine - INFO - [generated in 0.00315s] {'status': 'completed', 'overall_status': 'FAILED', 'completed_at': datetime.datetime(2025, 12, 1, 16, 31, 9, 606607), 'report_path': 'C:\\Users\\ENZ1KOR\\PLCD_TA_Team\\PLCD_TA_Team\\Reports\\RBPLCD-8835_20251201_163108_report.html', 'test_executions_id': 164}
2025-12-01 16:31:09,627 - sqlalchemy.engine.Engine - INFO - COMMIT
2025-12-01 16:31:09,651 - TestAutomationAPI - INFO - ======================================================================
2025-12-01 16:31:09,651 - TestAutomationAPI - INFO -    Execution ID: exec_RBPLCD-8835_20251201_163102
2025-12-01 16:31:09,651 - TestAutomationAPI - INFO -    Overall Status: FAILED
2025-12-01 16:31:09,671 - TestAutomationAPI - INFO -    Completed at: 2025-12-01T16:31:09.671551
2025-12-01 16:31:09,671 - TestAutomationAPI - INFO - ======================================================================
2025-12-01 16:31:09,683 - TestAutomationAPI - INFO - 
2025-12-01 16:31:09,687 - sqlalchemy.engine.Engine - INFO - ROLLBACK
2025-12-01 16:31:11,335 - sqlalchemy.engine.Engine - INFO - BEGIN (implicit)
2025-12-01 16:31:11,335 - sqlalchemy.engine.Engine - INFO - SELECT test_executions.id AS test_executions_id, test_executions.execution_id AS test_executions_execution_id, test_executions.ticket_id AS test_executions_ticket_id, test_executions.project_id AS test_executions_project_id, test_executions.status AS test_executions_status, test_executions.overall_status AS test_executions_overall_status, test_executions.started_at AS test_executions_started_at, test_executions.completed_at AS test_executions_completed_at, test_executions.total_execution_time AS test_executions_total_execution_time, test_executions.report_path AS test_executions_report_path, test_executions.script_path AS test_executions_script_path, test_executions.video_path AS test_executions_video_path, test_executions.error_message AS test_executions_error_message 
FROM test_executions 
WHERE test_executions.execution_id = %(execution_id_1)s 
 LIMIT %(param_1)s
2025-12-01 16:31:11,335 - sqlalchemy.engine.Engine - INFO - [cached since 1.692e+05s ago] {'execution_id_1': 'exec_RBPLCD-8835_20251201_163102', 'param_1': 1}
2025-12-01 16:31:11,341 - sqlalchemy.engine.Engine - INFO - SELECT count(*) AS count_1 
FROM (SELECT execution_steps.id AS execution_steps_id, execution_steps.execution_id AS execution_steps_execution_id, execution_steps.step_num AS execution_steps_step_num, execution_steps.step_text AS execution_steps_step_text, execution_steps.status AS execution_steps_status, execution_steps.selector_used AS execution_steps_selector_used, execution_steps.level_used AS execution_steps_level_used, execution_steps.confidence AS execution_steps_confidence, execution_steps.execution_time AS execution_steps_execution_time, execution_steps.screenshot_before AS execution_steps_screenshot_before, execution_steps.screenshot_after AS execution_steps_screenshot_after, execution_steps.error_message AS execution_steps_error_message, execution_steps.created_at AS execution_steps_created_at 
FROM execution_steps 
WHERE execution_steps.execution_id = %(execution_id_1)s) AS anon_1
2025-12-01 16:31:11,341 - sqlalchemy.engine.Engine - INFO - [cached since 1.692e+05s ago] {'execution_id_1': 'exec_RBPLCD-8835_20251201_163102'}
2025-12-01 16:31:11,347 - sqlalchemy.engine.Engine - INFO - SELECT count(*) AS count_1 
FROM (SELECT execution_steps.id AS execution_steps_id, execution_steps.execution_id AS execution_steps_execution_id, execution_steps.step_num AS execution_steps_step_num, execution_steps.step_text AS execution_steps_step_text, execution_steps.status AS execution_steps_status, execution_steps.selector_used AS execution_steps_selector_used, execution_steps.level_used AS execution_steps_level_used, execution_steps.confidence AS execution_steps_confidence, execution_steps.execution_time AS execution_steps_execution_time, execution_steps.screenshot_before AS execution_steps_screenshot_before, execution_steps.screenshot_after AS execution_steps_screenshot_after, execution_steps.error_message AS execution_steps_error_message, execution_steps.created_at AS execution_steps_created_at 
FROM execution_steps 
WHERE execution_steps.execution_id = %(execution_id_1)s AND execution_steps.status IN (%(status_1_1)s, %(status_1_2)s)) AS anon_1
2025-12-01 16:31:11,350 - sqlalchemy.engine.Engine - INFO - [cached since 1.692e+05s ago] {'execution_id_1': 'exec_RBPLCD-8835_20251201_163102', 'status_1_1': 'PASSED', 'status_1_2': 'FAILED'}
2025-12-01 16:31:11,357 - sqlalchemy.engine.Engine - INFO - ROLLBACK
2025-12-01 16:31:27,846 - sqlalchemy.engine.Engine - INFO - BEGIN (implicit)
2025-12-01 16:31:27,846 - sqlalchemy.engine.Engine - INFO - SELECT test_executions.id AS test_executions_id, test_executions.execution_id AS test_executions_execution_id, test_executions.ticket_id AS test_executions_ticket_id, test_executions.project_id AS test_executions_project_id, test_executions.status AS test_executions_status, test_executions.overall_status AS test_executions_overall_status, test_executions.started_at AS test_executions_started_at, test_executions.completed_at AS test_executions_completed_at, test_executions.total_execution_time AS test_executions_total_execution_time, test_executions.report_path AS test_executions_report_path, test_executions.script_path AS test_executions_script_path, test_executions.video_path AS test_executions_video_path, test_executions.error_message AS test_executions_error_message 
FROM test_executions 
WHERE test_executions.execution_id = %(execution_id_1)s 
 LIMIT %(param_1)s
2025-12-01 16:31:27,851 - sqlalchemy.engine.Engine - INFO - [cached since 1.692e+05s ago] {'execution_id_1': 'exec_RBPLCD-8835_20251201_163102', 'param_1': 1}
2025-12-01 16:31:27,870 - sqlalchemy.engine.Engine - INFO - ROLLBACK
