2025-11-26 13:46:21,669 - TestAutomationAPI - INFO - Starting Test Automation API...
2025-11-26 13:46:21,745 - sqlalchemy.engine.Engine - INFO - select pg_catalog.version()
2025-11-26 13:46:21,746 - sqlalchemy.engine.Engine - INFO - [raw sql] {}
2025-11-26 13:46:21,747 - sqlalchemy.engine.Engine - INFO - select current_schema()
2025-11-26 13:46:21,749 - sqlalchemy.engine.Engine - INFO - [raw sql] {}
2025-11-26 13:46:21,751 - sqlalchemy.engine.Engine - INFO - show standard_conforming_strings
2025-11-26 13:46:21,751 - sqlalchemy.engine.Engine - INFO - [raw sql] {}
2025-11-26 13:46:21,752 - sqlalchemy.engine.Engine - INFO - BEGIN (implicit)
2025-11-26 13:46:21,757 - sqlalchemy.engine.Engine - INFO - SELECT pg_catalog.pg_class.relname 
FROM pg_catalog.pg_class JOIN pg_catalog.pg_namespace ON pg_catalog.pg_namespace.oid = pg_catalog.pg_class.relnamespace 
WHERE pg_catalog.pg_class.relname = %(table_name)s AND pg_catalog.pg_class.relkind = ANY (ARRAY[%(param_1)s, %(param_2)s, %(param_3)s, %(param_4)s, %(param_5)s]) AND pg_catalog.pg_table_is_visible(pg_catalog.pg_class.oid) AND pg_catalog.pg_namespace.nspname != %(nspname_1)s
2025-11-26 13:46:21,758 - sqlalchemy.engine.Engine - INFO - [generated in 0.00097s] {'table_name': 'projects', 'param_1': 'r', 'param_2': 'p', 'param_3': 'f', 'param_4': 'v', 'param_5': 'm', 'nspname_1': 'pg_catalog'}
2025-11-26 13:46:21,763 - sqlalchemy.engine.Engine - INFO - SELECT pg_catalog.pg_class.relname 
FROM pg_catalog.pg_class JOIN pg_catalog.pg_namespace ON pg_catalog.pg_namespace.oid = pg_catalog.pg_class.relnamespace 
WHERE pg_catalog.pg_class.relname = %(table_name)s AND pg_catalog.pg_class.relkind = ANY (ARRAY[%(param_1)s, %(param_2)s, %(param_3)s, %(param_4)s, %(param_5)s]) AND pg_catalog.pg_table_is_visible(pg_catalog.pg_class.oid) AND pg_catalog.pg_namespace.nspname != %(nspname_1)s
2025-11-26 13:46:21,765 - sqlalchemy.engine.Engine - INFO - [cached since 0.007278s ago] {'table_name': 'testers', 'param_1': 'r', 'param_2': 'p', 'param_3': 'f', 'param_4': 'v', 'param_5': 'm', 'nspname_1': 'pg_catalog'}
2025-11-26 13:46:21,766 - sqlalchemy.engine.Engine - INFO - SELECT pg_catalog.pg_class.relname 
FROM pg_catalog.pg_class JOIN pg_catalog.pg_namespace ON pg_catalog.pg_namespace.oid = pg_catalog.pg_class.relnamespace 
WHERE pg_catalog.pg_class.relname = %(table_name)s AND pg_catalog.pg_class.relkind = ANY (ARRAY[%(param_1)s, %(param_2)s, %(param_3)s, %(param_4)s, %(param_5)s]) AND pg_catalog.pg_table_is_visible(pg_catalog.pg_class.oid) AND pg_catalog.pg_namespace.nspname != %(nspname_1)s
2025-11-26 13:46:21,766 - sqlalchemy.engine.Engine - INFO - [cached since 0.009602s ago] {'table_name': 'tickets', 'param_1': 'r', 'param_2': 'p', 'param_3': 'f', 'param_4': 'v', 'param_5': 'm', 'nspname_1': 'pg_catalog'}
2025-11-26 13:46:21,768 - sqlalchemy.engine.Engine - INFO - SELECT pg_catalog.pg_class.relname 
FROM pg_catalog.pg_class JOIN pg_catalog.pg_namespace ON pg_catalog.pg_namespace.oid = pg_catalog.pg_class.relnamespace 
WHERE pg_catalog.pg_class.relname = %(table_name)s AND pg_catalog.pg_class.relkind = ANY (ARRAY[%(param_1)s, %(param_2)s, %(param_3)s, %(param_4)s, %(param_5)s]) AND pg_catalog.pg_table_is_visible(pg_catalog.pg_class.oid) AND pg_catalog.pg_namespace.nspname != %(nspname_1)s
2025-11-26 13:46:21,769 - sqlalchemy.engine.Engine - INFO - [cached since 0.01189s ago] {'table_name': 'test_executions', 'param_1': 'r', 'param_2': 'p', 'param_3': 'f', 'param_4': 'v', 'param_5': 'm', 'nspname_1': 'pg_catalog'}
2025-11-26 13:46:21,770 - sqlalchemy.engine.Engine - INFO - SELECT pg_catalog.pg_class.relname 
FROM pg_catalog.pg_class JOIN pg_catalog.pg_namespace ON pg_catalog.pg_namespace.oid = pg_catalog.pg_class.relnamespace 
WHERE pg_catalog.pg_class.relname = %(table_name)s AND pg_catalog.pg_class.relkind = ANY (ARRAY[%(param_1)s, %(param_2)s, %(param_3)s, %(param_4)s, %(param_5)s]) AND pg_catalog.pg_table_is_visible(pg_catalog.pg_class.oid) AND pg_catalog.pg_namespace.nspname != %(nspname_1)s
2025-11-26 13:46:21,771 - sqlalchemy.engine.Engine - INFO - [cached since 0.01391s ago] {'table_name': 'execution_steps', 'param_1': 'r', 'param_2': 'p', 'param_3': 'f', 'param_4': 'v', 'param_5': 'm', 'nspname_1': 'pg_catalog'}
2025-11-26 13:46:21,772 - sqlalchemy.engine.Engine - INFO - SELECT pg_catalog.pg_class.relname 
FROM pg_catalog.pg_class JOIN pg_catalog.pg_namespace ON pg_catalog.pg_namespace.oid = pg_catalog.pg_class.relnamespace 
WHERE pg_catalog.pg_class.relname = %(table_name)s AND pg_catalog.pg_class.relkind = ANY (ARRAY[%(param_1)s, %(param_2)s, %(param_3)s, %(param_4)s, %(param_5)s]) AND pg_catalog.pg_table_is_visible(pg_catalog.pg_class.oid) AND pg_catalog.pg_namespace.nspname != %(nspname_1)s
2025-11-26 13:46:21,772 - sqlalchemy.engine.Engine - INFO - [cached since 0.01583s ago] {'table_name': 'project_configs', 'param_1': 'r', 'param_2': 'p', 'param_3': 'f', 'param_4': 'v', 'param_5': 'm', 'nspname_1': 'pg_catalog'}
2025-11-26 13:46:21,775 - sqlalchemy.engine.Engine - INFO - COMMIT
2025-11-26 13:46:21,776 - TestAutomationAPI - INFO - Database tables verified
2025-11-26 14:58:32,194 - sqlalchemy.engine.Engine - INFO - BEGIN (implicit)
2025-11-26 14:58:32,211 - sqlalchemy.engine.Engine - INFO - SELECT tickets.id AS tickets_id, tickets.ticket_id AS tickets_ticket_id, tickets.project_id AS tickets_project_id, tickets.title AS tickets_title, tickets.module AS tickets_module, tickets.description AS tickets_description, tickets.acceptance_criteria AS tickets_acceptance_criteria, tickets.file_path AS tickets_file_path, tickets.created_at AS tickets_created_at 
FROM tickets 
WHERE tickets.ticket_id = %(ticket_id_1)s 
 LIMIT %(param_1)s
2025-11-26 14:58:32,211 - sqlalchemy.engine.Engine - INFO - [generated in 0.00386s] {'ticket_id_1': 'RBPLCD-8001', 'param_1': 1}
2025-11-26 14:58:32,251 - TestAutomationAPI - WARNING - Could not parse steps from ticket file: name 're' is not defined
2025-11-26 14:58:32,257 - sqlalchemy.engine.Engine - INFO - ROLLBACK
2025-11-26 14:58:41,629 - sqlalchemy.engine.Engine - INFO - BEGIN (implicit)
2025-11-26 14:58:41,629 - sqlalchemy.engine.Engine - INFO - SELECT tickets.id AS tickets_id, tickets.ticket_id AS tickets_ticket_id, tickets.project_id AS tickets_project_id, tickets.title AS tickets_title, tickets.module AS tickets_module, tickets.description AS tickets_description, tickets.acceptance_criteria AS tickets_acceptance_criteria, tickets.file_path AS tickets_file_path, tickets.created_at AS tickets_created_at 
FROM tickets 
WHERE tickets.ticket_id = %(ticket_id_1)s 
 LIMIT %(param_1)s
2025-11-26 14:58:41,634 - sqlalchemy.engine.Engine - INFO - [cached since 9.417s ago] {'ticket_id_1': 'RBPLCD-8001', 'param_1': 1}
2025-11-26 14:58:41,670 - sqlalchemy.engine.Engine - INFO - INSERT INTO test_executions (execution_id, ticket_id, project_id, status, overall_status, started_at, completed_at, total_execution_time, report_path, script_path, video_path, error_message) VALUES (%(execution_id)s, %(ticket_id)s, %(project_id)s, %(status)s, %(overall_status)s, %(started_at)s, %(completed_at)s, %(total_execution_time)s, %(report_path)s, %(script_path)s, %(video_path)s, %(error_message)s) RETURNING test_executions.id
2025-11-26 14:58:41,670 - sqlalchemy.engine.Engine - INFO - [generated in 0.00254s] {'execution_id': 'rerun_RBPLCD-8001_20251126_145841', 'ticket_id': 'RBPLCD-8001', 'project_id': 1, 'status': 'pending', 'overall_status': 'UNKNOWN', 'started_at': datetime.datetime(2025, 11, 26, 14, 58, 41, 656472), 'completed_at': None, 'total_execution_time': None, 'report_path': None, 'script_path': None, 'video_path': None, 'error_message': None}
2025-11-26 14:58:41,684 - sqlalchemy.engine.Engine - INFO - COMMIT
2025-11-26 14:58:41,684 - sqlalchemy.engine.Engine - INFO - BEGIN (implicit)
2025-11-26 14:58:41,700 - sqlalchemy.engine.Engine - INFO - SELECT test_executions.id, test_executions.execution_id, test_executions.ticket_id, test_executions.project_id, test_executions.status, test_executions.overall_status, test_executions.started_at, test_executions.completed_at, test_executions.total_execution_time, test_executions.report_path, test_executions.script_path, test_executions.video_path, test_executions.error_message 
FROM test_executions 
WHERE test_executions.id = %(pk_1)s
2025-11-26 14:58:41,700 - sqlalchemy.engine.Engine - INFO - [generated in 0.00227s] {'pk_1': 114}
2025-11-26 14:58:41,730 - sqlalchemy.engine.Engine - INFO - SELECT tickets.id AS tickets_id, tickets.ticket_id AS tickets_ticket_id, tickets.project_id AS tickets_project_id, tickets.title AS tickets_title, tickets.module AS tickets_module, tickets.description AS tickets_description, tickets.acceptance_criteria AS tickets_acceptance_criteria, tickets.file_path AS tickets_file_path, tickets.created_at AS tickets_created_at 
FROM tickets 
WHERE tickets.id = %(pk_1)s
2025-11-26 14:58:41,732 - sqlalchemy.engine.Engine - INFO - [generated in 0.00187s] {'pk_1': 9}
2025-11-26 14:58:41,732 - TestAutomationAPI - INFO - ======================================================================
2025-11-26 14:58:41,824 - TestAutomationAPI - INFO -    Execution ID: rerun_RBPLCD-8001_20251126_145841
2025-11-26 14:58:41,824 - TestAutomationAPI - INFO -    Ticket ID: RBPLCD-8001
2025-11-26 14:58:41,824 - TestAutomationAPI - INFO -    Script: C:\Idea Projects\AI_TEST_17_Nov\AI_Test_Assist\Generated_Scripts\RBPLCD-8001_20251124_135302_test.py
2025-11-26 14:58:41,824 - TestAutomationAPI - INFO -    Started at: 2025-11-26T14:58:41.824017
2025-11-26 14:58:41,824 - TestAutomationAPI - INFO - ======================================================================
2025-11-26 14:58:41,888 - sqlalchemy.engine.Engine - INFO - BEGIN (implicit)
2025-11-26 14:58:41,888 - sqlalchemy.engine.Engine - INFO - SELECT test_executions.id AS test_executions_id, test_executions.execution_id AS test_executions_execution_id, test_executions.ticket_id AS test_executions_ticket_id, test_executions.project_id AS test_executions_project_id, test_executions.status AS test_executions_status, test_executions.overall_status AS test_executions_overall_status, test_executions.started_at AS test_executions_started_at, test_executions.completed_at AS test_executions_completed_at, test_executions.total_execution_time AS test_executions_total_execution_time, test_executions.report_path AS test_executions_report_path, test_executions.script_path AS test_executions_script_path, test_executions.video_path AS test_executions_video_path, test_executions.error_message AS test_executions_error_message 
FROM test_executions 
WHERE test_executions.execution_id = %(execution_id_1)s 
 LIMIT %(param_1)s
2025-11-26 14:58:41,896 - sqlalchemy.engine.Engine - INFO - [generated in 0.00196s] {'execution_id_1': 'rerun_RBPLCD-8001_20251126_145841', 'param_1': 1}
2025-11-26 14:58:41,904 - sqlalchemy.engine.Engine - INFO - UPDATE test_executions SET status=%(status)s WHERE test_executions.id = %(test_executions_id)s
2025-11-26 14:58:41,904 - sqlalchemy.engine.Engine - INFO - [generated in 0.00107s] {'status': 'running', 'test_executions_id': 114}
2025-11-26 14:58:41,904 - sqlalchemy.engine.Engine - INFO - COMMIT
2025-11-26 14:58:42,086 - TestAutomationAPI - WARNING - STDERR:
Traceback (most recent call last):
  File "C:\Idea Projects\AI_TEST_17_Nov\AI_Test_Assist\Generated_Scripts\RBPLCD-8001_20251124_135302_test.py", line 8, in <module>
    import pytest
ModuleNotFoundError: No module named 'pytest'

2025-11-26 14:58:42,173 - sqlalchemy.engine.Engine - INFO - BEGIN (implicit)
2025-11-26 14:58:42,186 - sqlalchemy.engine.Engine - INFO - SELECT test_executions.id AS test_executions_id, test_executions.execution_id AS test_executions_execution_id, test_executions.ticket_id AS test_executions_ticket_id, test_executions.project_id AS test_executions_project_id, test_executions.started_at AS test_executions_started_at, test_executions.total_execution_time AS test_executions_total_execution_time 
FROM test_executions 
WHERE test_executions.id = %(pk_1)s
2025-11-26 14:58:42,186 - sqlalchemy.engine.Engine - INFO - [generated in 0.00190s] {'pk_1': 114}
2025-11-26 14:58:42,190 - sqlalchemy.engine.Engine - INFO - UPDATE test_executions SET status=%(status)s, overall_status=%(overall_status)s, completed_at=%(completed_at)s, report_path=%(report_path)s, script_path=%(script_path)s, video_path=%(video_path)s, error_message=%(error_message)s WHERE test_executions.id = %(test_executions_id)s
2025-11-26 14:58:42,194 - sqlalchemy.engine.Engine - INFO - [generated in 0.00141s] {'status': 'completed', 'overall_status': 'FAILED', 'completed_at': datetime.datetime(2025, 11, 26, 14, 58, 42, 173357), 'report_path': 'C:\\Users\\ENZ1KOR\\PLCD_TA_Team\\PLCD_TA_Team\\Reports\\RBPLCD-8001_20251125_123328_report.html', 'script_path': 'C:\\Users\\ENZ1KOR\\PLCD_TA_Team\\PLCD_TA_Team\\Generated_Scripts\\RBPLCD-8001_20251124_135302_test.py', 'video_path': 'C:\\Users\\ENZ1KOR\\PLCD_TA_Team\\PLCD_TA_Team\\Videos\\91a71c44a8e77b5cf844ae9853027143.webm', 'error_message': None, 'test_executions_id': 114}
2025-11-26 14:58:42,194 - sqlalchemy.engine.Engine - INFO - COMMIT
2025-11-26 14:58:42,200 - TestAutomationAPI - INFO - ======================================================================
2025-11-26 14:58:42,206 - TestAutomationAPI - INFO -    Execution ID: rerun_RBPLCD-8001_20251126_145841
2025-11-26 14:58:42,206 - TestAutomationAPI - INFO -    Overall Status: FAILED
2025-11-26 14:58:42,223 - TestAutomationAPI - INFO -    Completed at: 2025-11-26T14:58:42.223197
2025-11-26 14:58:42,223 - TestAutomationAPI - INFO - ======================================================================
2025-11-26 14:58:42,236 - TestAutomationAPI - INFO - 
2025-11-26 14:58:42,239 - sqlalchemy.engine.Engine - INFO - ROLLBACK
2025-11-26 14:58:44,753 - sqlalchemy.engine.Engine - INFO - BEGIN (implicit)
2025-11-26 14:58:44,753 - sqlalchemy.engine.Engine - INFO - SELECT test_executions.id AS test_executions_id, test_executions.execution_id AS test_executions_execution_id, test_executions.ticket_id AS test_executions_ticket_id, test_executions.project_id AS test_executions_project_id, test_executions.status AS test_executions_status, test_executions.overall_status AS test_executions_overall_status, test_executions.started_at AS test_executions_started_at, test_executions.completed_at AS test_executions_completed_at, test_executions.total_execution_time AS test_executions_total_execution_time, test_executions.report_path AS test_executions_report_path, test_executions.script_path AS test_executions_script_path, test_executions.video_path AS test_executions_video_path, test_executions.error_message AS test_executions_error_message 
FROM test_executions 
WHERE test_executions.execution_id = %(execution_id_1)s 
 LIMIT %(param_1)s
2025-11-26 14:58:44,753 - sqlalchemy.engine.Engine - INFO - [cached since 2.866s ago] {'execution_id_1': 'rerun_RBPLCD-8001_20251126_145841', 'param_1': 1}
2025-11-26 14:58:44,777 - sqlalchemy.engine.Engine - INFO - SELECT count(*) AS count_1 
FROM (SELECT execution_steps.id AS execution_steps_id, execution_steps.execution_id AS execution_steps_execution_id, execution_steps.step_num AS execution_steps_step_num, execution_steps.step_text AS execution_steps_step_text, execution_steps.status AS execution_steps_status, execution_steps.selector_used AS execution_steps_selector_used, execution_steps.level_used AS execution_steps_level_used, execution_steps.confidence AS execution_steps_confidence, execution_steps.execution_time AS execution_steps_execution_time, execution_steps.screenshot_before AS execution_steps_screenshot_before, execution_steps.screenshot_after AS execution_steps_screenshot_after, execution_steps.error_message AS execution_steps_error_message, execution_steps.created_at AS execution_steps_created_at 
FROM execution_steps 
WHERE execution_steps.execution_id = %(execution_id_1)s) AS anon_1
2025-11-26 14:58:44,780 - sqlalchemy.engine.Engine - INFO - [generated in 0.00350s] {'execution_id_1': 'rerun_RBPLCD-8001_20251126_145841'}
2025-11-26 14:58:44,793 - sqlalchemy.engine.Engine - INFO - SELECT count(*) AS count_1 
FROM (SELECT execution_steps.id AS execution_steps_id, execution_steps.execution_id AS execution_steps_execution_id, execution_steps.step_num AS execution_steps_step_num, execution_steps.step_text AS execution_steps_step_text, execution_steps.status AS execution_steps_status, execution_steps.selector_used AS execution_steps_selector_used, execution_steps.level_used AS execution_steps_level_used, execution_steps.confidence AS execution_steps_confidence, execution_steps.execution_time AS execution_steps_execution_time, execution_steps.screenshot_before AS execution_steps_screenshot_before, execution_steps.screenshot_after AS execution_steps_screenshot_after, execution_steps.error_message AS execution_steps_error_message, execution_steps.created_at AS execution_steps_created_at 
FROM execution_steps 
WHERE execution_steps.execution_id = %(execution_id_1)s AND execution_steps.status IN (%(status_1_1)s, %(status_1_2)s)) AS anon_1
2025-11-26 14:58:44,797 - sqlalchemy.engine.Engine - INFO - [generated in 0.00312s] {'execution_id_1': 'rerun_RBPLCD-8001_20251126_145841', 'status_1_1': 'PASSED', 'status_1_2': 'FAILED'}
2025-11-26 14:58:44,802 - sqlalchemy.engine.Engine - INFO - ROLLBACK
2025-11-26 14:58:49,253 - sqlalchemy.engine.Engine - INFO - BEGIN (implicit)
2025-11-26 14:58:49,253 - sqlalchemy.engine.Engine - INFO - SELECT test_executions.id AS test_executions_id, test_executions.execution_id AS test_executions_execution_id, test_executions.ticket_id AS test_executions_ticket_id, test_executions.project_id AS test_executions_project_id, test_executions.status AS test_executions_status, test_executions.overall_status AS test_executions_overall_status, test_executions.started_at AS test_executions_started_at, test_executions.completed_at AS test_executions_completed_at, test_executions.total_execution_time AS test_executions_total_execution_time, test_executions.report_path AS test_executions_report_path, test_executions.script_path AS test_executions_script_path, test_executions.video_path AS test_executions_video_path, test_executions.error_message AS test_executions_error_message 
FROM test_executions 
WHERE test_executions.execution_id = %(execution_id_1)s 
 LIMIT %(param_1)s
2025-11-26 14:58:49,253 - sqlalchemy.engine.Engine - INFO - [cached since 7.363s ago] {'execution_id_1': 'rerun_RBPLCD-8001_20251126_145841', 'param_1': 1}
2025-11-26 14:58:49,285 - sqlalchemy.engine.Engine - INFO - ROLLBACK
2025-11-26 14:59:15,144 - sqlalchemy.engine.Engine - INFO - BEGIN (implicit)
2025-11-26 14:59:15,144 - sqlalchemy.engine.Engine - INFO - SELECT tickets.id AS tickets_id, tickets.ticket_id AS tickets_ticket_id, tickets.project_id AS tickets_project_id, tickets.title AS tickets_title, tickets.module AS tickets_module, tickets.description AS tickets_description, tickets.acceptance_criteria AS tickets_acceptance_criteria, tickets.file_path AS tickets_file_path, tickets.created_at AS tickets_created_at 
FROM tickets 
WHERE tickets.ticket_id = %(ticket_id_1)s 
 LIMIT %(param_1)s
2025-11-26 14:59:15,144 - sqlalchemy.engine.Engine - INFO - [cached since 42.93s ago] {'ticket_id_1': 'RBPLCD-8835', 'param_1': 1}
2025-11-26 14:59:15,166 - TestAutomationAPI - WARNING - Could not parse steps from ticket file: name 're' is not defined
2025-11-26 14:59:15,166 - sqlalchemy.engine.Engine - INFO - ROLLBACK
2025-11-26 14:59:31,009 - sqlalchemy.engine.Engine - INFO - BEGIN (implicit)
2025-11-26 14:59:31,010 - sqlalchemy.engine.Engine - INFO - SELECT tickets.id AS tickets_id, tickets.ticket_id AS tickets_ticket_id, tickets.project_id AS tickets_project_id, tickets.title AS tickets_title, tickets.module AS tickets_module, tickets.description AS tickets_description, tickets.acceptance_criteria AS tickets_acceptance_criteria, tickets.file_path AS tickets_file_path, tickets.created_at AS tickets_created_at 
FROM tickets 
WHERE tickets.ticket_id = %(ticket_id_1)s 
 LIMIT %(param_1)s
2025-11-26 14:59:31,015 - sqlalchemy.engine.Engine - INFO - [cached since 58.79s ago] {'ticket_id_1': 'RBPLCD-8835', 'param_1': 1}
2025-11-26 14:59:31,016 - sqlalchemy.engine.Engine - INFO - INSERT INTO test_executions (execution_id, ticket_id, project_id, status, overall_status, started_at, completed_at, total_execution_time, report_path, script_path, video_path, error_message) VALUES (%(execution_id)s, %(ticket_id)s, %(project_id)s, %(status)s, %(overall_status)s, %(started_at)s, %(completed_at)s, %(total_execution_time)s, %(report_path)s, %(script_path)s, %(video_path)s, %(error_message)s) RETURNING test_executions.id
2025-11-26 14:59:31,016 - sqlalchemy.engine.Engine - INFO - [cached since 49.35s ago] {'execution_id': 'exec_RBPLCD-8835_20251126_145931', 'ticket_id': 'RBPLCD-8835', 'project_id': 1, 'status': 'pending', 'overall_status': None, 'started_at': datetime.datetime(2025, 11, 26, 14, 59, 31, 16374), 'completed_at': None, 'total_execution_time': None, 'report_path': None, 'script_path': None, 'video_path': None, 'error_message': None}
2025-11-26 14:59:31,016 - sqlalchemy.engine.Engine - INFO - COMMIT
2025-11-26 14:59:31,030 - sqlalchemy.engine.Engine - INFO - BEGIN (implicit)
2025-11-26 14:59:31,032 - sqlalchemy.engine.Engine - INFO - SELECT test_executions.id, test_executions.execution_id, test_executions.ticket_id, test_executions.project_id, test_executions.status, test_executions.overall_status, test_executions.started_at, test_executions.completed_at, test_executions.total_execution_time, test_executions.report_path, test_executions.script_path, test_executions.video_path, test_executions.error_message 
FROM test_executions 
WHERE test_executions.id = %(pk_1)s
2025-11-26 14:59:31,035 - sqlalchemy.engine.Engine - INFO - [cached since 49.33s ago] {'pk_1': 115}
2025-11-26 14:59:31,137 - sqlalchemy.engine.Engine - INFO - SELECT tickets.id AS tickets_id, tickets.ticket_id AS tickets_ticket_id, tickets.project_id AS tickets_project_id, tickets.title AS tickets_title, tickets.module AS tickets_module, tickets.description AS tickets_description, tickets.acceptance_criteria AS tickets_acceptance_criteria, tickets.file_path AS tickets_file_path, tickets.created_at AS tickets_created_at 
FROM tickets 
WHERE tickets.id = %(pk_1)s
2025-11-26 14:59:31,137 - sqlalchemy.engine.Engine - INFO - [cached since 49.41s ago] {'pk_1': 2}
2025-11-26 14:59:31,145 - TestAutomationAPI - INFO - ======================================================================
2025-11-26 14:59:31,157 - TestAutomationAPI - INFO -    Execution ID: exec_RBPLCD-8835_20251126_145931
2025-11-26 14:59:31,158 - TestAutomationAPI - INFO -    Ticket ID: RBPLCD-8835
2025-11-26 14:59:31,158 - TestAutomationAPI - INFO -    Started at: 2025-11-26T14:59:31.158428
2025-11-26 14:59:31,158 - TestAutomationAPI - INFO - ======================================================================
2025-11-26 14:59:31,158 - sqlalchemy.engine.Engine - INFO - BEGIN (implicit)
2025-11-26 14:59:31,158 - sqlalchemy.engine.Engine - INFO - SELECT test_executions.id AS test_executions_id, test_executions.execution_id AS test_executions_execution_id, test_executions.ticket_id AS test_executions_ticket_id, test_executions.project_id AS test_executions_project_id, test_executions.status AS test_executions_status, test_executions.overall_status AS test_executions_overall_status, test_executions.started_at AS test_executions_started_at, test_executions.completed_at AS test_executions_completed_at, test_executions.total_execution_time AS test_executions_total_execution_time, test_executions.report_path AS test_executions_report_path, test_executions.script_path AS test_executions_script_path, test_executions.video_path AS test_executions_video_path, test_executions.error_message AS test_executions_error_message 
FROM test_executions 
WHERE test_executions.execution_id = %(execution_id_1)s 
 LIMIT %(param_1)s
2025-11-26 14:59:31,168 - sqlalchemy.engine.Engine - INFO - [cached since 49.27s ago] {'execution_id_1': 'exec_RBPLCD-8835_20251126_145931', 'param_1': 1}
2025-11-26 14:59:31,168 - sqlalchemy.engine.Engine - INFO - UPDATE test_executions SET status=%(status)s WHERE test_executions.id = %(test_executions_id)s
2025-11-26 14:59:31,168 - sqlalchemy.engine.Engine - INFO - [cached since 49.26s ago] {'status': 'running', 'test_executions_id': 115}
2025-11-26 14:59:31,177 - sqlalchemy.engine.Engine - INFO - COMMIT
2025-11-26 14:59:34,172 - sqlalchemy.engine.Engine - INFO - BEGIN (implicit)
2025-11-26 14:59:34,172 - sqlalchemy.engine.Engine - INFO - SELECT test_executions.id AS test_executions_id, test_executions.execution_id AS test_executions_execution_id, test_executions.ticket_id AS test_executions_ticket_id, test_executions.project_id AS test_executions_project_id, test_executions.status AS test_executions_status, test_executions.overall_status AS test_executions_overall_status, test_executions.started_at AS test_executions_started_at, test_executions.completed_at AS test_executions_completed_at, test_executions.total_execution_time AS test_executions_total_execution_time, test_executions.report_path AS test_executions_report_path, test_executions.script_path AS test_executions_script_path, test_executions.video_path AS test_executions_video_path, test_executions.error_message AS test_executions_error_message 
FROM test_executions 
WHERE test_executions.execution_id = %(execution_id_1)s 
 LIMIT %(param_1)s
2025-11-26 14:59:34,172 - sqlalchemy.engine.Engine - INFO - [cached since 52.28s ago] {'execution_id_1': 'exec_RBPLCD-8835_20251126_145931', 'param_1': 1}
2025-11-26 14:59:34,181 - sqlalchemy.engine.Engine - INFO - SELECT count(*) AS count_1 
FROM (SELECT execution_steps.id AS execution_steps_id, execution_steps.execution_id AS execution_steps_execution_id, execution_steps.step_num AS execution_steps_step_num, execution_steps.step_text AS execution_steps_step_text, execution_steps.status AS execution_steps_status, execution_steps.selector_used AS execution_steps_selector_used, execution_steps.level_used AS execution_steps_level_used, execution_steps.confidence AS execution_steps_confidence, execution_steps.execution_time AS execution_steps_execution_time, execution_steps.screenshot_before AS execution_steps_screenshot_before, execution_steps.screenshot_after AS execution_steps_screenshot_after, execution_steps.error_message AS execution_steps_error_message, execution_steps.created_at AS execution_steps_created_at 
FROM execution_steps 
WHERE execution_steps.execution_id = %(execution_id_1)s) AS anon_1
2025-11-26 14:59:34,183 - sqlalchemy.engine.Engine - INFO - [cached since 49.4s ago] {'execution_id_1': 'exec_RBPLCD-8835_20251126_145931'}
2025-11-26 14:59:34,193 - sqlalchemy.engine.Engine - INFO - SELECT count(*) AS count_1 
FROM (SELECT execution_steps.id AS execution_steps_id, execution_steps.execution_id AS execution_steps_execution_id, execution_steps.step_num AS execution_steps_step_num, execution_steps.step_text AS execution_steps_step_text, execution_steps.status AS execution_steps_status, execution_steps.selector_used AS execution_steps_selector_used, execution_steps.level_used AS execution_steps_level_used, execution_steps.confidence AS execution_steps_confidence, execution_steps.execution_time AS execution_steps_execution_time, execution_steps.screenshot_before AS execution_steps_screenshot_before, execution_steps.screenshot_after AS execution_steps_screenshot_after, execution_steps.error_message AS execution_steps_error_message, execution_steps.created_at AS execution_steps_created_at 
FROM execution_steps 
WHERE execution_steps.execution_id = %(execution_id_1)s AND execution_steps.status IN (%(status_1_1)s, %(status_1_2)s)) AS anon_1
2025-11-26 14:59:34,199 - sqlalchemy.engine.Engine - INFO - [cached since 49.4s ago] {'execution_id_1': 'exec_RBPLCD-8835_20251126_145931', 'status_1_1': 'PASSED', 'status_1_2': 'FAILED'}
2025-11-26 14:59:34,206 - sqlalchemy.engine.Engine - INFO - ROLLBACK
2025-11-26 14:59:37,163 - sqlalchemy.engine.Engine - INFO - BEGIN (implicit)
2025-11-26 14:59:37,164 - sqlalchemy.engine.Engine - INFO - SELECT test_executions.id AS test_executions_id, test_executions.execution_id AS test_executions_execution_id, test_executions.ticket_id AS test_executions_ticket_id, test_executions.project_id AS test_executions_project_id, test_executions.status AS test_executions_status, test_executions.overall_status AS test_executions_overall_status, test_executions.started_at AS test_executions_started_at, test_executions.completed_at AS test_executions_completed_at, test_executions.total_execution_time AS test_executions_total_execution_time, test_executions.report_path AS test_executions_report_path, test_executions.script_path AS test_executions_script_path, test_executions.video_path AS test_executions_video_path, test_executions.error_message AS test_executions_error_message 
FROM test_executions 
WHERE test_executions.execution_id = %(execution_id_1)s 
 LIMIT %(param_1)s
2025-11-26 14:59:37,164 - sqlalchemy.engine.Engine - INFO - [cached since 55.27s ago] {'execution_id_1': 'exec_RBPLCD-8835_20251126_145931', 'param_1': 1}
2025-11-26 14:59:37,164 - sqlalchemy.engine.Engine - INFO - SELECT count(*) AS count_1 
FROM (SELECT execution_steps.id AS execution_steps_id, execution_steps.execution_id AS execution_steps_execution_id, execution_steps.step_num AS execution_steps_step_num, execution_steps.step_text AS execution_steps_step_text, execution_steps.status AS execution_steps_status, execution_steps.selector_used AS execution_steps_selector_used, execution_steps.level_used AS execution_steps_level_used, execution_steps.confidence AS execution_steps_confidence, execution_steps.execution_time AS execution_steps_execution_time, execution_steps.screenshot_before AS execution_steps_screenshot_before, execution_steps.screenshot_after AS execution_steps_screenshot_after, execution_steps.error_message AS execution_steps_error_message, execution_steps.created_at AS execution_steps_created_at 
FROM execution_steps 
WHERE execution_steps.execution_id = %(execution_id_1)s) AS anon_1
2025-11-26 14:59:37,170 - sqlalchemy.engine.Engine - INFO - [cached since 52.39s ago] {'execution_id_1': 'exec_RBPLCD-8835_20251126_145931'}
2025-11-26 14:59:37,174 - sqlalchemy.engine.Engine - INFO - SELECT count(*) AS count_1 
FROM (SELECT execution_steps.id AS execution_steps_id, execution_steps.execution_id AS execution_steps_execution_id, execution_steps.step_num AS execution_steps_step_num, execution_steps.step_text AS execution_steps_step_text, execution_steps.status AS execution_steps_status, execution_steps.selector_used AS execution_steps_selector_used, execution_steps.level_used AS execution_steps_level_used, execution_steps.confidence AS execution_steps_confidence, execution_steps.execution_time AS execution_steps_execution_time, execution_steps.screenshot_before AS execution_steps_screenshot_before, execution_steps.screenshot_after AS execution_steps_screenshot_after, execution_steps.error_message AS execution_steps_error_message, execution_steps.created_at AS execution_steps_created_at 
FROM execution_steps 
WHERE execution_steps.execution_id = %(execution_id_1)s AND execution_steps.status IN (%(status_1_1)s, %(status_1_2)s)) AS anon_1
2025-11-26 14:59:37,177 - sqlalchemy.engine.Engine - INFO - [cached since 52.38s ago] {'execution_id_1': 'exec_RBPLCD-8835_20251126_145931', 'status_1_1': 'PASSED', 'status_1_2': 'FAILED'}
2025-11-26 14:59:37,178 - sqlalchemy.engine.Engine - INFO - ROLLBACK
2025-11-26 14:59:38,925 - TestExecutionService - INFO -    Looking for files created after 14:59:31
2025-11-26 14:59:38,977 - TestExecutionService - INFO -    Found PASSED indicator: '[OK] Summary:'
2025-11-26 14:59:38,977 - TestExecutionService - INFO -    Found FAILED indicator: 'Status: FAILED'
2025-11-26 14:59:39,036 - TestExecutionService - INFO -    Step counts in report: 4 passed, 6 failed
2025-11-26 14:59:39,059 - TestExecutionService - WARNING -    No steps found with main pattern, trying alternate parsing...
2025-11-26 14:59:39,374 - TestExecutionService - INFO -    Looking for files created after 14:59:31
2025-11-26 14:59:39,442 - sqlalchemy.engine.Engine - INFO - BEGIN (implicit)
2025-11-26 14:59:39,444 - sqlalchemy.engine.Engine - INFO - SELECT test_executions.id AS test_executions_id, test_executions.execution_id AS test_executions_execution_id, test_executions.ticket_id AS test_executions_ticket_id, test_executions.project_id AS test_executions_project_id, test_executions.status AS test_executions_status, test_executions.overall_status AS test_executions_overall_status, test_executions.started_at AS test_executions_started_at, test_executions.completed_at AS test_executions_completed_at, test_executions.total_execution_time AS test_executions_total_execution_time, test_executions.report_path AS test_executions_report_path, test_executions.script_path AS test_executions_script_path, test_executions.video_path AS test_executions_video_path, test_executions.error_message AS test_executions_error_message 
FROM test_executions 
WHERE test_executions.execution_id = %(execution_id_1)s 
 LIMIT %(param_1)s
2025-11-26 14:59:39,444 - sqlalchemy.engine.Engine - INFO - [cached since 57.55s ago] {'execution_id_1': 'exec_RBPLCD-8835_20251126_145931', 'param_1': 1}
2025-11-26 14:59:39,457 - sqlalchemy.engine.Engine - INFO - UPDATE test_executions SET status=%(status)s, overall_status=%(overall_status)s, completed_at=%(completed_at)s, report_path=%(report_path)s WHERE test_executions.id = %(test_executions_id)s
2025-11-26 14:59:39,457 - sqlalchemy.engine.Engine - INFO - [generated in 0.00143s] {'status': 'completed', 'overall_status': 'FAILED', 'completed_at': datetime.datetime(2025, 11, 26, 14, 59, 39, 454036), 'report_path': 'C:\\Users\\ENZ1KOR\\PLCD_TA_Team\\PLCD_TA_Team\\Reports\\RBPLCD-8835_20251126_145938_report.html', 'test_executions_id': 115}
2025-11-26 14:59:39,462 - sqlalchemy.engine.Engine - INFO - COMMIT
2025-11-26 14:59:39,470 - TestAutomationAPI - INFO - ======================================================================
2025-11-26 14:59:39,477 - TestAutomationAPI - INFO -    Execution ID: exec_RBPLCD-8835_20251126_145931
2025-11-26 14:59:39,477 - TestAutomationAPI - INFO -    Overall Status: FAILED
2025-11-26 14:59:39,495 - TestAutomationAPI - INFO -    Completed at: 2025-11-26T14:59:39.495341
2025-11-26 14:59:39,495 - TestAutomationAPI - INFO - ======================================================================
2025-11-26 14:59:39,500 - TestAutomationAPI - INFO - 
2025-11-26 14:59:39,500 - sqlalchemy.engine.Engine - INFO - ROLLBACK
2025-11-26 14:59:40,163 - sqlalchemy.engine.Engine - INFO - BEGIN (implicit)
2025-11-26 14:59:40,169 - sqlalchemy.engine.Engine - INFO - SELECT test_executions.id AS test_executions_id, test_executions.execution_id AS test_executions_execution_id, test_executions.ticket_id AS test_executions_ticket_id, test_executions.project_id AS test_executions_project_id, test_executions.status AS test_executions_status, test_executions.overall_status AS test_executions_overall_status, test_executions.started_at AS test_executions_started_at, test_executions.completed_at AS test_executions_completed_at, test_executions.total_execution_time AS test_executions_total_execution_time, test_executions.report_path AS test_executions_report_path, test_executions.script_path AS test_executions_script_path, test_executions.video_path AS test_executions_video_path, test_executions.error_message AS test_executions_error_message 
FROM test_executions 
WHERE test_executions.execution_id = %(execution_id_1)s 
 LIMIT %(param_1)s
2025-11-26 14:59:40,171 - sqlalchemy.engine.Engine - INFO - [cached since 58.27s ago] {'execution_id_1': 'exec_RBPLCD-8835_20251126_145931', 'param_1': 1}
2025-11-26 14:59:40,180 - sqlalchemy.engine.Engine - INFO - SELECT count(*) AS count_1 
FROM (SELECT execution_steps.id AS execution_steps_id, execution_steps.execution_id AS execution_steps_execution_id, execution_steps.step_num AS execution_steps_step_num, execution_steps.step_text AS execution_steps_step_text, execution_steps.status AS execution_steps_status, execution_steps.selector_used AS execution_steps_selector_used, execution_steps.level_used AS execution_steps_level_used, execution_steps.confidence AS execution_steps_confidence, execution_steps.execution_time AS execution_steps_execution_time, execution_steps.screenshot_before AS execution_steps_screenshot_before, execution_steps.screenshot_after AS execution_steps_screenshot_after, execution_steps.error_message AS execution_steps_error_message, execution_steps.created_at AS execution_steps_created_at 
FROM execution_steps 
WHERE execution_steps.execution_id = %(execution_id_1)s) AS anon_1
2025-11-26 14:59:40,180 - sqlalchemy.engine.Engine - INFO - [cached since 55.4s ago] {'execution_id_1': 'exec_RBPLCD-8835_20251126_145931'}
2025-11-26 14:59:40,180 - sqlalchemy.engine.Engine - INFO - SELECT count(*) AS count_1 
FROM (SELECT execution_steps.id AS execution_steps_id, execution_steps.execution_id AS execution_steps_execution_id, execution_steps.step_num AS execution_steps_step_num, execution_steps.step_text AS execution_steps_step_text, execution_steps.status AS execution_steps_status, execution_steps.selector_used AS execution_steps_selector_used, execution_steps.level_used AS execution_steps_level_used, execution_steps.confidence AS execution_steps_confidence, execution_steps.execution_time AS execution_steps_execution_time, execution_steps.screenshot_before AS execution_steps_screenshot_before, execution_steps.screenshot_after AS execution_steps_screenshot_after, execution_steps.error_message AS execution_steps_error_message, execution_steps.created_at AS execution_steps_created_at 
FROM execution_steps 
WHERE execution_steps.execution_id = %(execution_id_1)s AND execution_steps.status IN (%(status_1_1)s, %(status_1_2)s)) AS anon_1
2025-11-26 14:59:40,180 - sqlalchemy.engine.Engine - INFO - [cached since 55.39s ago] {'execution_id_1': 'exec_RBPLCD-8835_20251126_145931', 'status_1_1': 'PASSED', 'status_1_2': 'FAILED'}
2025-11-26 14:59:40,191 - sqlalchemy.engine.Engine - INFO - ROLLBACK
2025-11-26 14:59:47,728 - sqlalchemy.engine.Engine - INFO - BEGIN (implicit)
2025-11-26 14:59:47,735 - sqlalchemy.engine.Engine - INFO - SELECT test_executions.id AS test_executions_id, test_executions.execution_id AS test_executions_execution_id, test_executions.ticket_id AS test_executions_ticket_id, test_executions.project_id AS test_executions_project_id, test_executions.status AS test_executions_status, test_executions.overall_status AS test_executions_overall_status, test_executions.started_at AS test_executions_started_at, test_executions.completed_at AS test_executions_completed_at, test_executions.total_execution_time AS test_executions_total_execution_time, test_executions.report_path AS test_executions_report_path, test_executions.script_path AS test_executions_script_path, test_executions.video_path AS test_executions_video_path, test_executions.error_message AS test_executions_error_message 
FROM test_executions 
WHERE test_executions.execution_id = %(execution_id_1)s 
 LIMIT %(param_1)s
2025-11-26 14:59:47,737 - sqlalchemy.engine.Engine - INFO - [cached since 65.84s ago] {'execution_id_1': 'exec_RBPLCD-8835_20251126_145931', 'param_1': 1}
2025-11-26 14:59:47,754 - sqlalchemy.engine.Engine - INFO - ROLLBACK
2025-11-26 15:00:09,040 - sqlalchemy.engine.Engine - INFO - BEGIN (implicit)
2025-11-26 15:00:09,041 - sqlalchemy.engine.Engine - INFO - SELECT tickets.id AS tickets_id, tickets.ticket_id AS tickets_ticket_id, tickets.project_id AS tickets_project_id, tickets.title AS tickets_title, tickets.module AS tickets_module, tickets.description AS tickets_description, tickets.acceptance_criteria AS tickets_acceptance_criteria, tickets.file_path AS tickets_file_path, tickets.created_at AS tickets_created_at 
FROM tickets 
WHERE tickets.ticket_id = %(ticket_id_1)s 
 LIMIT %(param_1)s
2025-11-26 15:00:09,041 - sqlalchemy.engine.Engine - INFO - [cached since 96.82s ago] {'ticket_id_1': 'RBPLCD-8004', 'param_1': 1}
2025-11-26 15:00:09,055 - TestAutomationAPI - WARNING - Could not parse steps from ticket file: name 're' is not defined
2025-11-26 15:00:09,067 - sqlalchemy.engine.Engine - INFO - ROLLBACK
2025-11-26 15:00:12,237 - sqlalchemy.engine.Engine - INFO - BEGIN (implicit)
2025-11-26 15:00:12,243 - sqlalchemy.engine.Engine - INFO - SELECT tickets.id AS tickets_id, tickets.ticket_id AS tickets_ticket_id, tickets.project_id AS tickets_project_id, tickets.title AS tickets_title, tickets.module AS tickets_module, tickets.description AS tickets_description, tickets.acceptance_criteria AS tickets_acceptance_criteria, tickets.file_path AS tickets_file_path, tickets.created_at AS tickets_created_at 
FROM tickets 
WHERE tickets.ticket_id = %(ticket_id_1)s 
 LIMIT %(param_1)s
2025-11-26 15:00:12,245 - sqlalchemy.engine.Engine - INFO - [cached since 100s ago] {'ticket_id_1': 'RBPLCD-8004', 'param_1': 1}
2025-11-26 15:00:12,269 - sqlalchemy.engine.Engine - INFO - INSERT INTO test_executions (execution_id, ticket_id, project_id, status, overall_status, started_at, completed_at, total_execution_time, report_path, script_path, video_path, error_message) VALUES (%(execution_id)s, %(ticket_id)s, %(project_id)s, %(status)s, %(overall_status)s, %(started_at)s, %(completed_at)s, %(total_execution_time)s, %(report_path)s, %(script_path)s, %(video_path)s, %(error_message)s) RETURNING test_executions.id
2025-11-26 15:00:12,269 - sqlalchemy.engine.Engine - INFO - [cached since 90.6s ago] {'execution_id': 'rerun_RBPLCD-8004_20251126_150012', 'ticket_id': 'RBPLCD-8004', 'project_id': 1, 'status': 'pending', 'overall_status': 'UNKNOWN', 'started_at': datetime.datetime(2025, 11, 26, 15, 0, 12, 268239), 'completed_at': None, 'total_execution_time': None, 'report_path': None, 'script_path': None, 'video_path': None, 'error_message': None}
2025-11-26 15:00:12,273 - sqlalchemy.engine.Engine - INFO - COMMIT
2025-11-26 15:00:12,273 - sqlalchemy.engine.Engine - INFO - BEGIN (implicit)
2025-11-26 15:00:12,283 - sqlalchemy.engine.Engine - INFO - SELECT test_executions.id, test_executions.execution_id, test_executions.ticket_id, test_executions.project_id, test_executions.status, test_executions.overall_status, test_executions.started_at, test_executions.completed_at, test_executions.total_execution_time, test_executions.report_path, test_executions.script_path, test_executions.video_path, test_executions.error_message 
FROM test_executions 
WHERE test_executions.id = %(pk_1)s
2025-11-26 15:00:12,283 - sqlalchemy.engine.Engine - INFO - [cached since 90.58s ago] {'pk_1': 116}
2025-11-26 15:00:12,306 - sqlalchemy.engine.Engine - INFO - SELECT tickets.id AS tickets_id, tickets.ticket_id AS tickets_ticket_id, tickets.project_id AS tickets_project_id, tickets.title AS tickets_title, tickets.module AS tickets_module, tickets.description AS tickets_description, tickets.acceptance_criteria AS tickets_acceptance_criteria, tickets.file_path AS tickets_file_path, tickets.created_at AS tickets_created_at 
FROM tickets 
WHERE tickets.id = %(pk_1)s
2025-11-26 15:00:12,306 - sqlalchemy.engine.Engine - INFO - [cached since 90.57s ago] {'pk_1': 7}
2025-11-26 15:00:12,316 - TestAutomationAPI - INFO - ======================================================================
2025-11-26 15:00:12,323 - TestAutomationAPI - INFO -    Execution ID: rerun_RBPLCD-8004_20251126_150012
2025-11-26 15:00:12,323 - TestAutomationAPI - INFO -    Ticket ID: RBPLCD-8004
2025-11-26 15:00:12,323 - TestAutomationAPI - INFO -    Script: C:\Idea Projects\AI_TEST_17_Nov\AI_Test_Assist\Generated_Scripts\RBPLCD-8004_20251124_151939_test.py
2025-11-26 15:00:12,323 - TestAutomationAPI - INFO -    Started at: 2025-11-26T15:00:12.323138
2025-11-26 15:00:12,323 - TestAutomationAPI - INFO - ======================================================================
2025-11-26 15:00:12,323 - sqlalchemy.engine.Engine - INFO - BEGIN (implicit)
2025-11-26 15:00:12,323 - sqlalchemy.engine.Engine - INFO - SELECT test_executions.id AS test_executions_id, test_executions.execution_id AS test_executions_execution_id, test_executions.ticket_id AS test_executions_ticket_id, test_executions.project_id AS test_executions_project_id, test_executions.status AS test_executions_status, test_executions.overall_status AS test_executions_overall_status, test_executions.started_at AS test_executions_started_at, test_executions.completed_at AS test_executions_completed_at, test_executions.total_execution_time AS test_executions_total_execution_time, test_executions.report_path AS test_executions_report_path, test_executions.script_path AS test_executions_script_path, test_executions.video_path AS test_executions_video_path, test_executions.error_message AS test_executions_error_message 
FROM test_executions 
WHERE test_executions.execution_id = %(execution_id_1)s 
 LIMIT %(param_1)s
2025-11-26 15:00:12,329 - sqlalchemy.engine.Engine - INFO - [cached since 90.43s ago] {'execution_id_1': 'rerun_RBPLCD-8004_20251126_150012', 'param_1': 1}
2025-11-26 15:00:12,331 - sqlalchemy.engine.Engine - INFO - UPDATE test_executions SET status=%(status)s WHERE test_executions.id = %(test_executions_id)s
2025-11-26 15:00:12,331 - sqlalchemy.engine.Engine - INFO - [cached since 90.42s ago] {'status': 'running', 'test_executions_id': 116}
2025-11-26 15:00:12,331 - sqlalchemy.engine.Engine - INFO - COMMIT
2025-11-26 15:00:12,460 - TestAutomationAPI - WARNING - STDERR:
Traceback (most recent call last):
  File "C:\Idea Projects\AI_TEST_17_Nov\AI_Test_Assist\Generated_Scripts\RBPLCD-8004_20251124_151939_test.py", line 8, in <module>
    import pytest
ModuleNotFoundError: No module named 'pytest'

2025-11-26 15:00:12,515 - sqlalchemy.engine.Engine - INFO - BEGIN (implicit)
2025-11-26 15:00:12,515 - sqlalchemy.engine.Engine - INFO - SELECT test_executions.id AS test_executions_id, test_executions.execution_id AS test_executions_execution_id, test_executions.ticket_id AS test_executions_ticket_id, test_executions.project_id AS test_executions_project_id, test_executions.started_at AS test_executions_started_at, test_executions.total_execution_time AS test_executions_total_execution_time 
FROM test_executions 
WHERE test_executions.id = %(pk_1)s
2025-11-26 15:00:12,515 - sqlalchemy.engine.Engine - INFO - [cached since 90.33s ago] {'pk_1': 116}
2025-11-26 15:00:12,515 - sqlalchemy.engine.Engine - INFO - UPDATE test_executions SET status=%(status)s, overall_status=%(overall_status)s, completed_at=%(completed_at)s, report_path=%(report_path)s, script_path=%(script_path)s, video_path=%(video_path)s, error_message=%(error_message)s WHERE test_executions.id = %(test_executions_id)s
2025-11-26 15:00:12,515 - sqlalchemy.engine.Engine - INFO - [cached since 90.33s ago] {'status': 'completed', 'overall_status': 'FAILED', 'completed_at': datetime.datetime(2025, 11, 26, 15, 0, 12, 506257), 'report_path': 'C:\\Users\\ENZ1KOR\\PLCD_TA_Team\\PLCD_TA_Team\\Reports\\RBPLCD-8004_20251124_151939_report.html', 'script_path': 'C:\\Users\\ENZ1KOR\\PLCD_TA_Team\\PLCD_TA_Team\\Generated_Scripts\\RBPLCD-8004_20251124_151939_test.py', 'video_path': 'C:\\Users\\ENZ1KOR\\PLCD_TA_Team\\PLCD_TA_Team\\Videos\\91a71c44a8e77b5cf844ae9853027143.webm', 'error_message': None, 'test_executions_id': 116}
2025-11-26 15:00:12,524 - sqlalchemy.engine.Engine - INFO - COMMIT
2025-11-26 15:00:12,524 - TestAutomationAPI - INFO - ======================================================================
2025-11-26 15:00:12,532 - TestAutomationAPI - INFO -    Execution ID: rerun_RBPLCD-8004_20251126_150012
2025-11-26 15:00:12,532 - TestAutomationAPI - INFO -    Overall Status: FAILED
2025-11-26 15:00:12,548 - TestAutomationAPI - INFO -    Completed at: 2025-11-26T15:00:12.548307
2025-11-26 15:00:12,548 - TestAutomationAPI - INFO - ======================================================================
2025-11-26 15:00:12,564 - TestAutomationAPI - INFO - 
2025-11-26 15:00:12,565 - sqlalchemy.engine.Engine - INFO - ROLLBACK
2025-11-26 15:00:15,335 - sqlalchemy.engine.Engine - INFO - BEGIN (implicit)
2025-11-26 15:00:15,337 - sqlalchemy.engine.Engine - INFO - SELECT test_executions.id AS test_executions_id, test_executions.execution_id AS test_executions_execution_id, test_executions.ticket_id AS test_executions_ticket_id, test_executions.project_id AS test_executions_project_id, test_executions.status AS test_executions_status, test_executions.overall_status AS test_executions_overall_status, test_executions.started_at AS test_executions_started_at, test_executions.completed_at AS test_executions_completed_at, test_executions.total_execution_time AS test_executions_total_execution_time, test_executions.report_path AS test_executions_report_path, test_executions.script_path AS test_executions_script_path, test_executions.video_path AS test_executions_video_path, test_executions.error_message AS test_executions_error_message 
FROM test_executions 
WHERE test_executions.execution_id = %(execution_id_1)s 
 LIMIT %(param_1)s
2025-11-26 15:00:15,338 - sqlalchemy.engine.Engine - INFO - [cached since 93.44s ago] {'execution_id_1': 'rerun_RBPLCD-8004_20251126_150012', 'param_1': 1}
2025-11-26 15:00:15,338 - sqlalchemy.engine.Engine - INFO - SELECT count(*) AS count_1 
FROM (SELECT execution_steps.id AS execution_steps_id, execution_steps.execution_id AS execution_steps_execution_id, execution_steps.step_num AS execution_steps_step_num, execution_steps.step_text AS execution_steps_step_text, execution_steps.status AS execution_steps_status, execution_steps.selector_used AS execution_steps_selector_used, execution_steps.level_used AS execution_steps_level_used, execution_steps.confidence AS execution_steps_confidence, execution_steps.execution_time AS execution_steps_execution_time, execution_steps.screenshot_before AS execution_steps_screenshot_before, execution_steps.screenshot_after AS execution_steps_screenshot_after, execution_steps.error_message AS execution_steps_error_message, execution_steps.created_at AS execution_steps_created_at 
FROM execution_steps 
WHERE execution_steps.execution_id = %(execution_id_1)s) AS anon_1
2025-11-26 15:00:15,345 - sqlalchemy.engine.Engine - INFO - [cached since 90.56s ago] {'execution_id_1': 'rerun_RBPLCD-8004_20251126_150012'}
2025-11-26 15:00:15,347 - sqlalchemy.engine.Engine - INFO - SELECT count(*) AS count_1 
FROM (SELECT execution_steps.id AS execution_steps_id, execution_steps.execution_id AS execution_steps_execution_id, execution_steps.step_num AS execution_steps_step_num, execution_steps.step_text AS execution_steps_step_text, execution_steps.status AS execution_steps_status, execution_steps.selector_used AS execution_steps_selector_used, execution_steps.level_used AS execution_steps_level_used, execution_steps.confidence AS execution_steps_confidence, execution_steps.execution_time AS execution_steps_execution_time, execution_steps.screenshot_before AS execution_steps_screenshot_before, execution_steps.screenshot_after AS execution_steps_screenshot_after, execution_steps.error_message AS execution_steps_error_message, execution_steps.created_at AS execution_steps_created_at 
FROM execution_steps 
WHERE execution_steps.execution_id = %(execution_id_1)s AND execution_steps.status IN (%(status_1_1)s, %(status_1_2)s)) AS anon_1
2025-11-26 15:00:15,351 - sqlalchemy.engine.Engine - INFO - [cached since 90.55s ago] {'execution_id_1': 'rerun_RBPLCD-8004_20251126_150012', 'status_1_1': 'PASSED', 'status_1_2': 'FAILED'}
2025-11-26 15:00:15,353 - sqlalchemy.engine.Engine - INFO - ROLLBACK
2025-11-26 15:00:22,090 - sqlalchemy.engine.Engine - INFO - BEGIN (implicit)
2025-11-26 15:00:22,095 - sqlalchemy.engine.Engine - INFO - SELECT test_executions.id AS test_executions_id, test_executions.execution_id AS test_executions_execution_id, test_executions.ticket_id AS test_executions_ticket_id, test_executions.project_id AS test_executions_project_id, test_executions.status AS test_executions_status, test_executions.overall_status AS test_executions_overall_status, test_executions.started_at AS test_executions_started_at, test_executions.completed_at AS test_executions_completed_at, test_executions.total_execution_time AS test_executions_total_execution_time, test_executions.report_path AS test_executions_report_path, test_executions.script_path AS test_executions_script_path, test_executions.video_path AS test_executions_video_path, test_executions.error_message AS test_executions_error_message 
FROM test_executions 
WHERE test_executions.execution_id = %(execution_id_1)s 
 LIMIT %(param_1)s
2025-11-26 15:00:22,095 - sqlalchemy.engine.Engine - INFO - [cached since 100.2s ago] {'execution_id_1': 'rerun_RBPLCD-8004_20251126_150012', 'param_1': 1}
2025-11-26 15:00:22,113 - sqlalchemy.engine.Engine - INFO - ROLLBACK
2025-11-26 15:00:29,559 - sqlalchemy.engine.Engine - INFO - BEGIN (implicit)
2025-11-26 15:00:29,559 - sqlalchemy.engine.Engine - INFO - SELECT test_executions.id AS test_executions_id, test_executions.execution_id AS test_executions_execution_id, test_executions.ticket_id AS test_executions_ticket_id, test_executions.project_id AS test_executions_project_id, test_executions.status AS test_executions_status, test_executions.overall_status AS test_executions_overall_status, test_executions.started_at AS test_executions_started_at, test_executions.completed_at AS test_executions_completed_at, test_executions.total_execution_time AS test_executions_total_execution_time, test_executions.report_path AS test_executions_report_path, test_executions.script_path AS test_executions_script_path, test_executions.video_path AS test_executions_video_path, test_executions.error_message AS test_executions_error_message 
FROM test_executions 
WHERE test_executions.execution_id = %(execution_id_1)s 
 LIMIT %(param_1)s
2025-11-26 15:00:29,562 - sqlalchemy.engine.Engine - INFO - [cached since 107.7s ago] {'execution_id_1': 'rerun_RBPLCD-8004_20251126_150012', 'param_1': 1}
2025-11-26 15:00:29,572 - sqlalchemy.engine.Engine - INFO - ROLLBACK
2025-11-26 22:33:55,531 - sqlalchemy.engine.Engine - INFO - BEGIN (implicit)
2025-11-26 22:33:55,548 - sqlalchemy.engine.Engine - INFO - SELECT tickets.id AS tickets_id, tickets.ticket_id AS tickets_ticket_id, tickets.project_id AS tickets_project_id, tickets.title AS tickets_title, tickets.module AS tickets_module, tickets.description AS tickets_description, tickets.acceptance_criteria AS tickets_acceptance_criteria, tickets.file_path AS tickets_file_path, tickets.created_at AS tickets_created_at 
FROM tickets 
WHERE tickets.ticket_id = %(ticket_id_1)s 
 LIMIT %(param_1)s
2025-11-26 22:33:55,548 - sqlalchemy.engine.Engine - INFO - [cached since 2.732e+04s ago] {'ticket_id_1': 'RBPLCD-8002', 'param_1': 1}
2025-11-26 22:33:55,598 - TestAutomationAPI - WARNING - Could not parse steps from ticket file: name 're' is not defined
2025-11-26 22:33:55,620 - sqlalchemy.engine.Engine - INFO - ROLLBACK
2025-11-26 22:33:59,486 - sqlalchemy.engine.Engine - INFO - BEGIN (implicit)
2025-11-26 22:33:59,486 - sqlalchemy.engine.Engine - INFO - SELECT tickets.id AS tickets_id, tickets.ticket_id AS tickets_ticket_id, tickets.project_id AS tickets_project_id, tickets.title AS tickets_title, tickets.module AS tickets_module, tickets.description AS tickets_description, tickets.acceptance_criteria AS tickets_acceptance_criteria, tickets.file_path AS tickets_file_path, tickets.created_at AS tickets_created_at 
FROM tickets 
WHERE tickets.ticket_id = %(ticket_id_1)s 
 LIMIT %(param_1)s
2025-11-26 22:33:59,486 - sqlalchemy.engine.Engine - INFO - [cached since 2.733e+04s ago] {'ticket_id_1': 'RBPLCD-8002', 'param_1': 1}
2025-11-26 22:33:59,526 - sqlalchemy.engine.Engine - INFO - INSERT INTO test_executions (execution_id, ticket_id, project_id, status, overall_status, started_at, completed_at, total_execution_time, report_path, script_path, video_path, error_message) VALUES (%(execution_id)s, %(ticket_id)s, %(project_id)s, %(status)s, %(overall_status)s, %(started_at)s, %(completed_at)s, %(total_execution_time)s, %(report_path)s, %(script_path)s, %(video_path)s, %(error_message)s) RETURNING test_executions.id
2025-11-26 22:33:59,526 - sqlalchemy.engine.Engine - INFO - [cached since 2.732e+04s ago] {'execution_id': 'rerun_RBPLCD-8002_20251126_223359', 'ticket_id': 'RBPLCD-8002', 'project_id': 1, 'status': 'pending', 'overall_status': 'UNKNOWN', 'started_at': datetime.datetime(2025, 11, 26, 22, 33, 59, 514366), 'completed_at': None, 'total_execution_time': None, 'report_path': None, 'script_path': None, 'video_path': None, 'error_message': None}
2025-11-26 22:33:59,534 - sqlalchemy.engine.Engine - INFO - COMMIT
2025-11-26 22:33:59,545 - sqlalchemy.engine.Engine - INFO - BEGIN (implicit)
2025-11-26 22:33:59,550 - sqlalchemy.engine.Engine - INFO - SELECT test_executions.id, test_executions.execution_id, test_executions.ticket_id, test_executions.project_id, test_executions.status, test_executions.overall_status, test_executions.started_at, test_executions.completed_at, test_executions.total_execution_time, test_executions.report_path, test_executions.script_path, test_executions.video_path, test_executions.error_message 
FROM test_executions 
WHERE test_executions.id = %(pk_1)s
2025-11-26 22:33:59,550 - sqlalchemy.engine.Engine - INFO - [cached since 2.732e+04s ago] {'pk_1': 117}
2025-11-26 22:33:59,566 - sqlalchemy.engine.Engine - INFO - SELECT tickets.id AS tickets_id, tickets.ticket_id AS tickets_ticket_id, tickets.project_id AS tickets_project_id, tickets.title AS tickets_title, tickets.module AS tickets_module, tickets.description AS tickets_description, tickets.acceptance_criteria AS tickets_acceptance_criteria, tickets.file_path AS tickets_file_path, tickets.created_at AS tickets_created_at 
FROM tickets 
WHERE tickets.id = %(pk_1)s
2025-11-26 22:33:59,575 - sqlalchemy.engine.Engine - INFO - [cached since 2.732e+04s ago] {'pk_1': 6}
2025-11-26 22:33:59,583 - TestAutomationAPI - INFO - ======================================================================
2025-11-26 22:33:59,585 - TestAutomationAPI - INFO -    Execution ID: rerun_RBPLCD-8002_20251126_223359
2025-11-26 22:33:59,585 - TestAutomationAPI - INFO -    Ticket ID: RBPLCD-8002
2025-11-26 22:33:59,585 - TestAutomationAPI - INFO -    Script: C:\Idea Projects\AI_TEST_17_Nov\AI_Test_Assist\Generated_Scripts\RBPLCD-8002_20251124_150713_test.py
2025-11-26 22:33:59,585 - TestAutomationAPI - INFO -    Started at: 2025-11-26T22:33:59.585462
2025-11-26 22:33:59,585 - TestAutomationAPI - INFO - ======================================================================
2025-11-26 22:33:59,591 - sqlalchemy.engine.Engine - INFO - BEGIN (implicit)
2025-11-26 22:33:59,593 - sqlalchemy.engine.Engine - INFO - SELECT test_executions.id AS test_executions_id, test_executions.execution_id AS test_executions_execution_id, test_executions.ticket_id AS test_executions_ticket_id, test_executions.project_id AS test_executions_project_id, test_executions.status AS test_executions_status, test_executions.overall_status AS test_executions_overall_status, test_executions.started_at AS test_executions_started_at, test_executions.completed_at AS test_executions_completed_at, test_executions.total_execution_time AS test_executions_total_execution_time, test_executions.report_path AS test_executions_report_path, test_executions.script_path AS test_executions_script_path, test_executions.video_path AS test_executions_video_path, test_executions.error_message AS test_executions_error_message 
FROM test_executions 
WHERE test_executions.execution_id = %(execution_id_1)s 
 LIMIT %(param_1)s
2025-11-26 22:33:59,597 - sqlalchemy.engine.Engine - INFO - [cached since 2.732e+04s ago] {'execution_id_1': 'rerun_RBPLCD-8002_20251126_223359', 'param_1': 1}
2025-11-26 22:33:59,600 - sqlalchemy.engine.Engine - INFO - UPDATE test_executions SET status=%(status)s WHERE test_executions.id = %(test_executions_id)s
2025-11-26 22:33:59,600 - sqlalchemy.engine.Engine - INFO - [cached since 2.732e+04s ago] {'status': 'running', 'test_executions_id': 117}
2025-11-26 22:33:59,600 - sqlalchemy.engine.Engine - INFO - COMMIT
2025-11-26 22:33:59,833 - TestAutomationAPI - WARNING - STDERR:
Traceback (most recent call last):
  File "C:\Idea Projects\AI_TEST_17_Nov\AI_Test_Assist\Generated_Scripts\RBPLCD-8002_20251124_150713_test.py", line 8, in <module>
    import pytest
ModuleNotFoundError: No module named 'pytest'

2025-11-26 22:34:00,053 - sqlalchemy.engine.Engine - INFO - BEGIN (implicit)
2025-11-26 22:34:00,053 - sqlalchemy.engine.Engine - INFO - SELECT test_executions.id AS test_executions_id, test_executions.execution_id AS test_executions_execution_id, test_executions.ticket_id AS test_executions_ticket_id, test_executions.project_id AS test_executions_project_id, test_executions.started_at AS test_executions_started_at, test_executions.total_execution_time AS test_executions_total_execution_time 
FROM test_executions 
WHERE test_executions.id = %(pk_1)s
2025-11-26 22:34:00,053 - sqlalchemy.engine.Engine - INFO - [cached since 2.732e+04s ago] {'pk_1': 117}
2025-11-26 22:34:00,063 - sqlalchemy.engine.Engine - INFO - UPDATE test_executions SET status=%(status)s, overall_status=%(overall_status)s, completed_at=%(completed_at)s, report_path=%(report_path)s, script_path=%(script_path)s, video_path=%(video_path)s, error_message=%(error_message)s WHERE test_executions.id = %(test_executions_id)s
2025-11-26 22:34:00,063 - sqlalchemy.engine.Engine - INFO - [cached since 2.732e+04s ago] {'status': 'completed', 'overall_status': 'FAILED', 'completed_at': datetime.datetime(2025, 11, 26, 22, 34, 0, 53305), 'report_path': 'C:\\Users\\ENZ1KOR\\PLCD_TA_Team\\PLCD_TA_Team\\Reports\\RBPLCD-8002_20251124_150713_report.html', 'script_path': 'C:\\Users\\ENZ1KOR\\PLCD_TA_Team\\PLCD_TA_Team\\Generated_Scripts\\RBPLCD-8002_20251124_150713_test.py', 'video_path': 'C:\\Users\\ENZ1KOR\\PLCD_TA_Team\\PLCD_TA_Team\\Videos\\91a71c44a8e77b5cf844ae9853027143.webm', 'error_message': None, 'test_executions_id': 117}
2025-11-26 22:34:00,063 - sqlalchemy.engine.Engine - INFO - COMMIT
2025-11-26 22:34:00,063 - TestAutomationAPI - INFO - ======================================================================
2025-11-26 22:34:00,080 - TestAutomationAPI - INFO -    Execution ID: rerun_RBPLCD-8002_20251126_223359
2025-11-26 22:34:00,080 - TestAutomationAPI - INFO -    Overall Status: FAILED
2025-11-26 22:34:00,097 - TestAutomationAPI - INFO -    Completed at: 2025-11-26T22:34:00.097744
2025-11-26 22:34:00,097 - TestAutomationAPI - INFO - ======================================================================
2025-11-26 22:34:00,112 - TestAutomationAPI - INFO - 
2025-11-26 22:34:00,112 - sqlalchemy.engine.Engine - INFO - ROLLBACK
2025-11-26 22:34:02,592 - sqlalchemy.engine.Engine - INFO - BEGIN (implicit)
2025-11-26 22:34:02,592 - sqlalchemy.engine.Engine - INFO - SELECT test_executions.id AS test_executions_id, test_executions.execution_id AS test_executions_execution_id, test_executions.ticket_id AS test_executions_ticket_id, test_executions.project_id AS test_executions_project_id, test_executions.status AS test_executions_status, test_executions.overall_status AS test_executions_overall_status, test_executions.started_at AS test_executions_started_at, test_executions.completed_at AS test_executions_completed_at, test_executions.total_execution_time AS test_executions_total_execution_time, test_executions.report_path AS test_executions_report_path, test_executions.script_path AS test_executions_script_path, test_executions.video_path AS test_executions_video_path, test_executions.error_message AS test_executions_error_message 
FROM test_executions 
WHERE test_executions.execution_id = %(execution_id_1)s 
 LIMIT %(param_1)s
2025-11-26 22:34:02,592 - sqlalchemy.engine.Engine - INFO - [cached since 2.732e+04s ago] {'execution_id_1': 'rerun_RBPLCD-8002_20251126_223359', 'param_1': 1}
2025-11-26 22:34:02,609 - sqlalchemy.engine.Engine - INFO - SELECT count(*) AS count_1 
FROM (SELECT execution_steps.id AS execution_steps_id, execution_steps.execution_id AS execution_steps_execution_id, execution_steps.step_num AS execution_steps_step_num, execution_steps.step_text AS execution_steps_step_text, execution_steps.status AS execution_steps_status, execution_steps.selector_used AS execution_steps_selector_used, execution_steps.level_used AS execution_steps_level_used, execution_steps.confidence AS execution_steps_confidence, execution_steps.execution_time AS execution_steps_execution_time, execution_steps.screenshot_before AS execution_steps_screenshot_before, execution_steps.screenshot_after AS execution_steps_screenshot_after, execution_steps.error_message AS execution_steps_error_message, execution_steps.created_at AS execution_steps_created_at 
FROM execution_steps 
WHERE execution_steps.execution_id = %(execution_id_1)s) AS anon_1
2025-11-26 22:34:02,609 - sqlalchemy.engine.Engine - INFO - [cached since 2.732e+04s ago] {'execution_id_1': 'rerun_RBPLCD-8002_20251126_223359'}
2025-11-26 22:34:02,609 - sqlalchemy.engine.Engine - INFO - SELECT count(*) AS count_1 
FROM (SELECT execution_steps.id AS execution_steps_id, execution_steps.execution_id AS execution_steps_execution_id, execution_steps.step_num AS execution_steps_step_num, execution_steps.step_text AS execution_steps_step_text, execution_steps.status AS execution_steps_status, execution_steps.selector_used AS execution_steps_selector_used, execution_steps.level_used AS execution_steps_level_used, execution_steps.confidence AS execution_steps_confidence, execution_steps.execution_time AS execution_steps_execution_time, execution_steps.screenshot_before AS execution_steps_screenshot_before, execution_steps.screenshot_after AS execution_steps_screenshot_after, execution_steps.error_message AS execution_steps_error_message, execution_steps.created_at AS execution_steps_created_at 
FROM execution_steps 
WHERE execution_steps.execution_id = %(execution_id_1)s AND execution_steps.status IN (%(status_1_1)s, %(status_1_2)s)) AS anon_1
2025-11-26 22:34:02,619 - sqlalchemy.engine.Engine - INFO - [cached since 2.732e+04s ago] {'execution_id_1': 'rerun_RBPLCD-8002_20251126_223359', 'status_1_1': 'PASSED', 'status_1_2': 'FAILED'}
2025-11-26 22:34:02,643 - sqlalchemy.engine.Engine - INFO - ROLLBACK
2025-11-26 22:38:13,049 - sqlalchemy.engine.Engine - INFO - BEGIN (implicit)
2025-11-26 22:38:13,049 - sqlalchemy.engine.Engine - INFO - SELECT tickets.id AS tickets_id, tickets.ticket_id AS tickets_ticket_id, tickets.project_id AS tickets_project_id, tickets.title AS tickets_title, tickets.module AS tickets_module, tickets.description AS tickets_description, tickets.acceptance_criteria AS tickets_acceptance_criteria, tickets.file_path AS tickets_file_path, tickets.created_at AS tickets_created_at 
FROM tickets 
WHERE tickets.ticket_id = %(ticket_id_1)s 
 LIMIT %(param_1)s
2025-11-26 22:38:13,049 - sqlalchemy.engine.Engine - INFO - [cached since 2.758e+04s ago] {'ticket_id_1': 'RBPLCD-8004', 'param_1': 1}
2025-11-26 22:38:13,082 - TestAutomationAPI - WARNING - Could not parse steps from ticket file: name 're' is not defined
2025-11-26 22:38:13,082 - sqlalchemy.engine.Engine - INFO - ROLLBACK
2025-11-26 22:38:14,544 - sqlalchemy.engine.Engine - INFO - BEGIN (implicit)
2025-11-26 22:38:14,545 - sqlalchemy.engine.Engine - INFO - SELECT tickets.id AS tickets_id, tickets.ticket_id AS tickets_ticket_id, tickets.project_id AS tickets_project_id, tickets.title AS tickets_title, tickets.module AS tickets_module, tickets.description AS tickets_description, tickets.acceptance_criteria AS tickets_acceptance_criteria, tickets.file_path AS tickets_file_path, tickets.created_at AS tickets_created_at 
FROM tickets 
WHERE tickets.ticket_id = %(ticket_id_1)s 
 LIMIT %(param_1)s
2025-11-26 22:38:14,548 - sqlalchemy.engine.Engine - INFO - [cached since 2.758e+04s ago] {'ticket_id_1': 'RBPLCD-8004', 'param_1': 1}
2025-11-26 22:38:14,569 - sqlalchemy.engine.Engine - INFO - INSERT INTO test_executions (execution_id, ticket_id, project_id, status, overall_status, started_at, completed_at, total_execution_time, report_path, script_path, video_path, error_message) VALUES (%(execution_id)s, %(ticket_id)s, %(project_id)s, %(status)s, %(overall_status)s, %(started_at)s, %(completed_at)s, %(total_execution_time)s, %(report_path)s, %(script_path)s, %(video_path)s, %(error_message)s) RETURNING test_executions.id
2025-11-26 22:38:14,569 - sqlalchemy.engine.Engine - INFO - [cached since 2.757e+04s ago] {'execution_id': 'rerun_RBPLCD-8004_20251126_223814', 'ticket_id': 'RBPLCD-8004', 'project_id': 1, 'status': 'pending', 'overall_status': 'UNKNOWN', 'started_at': datetime.datetime(2025, 11, 26, 22, 38, 14, 562329), 'completed_at': None, 'total_execution_time': None, 'report_path': None, 'script_path': None, 'video_path': None, 'error_message': None}
2025-11-26 22:38:14,575 - sqlalchemy.engine.Engine - INFO - COMMIT
2025-11-26 22:38:14,576 - sqlalchemy.engine.Engine - INFO - BEGIN (implicit)
2025-11-26 22:38:14,576 - sqlalchemy.engine.Engine - INFO - SELECT test_executions.id, test_executions.execution_id, test_executions.ticket_id, test_executions.project_id, test_executions.status, test_executions.overall_status, test_executions.started_at, test_executions.completed_at, test_executions.total_execution_time, test_executions.report_path, test_executions.script_path, test_executions.video_path, test_executions.error_message 
FROM test_executions 
WHERE test_executions.id = %(pk_1)s
2025-11-26 22:38:14,576 - sqlalchemy.engine.Engine - INFO - [cached since 2.757e+04s ago] {'pk_1': 118}
2025-11-26 22:38:14,602 - sqlalchemy.engine.Engine - INFO - SELECT tickets.id AS tickets_id, tickets.ticket_id AS tickets_ticket_id, tickets.project_id AS tickets_project_id, tickets.title AS tickets_title, tickets.module AS tickets_module, tickets.description AS tickets_description, tickets.acceptance_criteria AS tickets_acceptance_criteria, tickets.file_path AS tickets_file_path, tickets.created_at AS tickets_created_at 
FROM tickets 
WHERE tickets.id = %(pk_1)s
2025-11-26 22:38:14,603 - sqlalchemy.engine.Engine - INFO - [cached since 2.757e+04s ago] {'pk_1': 7}
2025-11-26 22:38:14,609 - TestAutomationAPI - INFO - ======================================================================
2025-11-26 22:38:14,611 - TestAutomationAPI - INFO -    Execution ID: rerun_RBPLCD-8004_20251126_223814
2025-11-26 22:38:14,614 - TestAutomationAPI - INFO -    Ticket ID: RBPLCD-8004
2025-11-26 22:38:14,614 - TestAutomationAPI - INFO -    Script: C:\Idea Projects\AI_TEST_17_Nov\AI_Test_Assist\Generated_Scripts\RBPLCD-8004_20251124_151939_test.py
2025-11-26 22:38:14,614 - TestAutomationAPI - INFO -    Started at: 2025-11-26T22:38:14.614750
2025-11-26 22:38:14,614 - TestAutomationAPI - INFO - ======================================================================
2025-11-26 22:38:14,617 - sqlalchemy.engine.Engine - INFO - BEGIN (implicit)
2025-11-26 22:38:14,617 - sqlalchemy.engine.Engine - INFO - SELECT test_executions.id AS test_executions_id, test_executions.execution_id AS test_executions_execution_id, test_executions.ticket_id AS test_executions_ticket_id, test_executions.project_id AS test_executions_project_id, test_executions.status AS test_executions_status, test_executions.overall_status AS test_executions_overall_status, test_executions.started_at AS test_executions_started_at, test_executions.completed_at AS test_executions_completed_at, test_executions.total_execution_time AS test_executions_total_execution_time, test_executions.report_path AS test_executions_report_path, test_executions.script_path AS test_executions_script_path, test_executions.video_path AS test_executions_video_path, test_executions.error_message AS test_executions_error_message 
FROM test_executions 
WHERE test_executions.execution_id = %(execution_id_1)s 
 LIMIT %(param_1)s
2025-11-26 22:38:14,617 - sqlalchemy.engine.Engine - INFO - [cached since 2.757e+04s ago] {'execution_id_1': 'rerun_RBPLCD-8004_20251126_223814', 'param_1': 1}
2025-11-26 22:38:14,625 - sqlalchemy.engine.Engine - INFO - UPDATE test_executions SET status=%(status)s WHERE test_executions.id = %(test_executions_id)s
2025-11-26 22:38:14,627 - sqlalchemy.engine.Engine - INFO - [cached since 2.757e+04s ago] {'status': 'running', 'test_executions_id': 118}
2025-11-26 22:38:14,628 - sqlalchemy.engine.Engine - INFO - COMMIT
2025-11-26 22:38:14,858 - TestAutomationAPI - WARNING - STDERR:
Traceback (most recent call last):
  File "C:\Idea Projects\AI_TEST_17_Nov\AI_Test_Assist\Generated_Scripts\RBPLCD-8004_20251124_151939_test.py", line 8, in <module>
    import pytest
ModuleNotFoundError: No module named 'pytest'

2025-11-26 22:38:14,927 - sqlalchemy.engine.Engine - INFO - BEGIN (implicit)
2025-11-26 22:38:14,941 - sqlalchemy.engine.Engine - INFO - SELECT test_executions.id AS test_executions_id, test_executions.execution_id AS test_executions_execution_id, test_executions.ticket_id AS test_executions_ticket_id, test_executions.project_id AS test_executions_project_id, test_executions.started_at AS test_executions_started_at, test_executions.total_execution_time AS test_executions_total_execution_time 
FROM test_executions 
WHERE test_executions.id = %(pk_1)s
2025-11-26 22:38:14,941 - sqlalchemy.engine.Engine - INFO - [cached since 2.757e+04s ago] {'pk_1': 118}
2025-11-26 22:38:14,945 - sqlalchemy.engine.Engine - INFO - UPDATE test_executions SET status=%(status)s, overall_status=%(overall_status)s, completed_at=%(completed_at)s, report_path=%(report_path)s, script_path=%(script_path)s, video_path=%(video_path)s, error_message=%(error_message)s WHERE test_executions.id = %(test_executions_id)s
2025-11-26 22:38:14,947 - sqlalchemy.engine.Engine - INFO - [cached since 2.757e+04s ago] {'status': 'completed', 'overall_status': 'FAILED', 'completed_at': datetime.datetime(2025, 11, 26, 22, 38, 14, 927851), 'report_path': 'C:\\Users\\ENZ1KOR\\PLCD_TA_Team\\PLCD_TA_Team\\Reports\\RBPLCD-8004_20251124_151939_report.html', 'script_path': 'C:\\Users\\ENZ1KOR\\PLCD_TA_Team\\PLCD_TA_Team\\Generated_Scripts\\RBPLCD-8004_20251124_151939_test.py', 'video_path': 'C:\\Users\\ENZ1KOR\\PLCD_TA_Team\\PLCD_TA_Team\\Videos\\91a71c44a8e77b5cf844ae9853027143.webm', 'error_message': None, 'test_executions_id': 118}
2025-11-26 22:38:14,949 - sqlalchemy.engine.Engine - INFO - COMMIT
2025-11-26 22:38:14,949 - TestAutomationAPI - INFO - ======================================================================
2025-11-26 22:38:14,961 - TestAutomationAPI - INFO -    Execution ID: rerun_RBPLCD-8004_20251126_223814
2025-11-26 22:38:14,962 - TestAutomationAPI - INFO -    Overall Status: FAILED
2025-11-26 22:38:14,978 - TestAutomationAPI - INFO -    Completed at: 2025-11-26T22:38:14.978105
2025-11-26 22:38:14,978 - TestAutomationAPI - INFO - ======================================================================
2025-11-26 22:38:14,987 - TestAutomationAPI - INFO - 
2025-11-26 22:38:14,989 - sqlalchemy.engine.Engine - INFO - ROLLBACK
2025-11-26 22:38:17,628 - sqlalchemy.engine.Engine - INFO - BEGIN (implicit)
2025-11-26 22:38:17,628 - sqlalchemy.engine.Engine - INFO - SELECT test_executions.id AS test_executions_id, test_executions.execution_id AS test_executions_execution_id, test_executions.ticket_id AS test_executions_ticket_id, test_executions.project_id AS test_executions_project_id, test_executions.status AS test_executions_status, test_executions.overall_status AS test_executions_overall_status, test_executions.started_at AS test_executions_started_at, test_executions.completed_at AS test_executions_completed_at, test_executions.total_execution_time AS test_executions_total_execution_time, test_executions.report_path AS test_executions_report_path, test_executions.script_path AS test_executions_script_path, test_executions.video_path AS test_executions_video_path, test_executions.error_message AS test_executions_error_message 
FROM test_executions 
WHERE test_executions.execution_id = %(execution_id_1)s 
 LIMIT %(param_1)s
2025-11-26 22:38:17,635 - sqlalchemy.engine.Engine - INFO - [cached since 2.757e+04s ago] {'execution_id_1': 'rerun_RBPLCD-8004_20251126_223814', 'param_1': 1}
2025-11-26 22:38:17,639 - sqlalchemy.engine.Engine - INFO - SELECT count(*) AS count_1 
FROM (SELECT execution_steps.id AS execution_steps_id, execution_steps.execution_id AS execution_steps_execution_id, execution_steps.step_num AS execution_steps_step_num, execution_steps.step_text AS execution_steps_step_text, execution_steps.status AS execution_steps_status, execution_steps.selector_used AS execution_steps_selector_used, execution_steps.level_used AS execution_steps_level_used, execution_steps.confidence AS execution_steps_confidence, execution_steps.execution_time AS execution_steps_execution_time, execution_steps.screenshot_before AS execution_steps_screenshot_before, execution_steps.screenshot_after AS execution_steps_screenshot_after, execution_steps.error_message AS execution_steps_error_message, execution_steps.created_at AS execution_steps_created_at 
FROM execution_steps 
WHERE execution_steps.execution_id = %(execution_id_1)s) AS anon_1
2025-11-26 22:38:17,647 - sqlalchemy.engine.Engine - INFO - [cached since 2.757e+04s ago] {'execution_id_1': 'rerun_RBPLCD-8004_20251126_223814'}
2025-11-26 22:38:17,651 - sqlalchemy.engine.Engine - INFO - SELECT count(*) AS count_1 
FROM (SELECT execution_steps.id AS execution_steps_id, execution_steps.execution_id AS execution_steps_execution_id, execution_steps.step_num AS execution_steps_step_num, execution_steps.step_text AS execution_steps_step_text, execution_steps.status AS execution_steps_status, execution_steps.selector_used AS execution_steps_selector_used, execution_steps.level_used AS execution_steps_level_used, execution_steps.confidence AS execution_steps_confidence, execution_steps.execution_time AS execution_steps_execution_time, execution_steps.screenshot_before AS execution_steps_screenshot_before, execution_steps.screenshot_after AS execution_steps_screenshot_after, execution_steps.error_message AS execution_steps_error_message, execution_steps.created_at AS execution_steps_created_at 
FROM execution_steps 
WHERE execution_steps.execution_id = %(execution_id_1)s AND execution_steps.status IN (%(status_1_1)s, %(status_1_2)s)) AS anon_1
2025-11-26 22:38:17,656 - sqlalchemy.engine.Engine - INFO - [cached since 2.757e+04s ago] {'execution_id_1': 'rerun_RBPLCD-8004_20251126_223814', 'status_1_1': 'PASSED', 'status_1_2': 'FAILED'}
2025-11-26 22:38:17,659 - sqlalchemy.engine.Engine - INFO - ROLLBACK
